C:\Users\lraff\Documents\MCUXpressoIDE_11.5.1_7266\workspace\Prueba_acelerometro_2\CMSIS/core_cm0plus.h:741:22:__NVIC_EnableIRQ	16	static
C:\Users\lraff\Documents\MCUXpressoIDE_11.5.1_7266\workspace\Prueba_acelerometro_2\CMSIS/core_cm0plus.h:850:22:__NVIC_SetPriority	24	static
C:\Users\lraff\Documents\MCUXpressoIDE_11.5.1_7266\workspace\Prueba_acelerometro_2\drivers/fsl_port.h:243:20:PORT_SetPinConfig	32	static
C:\Users\lraff\Documents\MCUXpressoIDE_11.5.1_7266\workspace\Prueba_acelerometro_2\drivers/fsl_port.h:416:20:PORT_SetPinInterruptConfig	24	static
C:\Users\lraff\Documents\MCUXpressoIDE_11.5.1_7266\workspace\Prueba_acelerometro_2\drivers/fsl_port.h:463:20:PORT_ClearPinsInterruptFlags	16	static
../source/mma8451.c:140:16:mma8451_read_reg	56	static
../source/mma8451.c:159:13:mma8451_write_reg	48	static
../source/mma8451.c:182:13:config_port_int1	16	static
../source/mma8451.c:213:6:mma8451_init	32	static
../source/mma8451.c:261:6:mma8451_setDataRate	32	static
../source/mma8451.c:284:9:mma8451_getAcX	8	static
../source/mma8451.c:289:9:mma8451_getAcY	8	static
../source/mma8451.c:294:9:mma8451_getAcZ	8	static
../source/mma8451.c:299:6:PORTC_PORTD_IRQHandler	32	static
