Archive member included to satisfy reference by file (symbol)

c:/nxp/mcuxpressoide_11.5.1_7266/ide/plugins/com.nxp.mcuxpresso.tools.win32_11.5.1.202201181444/tools/bin/../lib/gcc/arm-none-eabi/10.3.1/../../../../arm-none-eabi/lib/thumb/v6-m/nofp\libcr_semihost_nf.a(_cr__main.o)
                              ./startup/startup_mkl43z4.o (__main)
c:/nxp/mcuxpressoide_11.5.1_7266/ide/plugins/com.nxp.mcuxpresso.tools.win32_11.5.1.202201181444/tools/bin/../lib/gcc/arm-none-eabi/10.3.1/../../../../arm-none-eabi/lib/thumb/v6-m/nofp\libcr_semihost_nf.a(_cr_assert.o)
                              ./utilities/fsl_debug_console.o (__assertion_failed)
c:/nxp/mcuxpressoide_11.5.1_7266/ide/plugins/com.nxp.mcuxpresso.tools.win32_11.5.1.202201181444/tools/bin/../lib/gcc/arm-none-eabi/10.3.1/../../../../arm-none-eabi/lib/thumb/v6-m/nofp\libcr_semihost_nf.a(__ciob.o)
                              c:/nxp/mcuxpressoide_11.5.1_7266/ide/plugins/com.nxp.mcuxpresso.tools.win32_11.5.1.202201181444/tools/bin/../lib/gcc/arm-none-eabi/10.3.1/../../../../arm-none-eabi/lib/thumb/v6-m/nofp\libcr_semihost_nf.a(_cr_assert.o) (__Ciob)
c:/nxp/mcuxpressoide_11.5.1_7266/ide/plugins/com.nxp.mcuxpresso.tools.win32_11.5.1.202201181444/tools/bin/../lib/gcc/arm-none-eabi/10.3.1/../../../../arm-none-eabi/lib/thumb/v6-m/nofp\libcr_semihost_nf.a(__sys_appexit.o)
                              c:/nxp/mcuxpressoide_11.5.1_7266/ide/plugins/com.nxp.mcuxpresso.tools.win32_11.5.1.202201181444/tools/bin/../lib/gcc/arm-none-eabi/10.3.1/../../../../arm-none-eabi/lib/thumb/v6-m/nofp\libcr_semihost_nf.a(_cr_assert.o) (__sys_appexit)
c:/nxp/mcuxpressoide_11.5.1_7266/ide/plugins/com.nxp.mcuxpresso.tools.win32_11.5.1.202201181444/tools/bin/../lib/gcc/arm-none-eabi/10.3.1/../../../../arm-none-eabi/lib/thumb/v6-m/nofp\libcr_c.a(memcpy.o)
                              ./utilities/fsl_str.o (memcpy)
c:/nxp/mcuxpressoide_11.5.1_7266/ide/plugins/com.nxp.mcuxpresso.tools.win32_11.5.1.202201181444/tools/bin/../lib/gcc/arm-none-eabi/10.3.1/../../../../arm-none-eabi/lib/thumb/v6-m/nofp\libcr_c.a(memset.o)
                              ./drivers/fsl_dma.o (memset)
c:/nxp/mcuxpressoide_11.5.1_7266/ide/plugins/com.nxp.mcuxpresso.tools.win32_11.5.1.202201181444/tools/bin/../lib/gcc/arm-none-eabi/10.3.1/../../../../arm-none-eabi/lib/thumb/v6-m/nofp\libcr_c.a(_deferredlazyseek.o)
                              c:/nxp/mcuxpressoide_11.5.1_7266/ide/plugins/com.nxp.mcuxpresso.tools.win32_11.5.1.202201181444/tools/bin/../lib/gcc/arm-none-eabi/10.3.1/../../../../arm-none-eabi/lib/thumb/v6-m/nofp\libcr_semihost_nf.a(_cr_assert.o) (__flsbuf)
c:/nxp/mcuxpressoide_11.5.1_7266/ide/plugins/com.nxp.mcuxpresso.tools.win32_11.5.1.202201181444/tools/bin/../lib/gcc/arm-none-eabi/10.3.1/../../../../arm-none-eabi/lib/thumb/v6-m/nofp\libcr_c.a(_fflush.o)
                              c:/nxp/mcuxpressoide_11.5.1_7266/ide/plugins/com.nxp.mcuxpresso.tools.win32_11.5.1.202201181444/tools/bin/../lib/gcc/arm-none-eabi/10.3.1/../../../../arm-none-eabi/lib/thumb/v6-m/nofp\libcr_c.a(_deferredlazyseek.o) (_fflush)
c:/nxp/mcuxpressoide_11.5.1_7266/ide/plugins/com.nxp.mcuxpresso.tools.win32_11.5.1.202201181444/tools/bin/../lib/gcc/arm-none-eabi/10.3.1/../../../../arm-none-eabi/lib/thumb/v6-m/nofp\libcr_c.a(_writebuf.o)
                              c:/nxp/mcuxpressoide_11.5.1_7266/ide/plugins/com.nxp.mcuxpresso.tools.win32_11.5.1.202201181444/tools/bin/../lib/gcc/arm-none-eabi/10.3.1/../../../../arm-none-eabi/lib/thumb/v6-m/nofp\libcr_c.a(_deferredlazyseek.o) (_Cwritebuf)
c:/nxp/mcuxpressoide_11.5.1_7266/ide/plugins/com.nxp.mcuxpresso.tools.win32_11.5.1.202201181444/tools/bin/../lib/gcc/arm-none-eabi/10.3.1/../../../../arm-none-eabi/lib/thumb/v6-m/nofp\libcr_c.a(alloc.o)
                              ./drivers/fsl_common.o (malloc)
c:/nxp/mcuxpressoide_11.5.1_7266/ide/plugins/com.nxp.mcuxpresso.tools.win32_11.5.1.202201181444/tools/bin/../lib/gcc/arm-none-eabi/10.3.1/../../../../arm-none-eabi/lib/thumb/v6-m/nofp\libcr_c.a(fputs.o)
                              c:/nxp/mcuxpressoide_11.5.1_7266/ide/plugins/com.nxp.mcuxpresso.tools.win32_11.5.1.202201181444/tools/bin/../lib/gcc/arm-none-eabi/10.3.1/../../../../arm-none-eabi/lib/thumb/v6-m/nofp\libcr_semihost_nf.a(_cr_assert.o) (fputs)
c:/nxp/mcuxpressoide_11.5.1_7266/ide/plugins/com.nxp.mcuxpresso.tools.win32_11.5.1.202201181444/tools/bin/../lib/gcc/arm-none-eabi/10.3.1/../../../../arm-none-eabi/lib/thumb/v6-m/nofp\libcr_c.a(fseek.o)
                              c:/nxp/mcuxpressoide_11.5.1_7266/ide/plugins/com.nxp.mcuxpresso.tools.win32_11.5.1.202201181444/tools/bin/../lib/gcc/arm-none-eabi/10.3.1/../../../../arm-none-eabi/lib/thumb/v6-m/nofp\libcr_c.a(_deferredlazyseek.o) (fseek)
c:/nxp/mcuxpressoide_11.5.1_7266/ide/plugins/com.nxp.mcuxpresso.tools.win32_11.5.1.202201181444/tools/bin/../lib/gcc/arm-none-eabi/10.3.1/../../../../arm-none-eabi/lib/thumb/v6-m/nofp\libcr_c.a(ftell.o)
[...]
Memory Configuration

Name             Origin             Length             Attributes
PROGRAM_FLASH    0x00000000         0x00040000         xr
SRAM             0x1fffe000         0x00008000         xrw
*default*        0x00000000         0xffffffff

Linker script and memory map

LOAD ./utilities/fsl_debug_console.o
LOAD ./utilities/fsl_str.o
LOAD ./startup/startup_mkl43z4.o
LOAD ./source/SD2_board.o
LOAD ./source/ejemplo_clock.o
LOAD ./source/key.o
LOAD ./source/mtb.o
LOAD ./source/power_mode_switch.o
LOAD ./source/semihost_hardfault.o
LOAD ./drivers/fsl_clock.o
LOAD ./drivers/fsl_common.o
LOAD ./drivers/fsl_dma.o
LOAD ./drivers/fsl_dmamux.o
LOAD ./drivers/fsl_flexio.o
LOAD ./drivers/fsl_flexio_i2c_master.o
LOAD ./drivers/fsl_flexio_spi.o
LOAD ./drivers/fsl_flexio_spi_dma.o
LOAD ./drivers/fsl_gpio.o
LOAD ./drivers/fsl_i2c.o
LOAD ./drivers/fsl_i2c_dma.o
LOAD ./drivers/fsl_lpuart.o
LOAD ./drivers/fsl_smc.o
LOAD ./drivers/fsl_spi.o
LOAD ./drivers/fsl_spi_dma.o
LOAD ./drivers/fsl_uart.o
LOAD ./device/system_MKL43Z4.o
LOAD ./component/uart/lpuart_adapter.o
LOAD ./component/serial_manager/serial_manager.o
LOAD ./component/serial_manager/serial_port_uart.o
LOAD ./component/lists/generic_list.o
LOAD ./board/board.o
LOAD ./board/clock_config.o
LOAD ./board/peripherals.o
LOAD ./board/pin_mux.o
START GROUP
LOAD c:/nxp/mcuxpressoide_11.5.1_7266/ide/plugins/com.nxp.mcuxpresso.tools.win32_11.5.1.202201181444/tools/bin/../lib/gcc/arm-none-eabi/10.3.1/../../../../arm-none-eabi/lib/thumb/v6-m/nofp\libcr_semihost_nf.a
LOAD c:/nxp/mcuxpressoide_11.5.1_7266/ide/plugins/com.nxp.mcuxpresso.tools.win32_11.5.1.202201181444/tools/bin/../lib/gcc/arm-none-eabi/10.3.1/../../../../arm-none-eabi/lib/thumb/v6-m/nofp\libcr_c.a
LOAD c:/nxp/mcuxpressoide_11.5.1_7266/ide/plugins/com.nxp.mcuxpresso.tools.win32_11.5.1.202201181444/tools/bin/../lib/gcc/arm-none-eabi/10.3.1/thumb/v6-m/nofp\libcr_eabihelpers.a
LOAD c:/nxp/mcuxpressoide_11.5.1_7266/ide/plugins/com.nxp.mcuxpresso.tools.win32_11.5.1.202201181444/tools/bin/../lib/gcc/arm-none-eabi/10.3.1/thumb/v6-m/nofp\libgcc.a
END GROUP
                0x00000000                __base_PROGRAM_FLASH = 0x0
                0x00000000                __base_Flash = 0x0
                0x00040000                __top_PROGRAM_FLASH = 0x40000
                0x00040000                __top_Flash = 0x40000
                0x1fffe000                __base_SRAM = 0x1fffe000
                0x1fffe000                __base_RAM = 0x1fffe000
                0x20006000                __top_SRAM = 0x20006000
                0x20006000                __top_RAM = 0x20006000

.text           0x00000000     0x3698
 FILL mask 0xff
                0x00000000                __vectors_start__ = ABSOLUTE (.)
 *(SORT_BY_ALIGNMENT(.isr_vector))
 .isr_vector    0x00000000       0xc0 ./startup/startup_mkl43z4.o
                0x00000000                g_pfnVectors
                0x00000000                __Vectors
                0x000000c0                . = ALIGN (0x4)
                0x000000c0                __section_table_start = .
                0x000000c0                __data_section_table = .
                0x000000c0        0x4 LONG 0x3698 LOADADDR (.data)
                0x000000c4        0x4 LONG 0x1fffe080 ADDR (.data)
                0x000000c8        0x4 LONG 0x1c SIZEOF (.data)
                0x000000cc                __data_section_table_end = .
                0x000000cc                __bss_section_table = .
                0x000000cc        0x4 LONG 0x1fffe09c ADDR (.bss)
                0x000000d0        0x4 LONG 0x12c SIZEOF (.bss)
                0x000000d4                __bss_section_table_end = .
                0x000000d4                __section_table_end = .
 *(SORT_BY_ALIGNMENT(.after_vectors*))
 .after_vectors.reset
                0x000000d4       0x4c ./startup/startup_mkl43z4.o
                0x000000d4                ResetISR
 .after_vectors.init_data
                0x00000120       0x12 ./startup/startup_mkl43z4.o
                0x00000120                data_init
 .after_vectors.init_bss
                0x00000132       0x10 ./startup/startup_mkl43z4.o
                0x00000132                bss_init
 .after_vectors
                0x00000142      0x10c ./startup/startup_mkl43z4.o
                0x00000142                NMI_Handler
                0x00000146                SVC_Handler
                0x00000148                PendSV_Handler
                0x0000014c                LPTMR0_DriverIRQHandler
                0x0000014c                PORTC_PORTD_DriverIRQHandler
                0x0000014c                Reserved42_DriverIRQHandler
                0x0000014c                Reserved43_DriverIRQHandler
                0x0000014c                PIT_DriverIRQHandler
                0x0000014c                CMP0_DriverIRQHandler
                0x0000014c                ADC0_DriverIRQHandler
                0x0000014c                I2S0_DriverIRQHandler
                0x0000014c                DAC0_DriverIRQHandler
                0x0000014c                TPM2_DriverIRQHandler
                0x0000014c                PMC_DriverIRQHandler
                0x0000014c                LCD_DriverIRQHandler
                0x0000014c                RTC_DriverIRQHandler
                0x0000014c                RTC_Seconds_DriverIRQHandler
                0x0000014c                LLWU_DriverIRQHandler
                0x0000014c                TPM1_DriverIRQHandler
                0x0000014c                PORTA_DriverIRQHandler
                0x0000014c                Reserved20_DriverIRQHandler
                0x0000014c                FTFA_DriverIRQHandler
                0x0000014c                IntDefaultHandler
                0x0000014c                USB0_DriverIRQHandler
                0x0000014c                TPM0_DriverIRQHandler
                0x0000014e                DMA0_IRQHandler
                0x00000156                DMA1_IRQHandler
                0x0000015e                DMA2_IRQHandler
                0x00000166                DMA3_IRQHandler
                0x0000016e                Reserved20_IRQHandler
                0x00000176                FTFA_IRQHandler
                0x0000017e                PMC_IRQHandler
                0x00000186                LLWU_IRQHandler
                0x0000018e                I2C0_IRQHandler
                0x00000196                I2C1_IRQHandler
                0x0000019e                SPI0_IRQHandler
                0x000001a6                SPI1_IRQHandler
                0x000001ae                LPUART0_IRQHandler
                0x000001b6                LPUART1_IRQHandler
                0x000001be                UART2_FLEXIO_IRQHandler
                0x000001c6                ADC0_IRQHandler
                0x000001ce                CMP0_IRQHandler
                0x000001d6                TPM0_IRQHandler
                0x000001de                TPM1_IRQHandler
                0x000001e6                TPM2_IRQHandler
                0x000001ee                RTC_IRQHandler
                0x000001f6                RTC_Seconds_IRQHandler
                0x000001fe                PIT_IRQHandler
                0x00000206                I2S0_IRQHandler
                0x0000020e                USB0_IRQHandler
                0x00000216                DAC0_IRQHandler
                0x0000021e                Reserved42_IRQHandler
                0x00000226                Reserved43_IRQHandler
                0x0000022e                LPTMR0_IRQHandler
                0x00000236                LCD_IRQHandler
                0x0000023e                PORTA_IRQHandler
                0x00000246                PORTC_PORTD_IRQHandler
                0x00000400                . = 0x400
 *fill*         0x0000024e      0x1b2 ff
                0x00000400                PROVIDE (__FLASH_CONFIG_START__ = .)
 *(SORT_BY_ALIGNMENT(.FlashConfig))
 .FlashConfig   0x00000400       0x10 ./startup/startup_mkl43z4.o
                0x00000400                Flash_Config
                0x00000410                PROVIDE (__FLASH_CONFIG_END__ = .)
                0x00000001                ASSERT (! ((__FLASH_CONFIG_START__ == __FLASH_CONFIG_END__)), Linker Flash Config Support Enabled, but no .FlashConfig section provided within application)
 *(SORT_BY_ALIGNMENT(.text*))
 .text.CLOCK_EnableClock
                0x00000410       0x34 ./source/SD2_board.o
 .text.PORT_SetPinConfig
                0x00000444       0x38 ./source/SD2_board.o
 .text.board_init
                0x0000047c      0x18c ./source/SD2_board.o
                0x0000047c                board_init
 .text.board_setLed
                0x00000608       0xd8 ./source/SD2_board.o
                0x00000608                board_setLed
 .text.board_getSw
                0x000006e0       0x50 ./source/SD2_board.o
                0x000006e0                board_getSw
 .text.__NVIC_SetPriority
                0x00000730       0xdc ./source/ejemplo_clock.o
 .text.SysTick_Config
                0x0000080c       0x48 ./source/ejemplo_clock.o
 .text.main     0x00000854      0x180 ./source/ejemplo_clock.o
                0x00000854                main
 .text.SysTick_Handler
                0x000009d4       0x24 ./source/ejemplo_clock.o
                0x000009d4                SysTick_Handler
 .text.key_init
                0x000009f8       0x40 ./source/key.o
                0x000009f8                key_init
 .text.key_getPressEv
                0x00000a38       0x44 ./source/key.o
                0x00000a38                key_getPressEv
 .text.key_periodicTask1ms
                0x00000a7c       0x98 ./source/key.o
                0x00000a7c                key_periodicTask1ms
 .text.CLOCK_SetSimSafeDivs
                0x00000b14       0x20 ./source/power_mode_switch.o
 .text.APP_SetClockRunFromVlpr
                0x00000b34       0x44 ./source/power_mode_switch.o
                0x00000b34                APP_SetClockRunFromVlpr
 .text.APP_SetClockVlpr
                0x00000b78       0x44 ./source/power_mode_switch.o
                0x00000b78                APP_SetClockVlpr
 .text.APP_ShowPowerMode
                0x00000bbc       0x4c ./source/power_mode_switch.o
                0x00000bbc                APP_ShowPowerMode
 .text.APP_PowerModeSwitch
                0x00000c08      0x14c ./source/power_mode_switch.o
                0x00000c08                APP_PowerModeSwitch
 .text.HardFault_Handler
                0x00000d54       0x30 ./source/semihost_hardfault.o
                0x00000d54                HardFault_Handler
 .text.CLOCK_SetEr32kClock
                0x00000d84       0x34 ./drivers/fsl_clock.o
 .text.CLOCK_GetLircClkFreq
                0x00000db8       0x50 ./drivers/fsl_clock.o
 .text.CLOCK_GetOsc0ErClkFreq
                0x00000e08       0x44 ./drivers/fsl_clock.o
                0x00000e08                CLOCK_GetOsc0ErClkFreq
 .text.CLOCK_GetEr32kClkFreq
                0x00000e4c       0x78 ./drivers/fsl_clock.o
                0x00000e4c                CLOCK_GetEr32kClkFreq
 .text.CLOCK_GetFreq
                0x00000ec4       0xc0 ./drivers/fsl_clock.o
                0x00000ec4                CLOCK_GetFreq
 .text.CLOCK_SetSimConfig
                0x00000f84       0x2c ./drivers/fsl_clock.o
                0x00000f84                CLOCK_SetSimConfig
 .text.CLOCK_GetInternalRefClkFreq
                0x00000fb0       0x48 ./drivers/fsl_clock.o
                0x00000fb0                CLOCK_GetInternalRefClkFreq
 .text.CLOCK_GetPeriphClkFreq
                0x00000ff8       0x3c ./drivers/fsl_clock.o
                0x00000ff8                CLOCK_GetPeriphClkFreq
 .text.CLOCK_GetOutClkFreq
                0x00001034       0x7c ./drivers/fsl_clock.o
                0x00001034                CLOCK_GetOutClkFreq
 .text.CLOCK_SetMcgliteConfig
                0x000010b0      0x110 ./drivers/fsl_clock.o
                0x000010b0                CLOCK_SetMcgliteConfig
 .text.DMA_ClearChannelStatusFlags
                0x000011c0       0x54 ./drivers/fsl_dma.o
 .text.DMA_HandleIRQ
                0x00001214       0x4c ./drivers/fsl_dma.o
                0x00001214                DMA_HandleIRQ
 .text.DMA0_DriverIRQHandler
                0x00001260       0x18 ./drivers/fsl_dma.o
                0x00001260                DMA0_DriverIRQHandler
 .text.DMA1_DriverIRQHandler
                0x00001278       0x18 ./drivers/fsl_dma.o
                0x00001278                DMA1_DriverIRQHandler
 .text.DMA2_DriverIRQHandler
                0x00001290       0x18 ./drivers/fsl_dma.o
                0x00001290                DMA2_DriverIRQHandler
 .text.DMA3_DriverIRQHandler
                0x000012a8       0x18 ./drivers/fsl_dma.o
                0x000012a8                DMA3_DriverIRQHandler
 .text.FLEXIO_CommonIRQHandler
                0x000012c0       0x68 ./drivers/fsl_flexio.o
                0x000012c0                FLEXIO_CommonIRQHandler
 .text.GPIO_PinInit
                0x00001328       0x68 ./drivers/fsl_gpio.o
                0x00001328                GPIO_PinInit
 .text.I2C_TransferCommonIRQHandler
                0x00001390       0x64 ./drivers/fsl_i2c.o
 .text.I2C0_DriverIRQHandler
                0x000013f4       0x20 ./drivers/fsl_i2c.o
                0x000013f4                I2C0_DriverIRQHandler
 .text.I2C1_DriverIRQHandler
                0x00001414       0x20 ./drivers/fsl_i2c.o
                0x00001414                I2C1_DriverIRQHandler
 .text.LPUART0_DriverIRQHandler
                0x00001434       0x24 ./drivers/fsl_lpuart.o
                0x00001434                LPUART0_DriverIRQHandler
 .text.LPUART1_DriverIRQHandler
                0x00001458       0x24 ./drivers/fsl_lpuart.o
                0x00001458                LPUART1_DriverIRQHandler
 .text.SMC_EnterStopRamFunc
                0x0000147c       0x20 ./drivers/fsl_smc.o
 .text.SMC_PreEnterStopModes
                0x0000149c       0x20 ./drivers/fsl_smc.o
                0x0000149c                SMC_PreEnterStopModes
 .text.SMC_PostExitStopModes
                0x000014bc       0x20 ./drivers/fsl_smc.o
                0x000014bc                SMC_PostExitStopModes
 .text.SMC_PreEnterWaitModes
                0x000014dc       0x20 ./drivers/fsl_smc.o
                0x000014dc                SMC_PreEnterWaitModes
 .text.SMC_PostExitWaitModes
                0x000014fc       0x20 ./drivers/fsl_smc.o
                0x000014fc                SMC_PostExitWaitModes
 .text.SMC_SetPowerModeWait
                0x0000151c       0x30 ./drivers/fsl_smc.o
                0x0000151c                SMC_SetPowerModeWait
 .text.SMC_SetPowerModeStop
                0x0000154c       0xa0 ./drivers/fsl_smc.o
                0x0000154c                SMC_SetPowerModeStop
 .text.SMC_SetPowerModeVlpw
                0x000015ec       0x30 ./drivers/fsl_smc.o
                0x000015ec                SMC_SetPowerModeVlpw
 .text.SMC_SetPowerModeVlps
                0x0000161c       0x6c ./drivers/fsl_smc.o
                0x0000161c                SMC_SetPowerModeVlps
 .text.SMC_SetPowerModeLls
                0x00001688       0x6c ./drivers/fsl_smc.o
                0x00001688                SMC_SetPowerModeLls
 .text.SMC_SetPowerModeVlls
                0x000016f4       0xc8 ./drivers/fsl_smc.o
                0x000016f4                SMC_SetPowerModeVlls
 .text.SPI_CommonIRQHandler
                0x000017bc       0x54 ./drivers/fsl_spi.o
 .text.SPI0_DriverIRQHandler
                0x00001810       0x30 ./drivers/fsl_spi.o
                0x00001810                SPI0_DriverIRQHandler
 .text.SPI1_DriverIRQHandler
                0x00001840       0x30 ./drivers/fsl_spi.o
                0x00001840                SPI1_DriverIRQHandler
 .text.SystemInit
                0x00001870       0x40 ./device/system_MKL43Z4.o
                0x00001870                SystemInit
 .text.CLOCK_SetLpuart0Clock
                0x000018b0       0x38 ./board/board.o
 .text.CLOCK_SetSimSafeDivs
                0x000018e8       0x20 ./board/clock_config.o
 .text.BOARD_BootClockRUN
                0x00001908       0x34 ./board/clock_config.o
                0x00001908                BOARD_BootClockRUN
 .text.__assertion_failed
                0x0000193c       0x4c c:/nxp/mcuxpressoide_11.5.1_7266/ide/plugins/com.nxp.mcuxpresso.tools.win32_11.5.1.202201181444/tools/bin/../lib/gcc/arm-none-eabi/10.3.1/../../../../arm-none-eabi/lib/thumb/v6-m/nofp\libcr_semihost_nf.a(_cr_assert.o)
                0x0000193c                __assertion_failed
 .text.__sys_appexit
                0x00001988        0xc c:/nxp/mcuxpressoide_11.5.1_7266/ide/plugins/com.nxp.mcuxpresso.tools.win32_11.5.1.202201181444/tools/bin/../lib/gcc/arm-none-eabi/10.3.1/../../../../arm-none-eabi/lib/thumb/v6-m/nofp\libcr_semihost_nf.a(__sys_appexit.o)
                0x00001988                __sys_appexit
                0x00001988                __exit
 .text._deferredlazyseek
                0x00001994       0x40 c:/nxp/mcuxpressoide_11.5.1_7266/ide/plugins/com.nxp.mcuxpresso.tools.win32_11.5.1.202201181444/tools/bin/../lib/gcc/arm-none-eabi/10.3.1/../../../../arm-none-eabi/lib/thumb/v6-m/nofp\libcr_c.a(_deferredlazyseek.o)
                0x00001994                _deferredlazyseek
 .text.__flsbuf
                0x000019d4      0x150 c:/nxp/mcuxpressoide_11.5.1_7266/ide/plugins/com.nxp.mcuxpresso.tools.win32_11.5.1.202201181444/tools/bin/../lib/gcc/arm-none-eabi/10.3.1/../../../../arm-none-eabi/lib/thumb/v6-m/nofp\libcr_c.a(_deferredlazyseek.o)
                0x000019d4                __flsbuf
 .text._fflush  0x00001b24       0x60 c:/nxp/mcuxpressoide_11.5.1_7266/ide/plugins/com.nxp.mcuxpresso.tools.win32_11.5.1.202201181444/tools/bin/../lib/gcc/arm-none-eabi/10.3.1/../../../../arm-none-eabi/lib/thumb/v6-m/nofp\libcr_c.a(_fflush.o)
                0x00001b24                _fflush
 .text._Cwritebuf
                0x00001b84       0x68 c:/nxp/mcuxpressoide_11.5.1_7266/ide/plugins/com.nxp.mcuxpresso.tools.win32_11.5.1.202201181444/tools/bin/../lib/gcc/arm-none-eabi/10.3.1/../../../../arm-none-eabi/lib/thumb/v6-m/nofp\libcr_c.a(_writebuf.o)
                0x00001b84                _Cwritebuf
 .text.malloc   0x00001bec       0xcc c:/nxp/mcuxpressoide_11.5.1_7266/ide/plugins/com.nxp.mcuxpresso.tools.win32_11.5.1.202201181444/tools/bin/../lib/gcc/arm-none-eabi/10.3.1/../../../../arm-none-eabi/lib/thumb/v6-m/nofp\libcr_c.a(alloc.o)
                0x00001bec                malloc
 .text._Csys_alloc
                0x00001cb8       0x20 c:/nxp/mcuxpressoide_11.5.1_7266/ide/plugins/com.nxp.mcuxpresso.tools.win32_11.5.1.202201181444/tools/bin/../lib/gcc/arm-none-eabi/10.3.1/../../../../arm-none-eabi/lib/thumb/v6-m/nofp\libcr_c.a(alloc.o)
                0x00001cb8                _Csys_alloc
 .text.fseek    0x00001cd8       0xf0 c:/nxp/mcuxpressoide_11.5.1_7266/ide/plugins/com.nxp.mcuxpresso.tools.win32_11.5.1.202201181444/tools/bin/../lib/gcc/arm-none-eabi/10.3.1/../../../../arm-none-eabi/lib/thumb/v6-m/nofp\libcr_c.a(fseek.o)
                0x00001cd8                fseek
 .text.ftell    0x00001dc8       0x48 c:/nxp/mcuxpressoide_11.5.1_7266/ide/plugins/com.nxp.mcuxpresso.tools.win32_11.5.1.202201181444/tools/bin/../lib/gcc/arm-none-eabi/10.3.1/../../../../arm-none-eabi/lib/thumb/v6-m/nofp\libcr_c.a(ftell.o)
                0x00001dc8                ftell
 .text._initio  0x00001e10       0x7c c:/nxp/mcuxpressoide_11.5.1_7266/ide/plugins/com.nxp.mcuxpresso.tools.win32_11.5.1.202201181444/tools/bin/../lib/gcc/arm-none-eabi/10.3.1/../../../../arm-none-eabi/lib/thumb/v6-m/nofp\libcr_c.a(initio.o)
                0x00001e10                _initio
 .text.__vfprintf
                0x00001e8c      0xd40 c:/nxp/mcuxpressoide_11.5.1_7266/ide/plugins/com.nxp.mcuxpresso.tools.win32_11.5.1.202201181444/tools/bin/../lib/gcc/arm-none-eabi/10.3.1/../../../../arm-none-eabi/lib/thumb/v6-m/nofp\libcr_c.a(printf.o)
                0x00001e8c                __vfprintf
 .text._vsnprintf
                0x00002bcc       0x70 c:/nxp/mcuxpressoide_11.5.1_7266/ide/plugins/com.nxp.mcuxpresso.tools.win32_11.5.1.202201181444/tools/bin/../lib/gcc/arm-none-eabi/10.3.1/../../../../arm-none-eabi/lib/thumb/v6-m/nofp\libcr_c.a(printf.o)
                0x00002bcc                _vsnprintf
 .text._printf  0x00002c3c       0x50 c:/nxp/mcuxpressoide_11.5.1_7266/ide/plugins/com.nxp.mcuxpresso.tools.win32_11.5.1.202201181444/tools/bin/../lib/gcc/arm-none-eabi/10.3.1/../../../../arm-none-eabi/lib/thumb/v6-m/nofp\libcr_c.a(printf.o)
                0x00002c3c                _printf
 .text.setvbuf  0x00002c8c       0x4c c:/nxp/mcuxpressoide_11.5.1_7266/ide/plugins/com.nxp.mcuxpresso.tools.win32_11.5.1.202201181444/tools/bin/../lib/gcc/arm-none-eabi/10.3.1/../../../../arm-none-eabi/lib/thumb/v6-m/nofp\libcr_c.a(setvbuf.o)
                0x00002c8c                setvbuf
 .text.strlen   0x00002cd8       0x58 c:/nxp/mcuxpressoide_11.5.1_7266/ide/plugins/com.nxp.mcuxpresso.tools.win32_11.5.1.202201181444/tools/bin/../lib/gcc/arm-none-eabi/10.3.1/../../../../arm-none-eabi/lib/thumb/v6-m/nofp\libcr_c.a(strlen.o)
                0x00002cd8                strlen
 .text._sbrk    0x00002d30       0x44 c:/nxp/mcuxpressoide_11.5.1_7266/ide/plugins/com.nxp.mcuxpresso.tools.win32_11.5.1.202201181444/tools/bin/../lib/gcc/arm-none-eabi/10.3.1/../../../../arm-none-eabi/lib/thumb/v6-m/nofp\libcr_c.a(_cr_sbrk.o)
                0x00002d30                _sbrk
 .text._fdopen  0x00002d74       0x74 c:/nxp/mcuxpressoide_11.5.1_7266/ide/plugins/com.nxp.mcuxpresso.tools.win32_11.5.1.202201181444/tools/bin/../lib/gcc/arm-none-eabi/10.3.1/../../../../arm-none-eabi/lib/thumb/v6-m/nofp\libcr_c.a(_fdopen.o)
                0x00002d74                _fdopen
 .text.fclose   0x00002de8       0x5c c:/nxp/mcuxpressoide_11.5.1_7266/ide/plugins/com.nxp.mcuxpresso.tools.win32_11.5.1.202201181444/tools/bin/../lib/gcc/arm-none-eabi/10.3.1/../../../../arm-none-eabi/lib/thumb/v6-m/nofp\libcr_c.a(fclose.o)
                0x00002de8                fclose
 .text.fflush   0x00002e44       0x44 c:/nxp/mcuxpressoide_11.5.1_7266/ide/plugins/com.nxp.mcuxpresso.tools.win32_11.5.1.202201181444/tools/bin/../lib/gcc/arm-none-eabi/10.3.1/../../../../arm-none-eabi/lib/thumb/v6-m/nofp\libcr_c.a(fflush.o)
                0x00002e44                fflush
 .text.__check_heap_overflow
                0x00002e88       0x18 c:/nxp/mcuxpressoide_11.5.1_7266/ide/plugins/com.nxp.mcuxpresso.tools.win32_11.5.1.202201181444/tools/bin/../lib/gcc/arm-none-eabi/10.3.1/../../../../arm-none-eabi/lib/thumb/v6-m/nofp\libcr_c.a(_cr_check_heap.o)
                0x00002e88                __check_heap_overflow
 .text._do_fflush
                0x00002ea0       0x48 c:/nxp/mcuxpressoide_11.5.1_7266/ide/plugins/com.nxp.mcuxpresso.tools.win32_11.5.1.202201181444/tools/bin/../lib/gcc/arm-none-eabi/10.3.1/../../../../arm-none-eabi/lib/thumb/v6-m/nofp\libcr_c.a(_do_fflush.o)
                0x00002ea0                _do_fflush
 .text.GPIO_PortSet
                0x00002ee8       0x18 ./source/SD2_board.o
 .text.GPIO_PortClear
                0x00002f00       0x18 ./source/SD2_board.o
 .text.GPIO_PortToggle
                0x00002f18       0x18 ./source/SD2_board.o
 .text.GPIO_PinRead
                0x00002f30       0x20 ./source/SD2_board.o
 .text.SMC_SetPowerModeProtection
                0x00002f50       0x1e ./source/ejemplo_clock.o
 .text.SMC_GetPowerModeState
                0x00002f6e       0x16 ./source/ejemplo_clock.o
 .text.SMC_GetPowerModeState
                0x00002f84       0x16 ./source/power_mode_switch.o
 .text.UART2_FLEXIO_DriverIRQHandler
                0x00002f9a        0xe ./drivers/fsl_flexio.o
                0x00002f9a                UART2_FLEXIO_DriverIRQHandler
 .text.GPIO_PinWrite
                0x00002fa8       0x38 ./drivers/fsl_gpio.o
 .text.DisableGlobalIRQ
                0x00002fe0       0x1e ./drivers/fsl_smc.o
 .text.EnableGlobalIRQ
                0x00002ffe       0x1c ./drivers/fsl_smc.o
 .text.SMC_SetPowerModeRun
                0x0000301a       0x38 ./drivers/fsl_smc.o
                0x0000301a                SMC_SetPowerModeRun
 .text.SMC_SetPowerModeVlpr
                0x00003052       0x3c ./drivers/fsl_smc.o
                0x00003052                SMC_SetPowerModeVlpr
 .text.SystemInitHook
                0x0000308e        0xa ./device/system_MKL43Z4.o
                0x0000308e                SystemInitHook
 .text.DbgConsole_Init
                0x00003098       0x26 ./board/board.o
 .text.BOARD_InitDebugConsole
                0x000030be       0x2c ./board/board.o
                0x000030be                BOARD_InitDebugConsole
 .text.BOARD_InitBootClocks
                0x000030ea        0xe ./board/clock_config.o
                0x000030ea                BOARD_InitBootClocks
 .text.__main   0x000030f8        0xc c:/nxp/mcuxpressoide_11.5.1_7266/ide/plugins/com.nxp.mcuxpresso.tools.win32_11.5.1.202201181444/tools/bin/../lib/gcc/arm-none-eabi/10.3.1/../../../../arm-none-eabi/lib/thumb/v6-m/nofp\libcr_semihost_nf.a(_cr__main.o)
                0x000030f8                __CR_SEMIHOST
                0x000030f8                __main
 .text.memset   0x00003104        0x8 c:/nxp/mcuxpressoide_11.5.1_7266/ide/plugins/com.nxp.mcuxpresso.tools.win32_11.5.1.202201181444/tools/bin/../lib/gcc/arm-none-eabi/10.3.1/../../../../arm-none-eabi/lib/thumb/v6-m/nofp\libcr_c.a(memset.o)
                0x00003104                memset
 .text.free     0x0000310c       0x2c c:/nxp/mcuxpressoide_11.5.1_7266/ide/plugins/com.nxp.mcuxpresso.tools.win32_11.5.1.202201181444/tools/bin/../lib/gcc/arm-none-eabi/10.3.1/../../../../arm-none-eabi/lib/thumb/v6-m/nofp\libcr_c.a(alloc.o)
                0x0000310c                free
 .text.fputs    0x00003138       0x2e c:/nxp/mcuxpressoide_11.5.1_7266/ide/plugins/com.nxp.mcuxpresso.tools.win32_11.5.1.202201181444/tools/bin/../lib/gcc/arm-none-eabi/10.3.1/../../../../arm-none-eabi/lib/thumb/v6-m/nofp\libcr_c.a(fputs.o)
                0x00003138                fputs
 .text.no_fp_display
                0x00003166        0x4 c:/nxp/mcuxpressoide_11.5.1_7266/ide/plugins/com.nxp.mcuxpresso.tools.win32_11.5.1.202201181444/tools/bin/../lib/gcc/arm-none-eabi/10.3.1/../../../../arm-none-eabi/lib/thumb/v6-m/nofp\libcr_c.a(printf.o)
 .text.remove   0x0000316a       0x12 c:/nxp/mcuxpressoide_11.5.1_7266/ide/plugins/com.nxp.mcuxpresso.tools.win32_11.5.1.202201181444/tools/bin/../lib/gcc/arm-none-eabi/10.3.1/../../../../arm-none-eabi/lib/thumb/v6-m/nofp\libcr_c.a(remove.o)
                0x0000316a                remove
 .text.__aeabi_division_idivmod
                0x0000317c       0x78 c:/nxp/mcuxpressoide_11.5.1_7266/ide/plugins/com.nxp.mcuxpresso.tools.win32_11.5.1.202201181444/tools/bin/../lib/gcc/arm-none-eabi/10.3.1/thumb/v6-m/nofp\libcr_eabihelpers.a(division_32.o)
                0x0000317c                __aeabi_idivmod
                0x0000317c                __aeabi_idiv
                0x00003182                __aeabi_uidivmod
                0x00003182                __aeabi_uidiv
 .text.__aeabi_division_idiv0
                0x000031f4        0x2 c:/nxp/mcuxpressoide_11.5.1_7266/ide/plugins/com.nxp.mcuxpresso.tools.win32_11.5.1.202201181444/tools/bin/../lib/gcc/arm-none-eabi/10.3.1/thumb/v6-m/nofp\libcr_eabihelpers.a(division_idiv0.o)
                0x000031f4                __aeabi_idiv0
 .text.__aeabi_llong_lmul
                0x000031f6       0x2e c:/nxp/mcuxpressoide_11.5.1_7266/ide/plugins/com.nxp.mcuxpresso.tools.win32_11.5.1.202201181444/tools/bin/../lib/gcc/arm-none-eabi/10.3.1/thumb/v6-m/nofp\libcr_eabihelpers.a(llong.o)
                0x000031f6                __aeabi_lmul
 .text.__aeabi_memset_lowlevel
                0x00003224       0x2a c:/nxp/mcuxpressoide_11.5.1_7266/ide/plugins/com.nxp.mcuxpresso.tools.win32_11.5.1.202201181444/tools/bin/../lib/gcc/arm-none-eabi/10.3.1/thumb/v6-m/nofp\libcr_eabihelpers.a(memcpy.o)
                0x00003224                __aeabi_lowlevel_memset
 .text.__gnu_thumb1_case_shi
                0x0000324e       0x10 c:/nxp/mcuxpressoide_11.5.1_7266/ide/plugins/com.nxp.mcuxpresso.tools.win32_11.5.1.202201181444/tools/bin/../lib/gcc/arm-none-eabi/10.3.1/thumb/v6-m/nofp\libcr_eabihelpers.a(thumb1_switch_helpers.o)
                0x0000324e                __gnu_thumb1_case_shi
 .text.__sys_close
                0x0000325e        0xc c:/nxp/mcuxpressoide_11.5.1_7266/ide/plugins/com.nxp.mcuxpresso.tools.win32_11.5.1.202201181444/tools/bin/../lib/gcc/arm-none-eabi/10.3.1/../../../../arm-none-eabi/lib/thumb/v6-m/nofp\libcr_semihost_nf.a(__sys_close.o)
                0x0000325e                __sys_close
 .text.__sys_flen
                0x0000326a        0xc c:/nxp/mcuxpressoide_11.5.1_7266/ide/plugins/com.nxp.mcuxpresso.tools.win32_11.5.1.202201181444/tools/bin/../lib/gcc/arm-none-eabi/10.3.1/../../../../arm-none-eabi/lib/thumb/v6-m/nofp\libcr_semihost_nf.a(__sys_flen.o)
                0x0000326a                __sys_flen
 .text.__sys_istty
                0x00003276        0xc c:/nxp/mcuxpressoide_11.5.1_7266/ide/plugins/com.nxp.mcuxpresso.tools.win32_11.5.1.202201181444/tools/bin/../lib/gcc/arm-none-eabi/10.3.1/../../../../arm-none-eabi/lib/thumb/v6-m/nofp\libcr_semihost_nf.a(__sys_istty.o)
                0x00003276                __sys_istty
 .text.__sys_remove
                0x00003282        0xc c:/nxp/mcuxpressoide_11.5.1_7266/ide/plugins/com.nxp.mcuxpresso.tools.win32_11.5.1.202201181444/tools/bin/../lib/gcc/arm-none-eabi/10.3.1/../../../../arm-none-eabi/lib/thumb/v6-m/nofp\libcr_semihost_nf.a(__sys_remove.o)
                0x00003282                __sys_remove
 .text.__sys_seek
                0x0000328e        0xc c:/nxp/mcuxpressoide_11.5.1_7266/ide/plugins/com.nxp.mcuxpresso.tools.win32_11.5.1.202201181444/tools/bin/../lib/gcc/arm-none-eabi/10.3.1/../../../../arm-none-eabi/lib/thumb/v6-m/nofp\libcr_semihost_nf.a(__sys_seek.o)
                0x0000328e                __sys_seek
 .text.__sys_tmpnam
                0x0000329a        0xc c:/nxp/mcuxpressoide_11.5.1_7266/ide/plugins/com.nxp.mcuxpresso.tools.win32_11.5.1.202201181444/tools/bin/../lib/gcc/arm-none-eabi/10.3.1/../../../../arm-none-eabi/lib/thumb/v6-m/nofp\libcr_semihost_nf.a(__sys_tmpnam.o)
                0x0000329a                __sys_tmpnam
 .text.__sys_write
                0x000032a6        0xc c:/nxp/mcuxpressoide_11.5.1_7266/ide/plugins/com.nxp.mcuxpresso.tools.win32_11.5.1.202201181444/tools/bin/../lib/gcc/arm-none-eabi/10.3.1/../../../../arm-none-eabi/lib/thumb/v6-m/nofp\libcr_semihost_nf.a(__sys_write.o)
                0x000032a6                __sys_write
 *(SORT_BY_ALIGNMENT(.rodata) SORT_BY_ALIGNMENT(.rodata.*) SORT_BY_ALIGNMENT(.constdata) SORT_BY_ALIGNMENT(.constdata.*))
 *fill*         0x000032b2        0x2 ff
 .rodata.PORT_SetPinConfig.str1.4
                0x000032b4       0x71 ./source/SD2_board.o
 *fill*         0x00003325        0x3 ff
 .rodata.board_gpioLeds
                0x00003328       0x18 ./source/SD2_board.o
 .rodata.board_gpioSw
                0x00003340       0x18 ./source/SD2_board.o
 .rodata        0x00003358        0x2 ./source/SD2_board.o
 *fill*         0x0000335a        0x2 ff
 .rodata.main.str1.4
                0x0000335c       0x94 ./source/ejemplo_clock.o
 .rodata        0x000033f0        0xe ./source/power_mode_switch.o
 *fill*         0x000033fe        0x2 ff
 .rodata.APP_ShowPowerMode.str1.4
                0x00003400       0x47 ./source/power_mode_switch.o
 *fill*         0x00003447        0x1 ff
 .rodata.APP_PowerModeSwitch.str1.4
                0x00003448        0xc ./source/power_mode_switch.o
 .rodata.APP_PowerModeSwitch
                0x00003454       0x28 ./source/power_mode_switch.o
 .rodata.CLOCK_GetOsc0ErClkFreq.str1.4
                0x0000347c       0x1e ./drivers/fsl_clock.o
 *fill*         0x0000349a        0x2 ff
 .rodata.CLOCK_GetEr32kClkFreq.str1.4
                0x0000349c       0x1f ./drivers/fsl_clock.o
 *fill*         0x000034bb        0x1 ff
 .rodata.CLOCK_GetFreq
                0x000034bc       0x50 ./drivers/fsl_clock.o
 .rodata.CLOCK_GetOutClkFreq.str1.4
                0x0000350c       0x1e ./drivers/fsl_clock.o
 *fill*         0x0000352a        0x2 ff
 .rodata.CLOCK_SetMcgliteConfig.str1.4
                0x0000352c       0x1f ./drivers/fsl_clock.o
 *fill*         0x0000354b        0x1 ff
 .rodata.lircFreqs.0
                0x0000354c        0x8 ./drivers/fsl_clock.o
 .rodata.DMA_ClearChannelStatusFlags.str1.4
                0x00003554       0x46 ./drivers/fsl_dma.o
 *fill*         0x0000359a        0x2 ff
 .rodata.DMA_HandleIRQ.str1.4
                0x0000359c       0x1f ./drivers/fsl_dma.o
 *fill*         0x000035bb        0x1 ff
 .rodata.GPIO_PinInit.str1.4
                0x000035bc       0x20 ./drivers/fsl_gpio.o
 .rodata.SPI0_DriverIRQHandler.str1.4
                0x000035dc       0x20 ./drivers/fsl_spi.o
 .rodata.SPI1_DriverIRQHandler.str1.4
                0x000035fc       0x20 ./drivers/fsl_spi.o
 .rodata.mcgliteConfig_BOARD_BootClockRUN
                0x0000361c        0x6 ./board/clock_config.o
                0x0000361c                mcgliteConfig_BOARD_BootClockRUN
 *fill*         0x00003622        0x2 ff
 .rodata.simConfig_BOARD_BootClockRUN
                0x00003624        0x8 ./board/clock_config.o
                0x00003624                simConfig_BOARD_BootClockRUN
 .rodata.__num_Ciob_streams
                0x0000362c        0x4 c:/nxp/mcuxpressoide_11.5.1_7266/ide/plugins/com.nxp.mcuxpresso.tools.win32_11.5.1.202201181444/tools/bin/../lib/gcc/arm-none-eabi/10.3.1/../../../../arm-none-eabi/lib/thumb/v6-m/nofp\libcr_semihost_nf.a(__ciob.o)
                0x0000362c                __num_Ciob_streams
 .rodata.__assertion_failed.str1.1
                0x00003630       0x15 c:/nxp/mcuxpressoide_11.5.1_7266/ide/plugins/com.nxp.mcuxpresso.tools.win32_11.5.1.202201181444/tools/bin/../lib/gcc/arm-none-eabi/10.3.1/../../../../arm-none-eabi/lib/thumb/v6-m/nofp\libcr_semihost_nf.a(_cr_assert.o)
 .rodata._Csys_alloc.str1.1
                0x00003645       0x18 c:/nxp/mcuxpressoide_11.5.1_7266/ide/plugins/com.nxp.mcuxpresso.tools.win32_11.5.1.202201181444/tools/bin/../lib/gcc/arm-none-eabi/10.3.1/../../../../arm-none-eabi/lib/thumb/v6-m/nofp\libcr_c.a(alloc.o)
 .rodata._initio.str1.1
                0x0000365d        0x4 c:/nxp/mcuxpressoide_11.5.1_7266/ide/plugins/com.nxp.mcuxpresso.tools.win32_11.5.1.202201181444/tools/bin/../lib/gcc/arm-none-eabi/10.3.1/../../../../arm-none-eabi/lib/thumb/v6-m/nofp\libcr_c.a(initio.o)
 .rodata.__vfprintf.str1.1
                0x00003661       0x35 c:/nxp/mcuxpressoide_11.5.1_7266/ide/plugins/com.nxp.mcuxpresso.tools.win32_11.5.1.202201181444/tools/bin/../lib/gcc/arm-none-eabi/10.3.1/../../../../arm-none-eabi/lib/thumb/v6-m/nofp\libcr_c.a(printf.o)
                                 0x38 (size before relaxing)
                0x00003698                . = ALIGN (0x4)
 *fill*         0x00003696        0x2 ff
                0x00003698                _etext = .

.glue_7         0x00003698        0x0
 .glue_7        0x00003698        0x0 linker stubs

.glue_7t        0x00003698        0x0
 .glue_7t       0x00003698        0x0 linker stubs

.vfp11_veneer   0x00003698        0x0
 .vfp11_veneer  0x00003698        0x0 linker stubs

.v4_bx          0x00003698        0x0
 .v4_bx         0x00003698        0x0 linker stubs

.iplt           0x00003698        0x0
 .iplt          0x00003698        0x0 ./startup/startup_mkl43z4.o

.rel.dyn        0x00003698        0x0
 .rel.iplt      0x00003698        0x0 ./startup/startup_mkl43z4.o

.m_usb_data
 *(SORT_BY_ALIGNMENT(m_usb_bdt))

.mtb_buffer_default
                0x1fffe000       0x80
 *(SORT_BY_ALIGNMENT(.mtb*))
 .mtb.$RAM1     0x1fffe000       0x80 ./source/mtb.o
                0x1fffe000                __mtb_buffer__

.uninit_RESERVED
                0x1fffe080        0x0
                0x1fffe080                _start_uninit_RESERVED = .
 *(SORT_BY_ALIGNMENT(.bss.$RESERVED*))
                0x1fffe080                . = ALIGN (0x4)
                0x1fffe080                _end_uninit_RESERVED = .

.data           0x1fffe080       0x1c load address 0x00003698
 FILL mask 0xff
                0x1fffe080                _data = .
                [!provide]                PROVIDE (__start_data_RAM = .)
                [!provide]                PROVIDE (__start_data_SRAM = .)
 *(SORT_BY_ALIGNMENT(vtable))
 *(SORT_BY_ALIGNMENT(.ramfunc*))
 *(SORT_BY_ALIGNMENT(CodeQuickAccess))
 *(SORT_BY_ALIGNMENT(DataQuickAccess))
 *(SORT_BY_ALIGNMENT(RamFunction))
 *(SORT_BY_ALIGNMENT(.data*))
 .data.s_stopRamFuncArray
                0x1fffe080       0x18 ./drivers/fsl_smc.o
 .data.SystemCoreClock
                0x1fffe098        0x4 ./device/system_MKL43Z4.o
                0x1fffe098                SystemCoreClock
                0x1fffe09c                . = ALIGN (0x4)
                0x1fffe09c                _edata = .
                [!provide]                PROVIDE (__end_data_RAM = .)
                [!provide]                PROVIDE (__end_data_SRAM = .)

.igot.plt       0x1fffe09c        0x0 load address 0x000036b4
 .igot.plt      0x1fffe09c        0x0 ./startup/startup_mkl43z4.o

.bss            0x1fffe09c      0x12c
                0x1fffe09c                _bss = .
                [!provide]                PROVIDE (__start_bss_RAM = .)
                [!provide]                PROVIDE (__start_bss_SRAM = .)
 *(SORT_BY_ALIGNMENT(.bss*))
 .bss.timeDown1ms
                0x1fffe09c        0x4 ./source/ejemplo_clock.o
 .bss.estSW     0x1fffe0a0        0x2 ./source/key.o
 *fill*         0x1fffe0a2        0x2 
 .bss.eventSW   0x1fffe0a4        0x2 ./source/key.o
 *fill*         0x1fffe0a6        0x2 
 .bss.g_xtal0Freq
                0x1fffe0a8        0x4 ./drivers/fsl_clock.o
                0x1fffe0a8                g_xtal0Freq
 .bss.g_xtal32Freq
                0x1fffe0ac        0x4 ./drivers/fsl_clock.o
                0x1fffe0ac                g_xtal32Freq
 .bss.s_DMAHandle
                0x1fffe0b0       0x10 ./drivers/fsl_dma.o
 .bss.s_flexioHandle
                0x1fffe0c0        0x8 ./drivers/fsl_flexio.o
 .bss.s_flexioType
                0x1fffe0c8        0x8 ./drivers/fsl_flexio.o
 .bss.s_flexioIsr
                0x1fffe0d0        0x8 ./drivers/fsl_flexio.o
 .bss.s_i2cHandle
                0x1fffe0d8        0x8 ./drivers/fsl_i2c.o
 .bss.s_i2cMasterIsr
                0x1fffe0e0        0x4 ./drivers/fsl_i2c.o
 .bss.s_i2cSlaveIsr
                0x1fffe0e4        0x4 ./drivers/fsl_i2c.o
 .bss.s_lpuartHandle
                0x1fffe0e8        0x8 ./drivers/fsl_lpuart.o
 .bss.s_lpuartIsr
                0x1fffe0f0        0x4 ./drivers/fsl_lpuart.o
 .bss.g_savedPrimask
                0x1fffe0f4        0x4 ./drivers/fsl_smc.o
 .bss.s_spiHandle
                0x1fffe0f8        0x8 ./drivers/fsl_spi.o
 .bss.s_spiMasterIsr
                0x1fffe100        0x4 ./drivers/fsl_spi.o
 .bss.s_spiSlaveIsr
                0x1fffe104        0x4 ./drivers/fsl_spi.o
 .bss.__Ciob    0x1fffe108       0xb4 c:/nxp/mcuxpressoide_11.5.1_7266/ide/plugins/com.nxp.mcuxpresso.tools.win32_11.5.1.202201181444/tools/bin/../lib/gcc/arm-none-eabi/10.3.1/../../../../arm-none-eabi/lib/thumb/v6-m/nofp\libcr_semihost_nf.a(__ciob.o)
                0x1fffe108                __Ciob
 .bss.__end_of_heap
                0x1fffe1bc        0x4 c:/nxp/mcuxpressoide_11.5.1_7266/ide/plugins/com.nxp.mcuxpresso.tools.win32_11.5.1.202201181444/tools/bin/../lib/gcc/arm-none-eabi/10.3.1/../../../../arm-none-eabi/lib/thumb/v6-m/nofp\libcr_c.a(__init_alloc.o)
                0x1fffe1bc                __end_of_heap
 .bss.__heaps   0x1fffe1c0        0x4 c:/nxp/mcuxpressoide_11.5.1_7266/ide/plugins/com.nxp.mcuxpresso.tools.win32_11.5.1.202201181444/tools/bin/../lib/gcc/arm-none-eabi/10.3.1/../../../../arm-none-eabi/lib/thumb/v6-m/nofp\libcr_c.a(__init_alloc.o)
                0x1fffe1c0                __heaps
 .bss.errno     0x1fffe1c4        0x4 c:/nxp/mcuxpressoide_11.5.1_7266/ide/plugins/com.nxp.mcuxpresso.tools.win32_11.5.1.202201181444/tools/bin/../lib/gcc/arm-none-eabi/10.3.1/../../../../arm-none-eabi/lib/thumb/v6-m/nofp\libcr_c.a(errno.o)
                0x1fffe1c4                errno
 *(SORT_BY_ALIGNMENT(COMMON))
                0x1fffe1c8                . = ALIGN (0x4)
                0x1fffe1c8                _ebss = .
                [!provide]                PROVIDE (__end_bss_RAM = .)
                [!provide]                PROVIDE (__end_bss_SRAM = .)
                [!provide]                PROVIDE (end = .)

.noinit         0x1fffe1c8        0x0
                0x1fffe1c8                _noinit = .
                [!provide]                PROVIDE (__start_noinit_RAM = .)
                [!provide]                PROVIDE (__start_noinit_SRAM = .)
 *(SORT_BY_ALIGNMENT(.noinit*))
                0x1fffe1c8                . = ALIGN (0x4)
                0x1fffe1c8                _end_noinit = .
                [!provide]                PROVIDE (__end_noinit_RAM = .)
                [!provide]                PROVIDE (__end_noinit_SRAM = .)

.ARM.extab
 *(SORT_BY_ALIGNMENT(.ARM.extab*) SORT_BY_ALIGNMENT(.gnu.linkonce.armextab.*))

.ARM.exidx      0x000036b4        0x0
                0x000036b4                __exidx_start = .
 *(SORT_BY_ALIGNMENT(.ARM.exidx*) SORT_BY_ALIGNMENT(.gnu.linkonce.armexidx.*))
                0x000036b4                __exidx_end = .
                0x00000800                _HeapSize = 0x800

.heap           0x1fffe1c8      0x800
                0x1fffe1c8                _pvHeapStart = .
                0x1fffe9c8                . = (. + _HeapSize)
 *fill*         0x1fffe1c8      0x800 
                0x1fffe9c8                . = ALIGN (0x4)
                0x1fffe9c8                _pvHeapLimit = .
                0x00000800                _StackSize = 0x800

.heap2stackfill
                0x1fffe9c8      0x800
                0x1ffff1c8                . = (. + _StackSize)
 *fill*         0x1fffe9c8      0x800 

.stack          0x20005800        0x0
                0x20005800                _vStackBase = .
                0x20005800                . = ALIGN (0x4)
                0x20006000                _vStackTop = (. + _StackSize)
                0x00000000                _image_start = LOADADDR (.text)
                0x000036b4                _image_end = (LOADADDR (.data) + SIZEOF (.data))
                0x000036b4                _image_size = (_image_end - _image_start)
OUTPUT(prueba_bajo_consumo.axf elf32-littlearm)
LOAD linker stubs

.debug_info     0x00000000     0xce30
 .debug_info    0x00000000      0x4df ./startup/startup_mkl43z4.o
 .debug_info    0x000004df     0x1217 ./source/SD2_board.o
 .debug_info    0x000016f6      0x993 ./source/ejemplo_clock.o
 .debug_info    0x00002089      0x197 ./source/key.o
 .debug_info    0x00002220       0x53 ./source/mtb.o
 .debug_info    0x00002273      0x720 ./source/power_mode_switch.o
 .debug_info    0x00002993       0x3c ./source/semihost_hardfault.o
 .debug_info    0x000029cf     0x1308 ./drivers/fsl_clock.o
 .debug_info    0x00003cd7     0x1020 ./drivers/fsl_dma.o
 .debug_info    0x00004cf7     0x112a ./drivers/fsl_flexio.o
 .debug_info    0x00005e21      0x868 ./drivers/fsl_gpio.o
 .debug_info    0x00006689     0x1c4f ./drivers/fsl_i2c.o
 .debug_info    0x000082d8     0x1780 ./drivers/fsl_lpuart.o
 .debug_info    0x00009a58      0x9aa ./drivers/fsl_smc.o
 .debug_info    0x0000a402     0x17f3 ./drivers/fsl_spi.o
 .debug_info    0x0000bbf5      0x45d ./device/system_MKL43Z4.o
 .debug_info    0x0000c052      0x450 ./board/board.o
 .debug_info    0x0000c4a2      0x98e ./board/clock_config.o

.debug_abbrev   0x00000000     0x252e
 .debug_abbrev  0x00000000      0x1b8 ./startup/startup_mkl43z4.o
 .debug_abbrev  0x000001b8      0x30e ./source/SD2_board.o
 .debug_abbrev  0x000004c6      0x1e7 ./source/ejemplo_clock.o
 .debug_abbrev  0x000006ad       0xf1 ./source/key.o
 .debug_abbrev  0x0000079e       0x46 ./source/mtb.o
 .debug_abbrev  0x000007e4      0x1c4 ./source/power_mode_switch.o
 .debug_abbrev  0x000009a8       0x31 ./source/semihost_hardfault.o
 .debug_abbrev  0x000009d9      0x2b0 ./drivers/fsl_clock.o
 .debug_abbrev  0x00000c89      0x2cf ./drivers/fsl_dma.o
 .debug_abbrev  0x00000f58      0x2b4 ./drivers/fsl_flexio.o
 .debug_abbrev  0x0000120c      0x20d ./drivers/fsl_gpio.o
 .debug_abbrev  0x00001419      0x35a ./drivers/fsl_i2c.o
 .debug_abbrev  0x00001773      0x2fe ./drivers/fsl_lpuart.o
 .debug_abbrev  0x00001a71      0x312 ./drivers/fsl_smc.o
 .debug_abbrev  0x00001d83      0x36e ./drivers/fsl_spi.o
 .debug_abbrev  0x000020f1      0x148 ./device/system_MKL43Z4.o
 .debug_abbrev  0x00002239      0x159 ./board/board.o
 .debug_abbrev  0x00002392      0x19c ./board/clock_config.o

.debug_aranges  0x00000000      0xac8
 .debug_aranges
                0x00000000      0x160 ./startup/startup_mkl43z4.o
 .debug_aranges
                0x00000160       0x90 ./source/SD2_board.o
 .debug_aranges
                0x000001f0       0x48 ./source/ejemplo_clock.o
 .debug_aranges
                0x00000238       0x30 ./source/key.o
 .debug_aranges
                0x00000268       0x18 ./source/mtb.o
 .debug_aranges
                0x00000280       0x50 ./source/power_mode_switch.o
 .debug_aranges
                0x000002d0       0x20 ./source/semihost_hardfault.o
 .debug_aranges
                0x000002f0       0xd0 ./drivers/fsl_clock.o
 .debug_aranges
                0x000003c0       0xd0 ./drivers/fsl_dma.o
 .debug_aranges
                0x00000490       0xb8 ./drivers/fsl_flexio.o
 .debug_aranges
                0x00000548       0x68 ./drivers/fsl_gpio.o
 .debug_aranges
                0x000005b0      0x178 ./drivers/fsl_i2c.o
 .debug_aranges
                0x00000728      0x120 ./drivers/fsl_lpuart.o
 .debug_aranges
                0x00000848       0x90 ./drivers/fsl_smc.o
 .debug_aranges
                0x000008d8      0x148 ./drivers/fsl_spi.o
 .debug_aranges
                0x00000a20       0x30 ./device/system_MKL43Z4.o
 .debug_aranges
                0x00000a50       0x30 ./board/board.o
 .debug_aranges
                0x00000a80       0x48 ./board/clock_config.o

.debug_ranges   0x00000000      0x9a0
 .debug_ranges  0x00000000      0x150 ./startup/startup_mkl43z4.o
 .debug_ranges  0x00000150       0x80 ./source/SD2_board.o
 .debug_ranges  0x000001d0       0x38 ./source/ejemplo_clock.o
 .debug_ranges  0x00000208       0x20 ./source/key.o
 .debug_ranges  0x00000228       0x40 ./source/power_mode_switch.o
 .debug_ranges  0x00000268       0x10 ./source/semihost_hardfault.o
 .debug_ranges  0x00000278       0xc0 ./drivers/fsl_clock.o
 .debug_ranges  0x00000338       0xc0 ./drivers/fsl_dma.o
 .debug_ranges  0x000003f8       0xa8 ./drivers/fsl_flexio.o
 .debug_ranges  0x000004a0       0x58 ./drivers/fsl_gpio.o
 .debug_ranges  0x000004f8      0x168 ./drivers/fsl_i2c.o
 .debug_ranges  0x00000660      0x110 ./drivers/fsl_lpuart.o
 .debug_ranges  0x00000770       0x80 ./drivers/fsl_smc.o
 .debug_ranges  0x000007f0      0x138 ./drivers/fsl_spi.o
 .debug_ranges  0x00000928       0x20 ./device/system_MKL43Z4.o
 .debug_ranges  0x00000948       0x20 ./board/board.o
 .debug_ranges  0x00000968       0x38 ./board/clock_config.o

.debug_macro    0x00000000     0x16f6
 .debug_macro   0x00000000       0x29 ./startup/startup_mkl43z4.o
 .debug_macro   0x00000029      0x12d ./source/SD2_board.o
 .debug_macro   0x00000156       0x22 ./source/SD2_board.o
 .debug_macro   0x00000178       0x10 ./source/SD2_board.o
 .debug_macro   0x00000188       0x16 ./source/SD2_board.o
 .debug_macro   0x0000019e      0x193 ./source/SD2_board.o
 .debug_macro   0x00000331      0x18c ./source/ejemplo_clock.o
 .debug_macro   0x000004bd       0xd8 ./source/ejemplo_clock.o
 .debug_macro   0x00000595       0x10 ./source/ejemplo_clock.o
 .debug_macro   0x000005a5      0x1b5 ./source/ejemplo_clock.o
 .debug_macro   0x0000075a       0x2e ./source/ejemplo_clock.o
 .debug_macro   0x00000788       0x10 ./source/ejemplo_clock.o
 .debug_macro   0x00000798       0xa2 ./source/key.o
 .debug_macro   0x0000083a       0x2f ./source/mtb.o
 .debug_macro   0x00000869       0x82 ./source/mtb.o
 .debug_macro   0x000008eb       0x10 ./source/mtb.o
 .debug_macro   0x000008fb      0x1a2 ./source/power_mode_switch.o
 .debug_macro   0x00000a9d       0x1c ./source/power_mode_switch.o
 .debug_macro   0x00000ab9       0x16 ./source/power_mode_switch.o
 .debug_macro   0x00000acf       0x16 ./source/power_mode_switch.o
 .debug_macro   0x00000ae5       0x16 ./source/power_mode_switch.o
 .debug_macro   0x00000afb       0x16 ./source/power_mode_switch.o
 .debug_macro   0x00000b11       0x11 ./source/semihost_hardfault.o
 .debug_macro   0x00000b22      0x12f ./drivers/fsl_clock.o
 .debug_macro   0x00000c51      0x103 ./drivers/fsl_dma.o
 .debug_macro   0x00000d54      0x108 ./drivers/fsl_flexio.o
 .debug_macro   0x00000e5c       0x1c ./drivers/fsl_flexio.o
 .debug_macro   0x00000e78      0x102 ./drivers/fsl_gpio.o
 .debug_macro   0x00000f7a       0x10 ./drivers/fsl_gpio.o
 .debug_macro   0x00000f8a      0x102 ./drivers/fsl_i2c.o
 .debug_macro   0x0000108c       0x1c ./drivers/fsl_i2c.o
 .debug_macro   0x000010a8      0x102 ./drivers/fsl_lpuart.o
 .debug_macro   0x000011aa       0x10 ./drivers/fsl_lpuart.o
 .debug_macro   0x000011ba      0x103 ./drivers/fsl_smc.o
 .debug_macro   0x000012bd      0x102 ./drivers/fsl_spi.o
 .debug_macro   0x000013bf       0x16 ./drivers/fsl_spi.o
 .debug_macro   0x000013d5       0x97 ./device/system_MKL43Z4.o
 .debug_macro   0x0000146c      0x168 ./board/board.o
 .debug_macro   0x000015d4      0x122 ./board/clock_config.o

.debug_line     0x00000000     0x7c87
 .debug_line    0x00000000      0x1eb ./startup/startup_mkl43z4.o
 .debug_line    0x000001eb      0x6e5 ./source/SD2_board.o
 .debug_line    0x000008d0      0x709 ./source/ejemplo_clock.o
 .debug_line    0x00000fd9      0x358 ./source/key.o
 .debug_line    0x00001331       0xd1 ./source/mtb.o
 .debug_line    0x00001402      0x757 ./source/power_mode_switch.o
 .debug_line    0x00001b59       0x59 ./source/semihost_hardfault.o
 .debug_line    0x00001bb2      0x872 ./drivers/fsl_clock.o
 .debug_line    0x00002424      0x7af ./drivers/fsl_dma.o
 .debug_line    0x00002bd3      0x73b ./drivers/fsl_flexio.o
 .debug_line    0x0000330e      0x4fc ./drivers/fsl_gpio.o
 .debug_line    0x0000380a     0x1419 ./drivers/fsl_i2c.o
 .debug_line    0x00004c23      0xe75 ./drivers/fsl_lpuart.o
 .debug_line    0x00005a98      0x5fa ./drivers/fsl_smc.o
 .debug_line    0x00006092      0xf78 ./drivers/fsl_spi.o
 .debug_line    0x0000700a      0x2f4 ./device/system_MKL43Z4.o
 .debug_line    0x000072fe      0x558 ./board/board.o
 .debug_line    0x00007856      0x431 ./board/clock_config.o

.debug_str      0x00000000    0x572f9
 .debug_str     0x00000000     0x3091 ./startup/startup_mkl43z4.o
                               0x3101 (size before relaxing)
 .debug_str     0x00003091    0x4d26b ./source/SD2_board.o
                              0x501e7 (size before relaxing)
 .debug_str     0x000502fc     0x1706 ./source/ejemplo_clock.o
                              0x50b8b (size before relaxing)
 .debug_str     0x00051a02       0x83 ./source/key.o
                              0x470bc (size before relaxing)
 .debug_str     0x00051a85      0x532 ./source/mtb.o
                               0x3214 (size before relaxing)
 .debug_str     0x00051fb7      0x4ba ./source/power_mode_switch.o
                              0x508b0 (size before relaxing)
 .debug_str     0x00052471       0x1f ./source/semihost_hardfault.o
                               0x2d01 (size before relaxing)
 .debug_str     0x00052490      0x856 ./drivers/fsl_clock.o
                              0x4fe64 (size before relaxing)
 .debug_str     0x00052ce6      0x780 ./drivers/fsl_dma.o
                              0x4fb85 (size before relaxing)
 .debug_str     0x00053466     0x1345 ./drivers/fsl_flexio.o
                              0x505a0 (size before relaxing)
 .debug_str     0x000547ab       0xe9 ./drivers/fsl_gpio.o
                              0x4f1c4 (size before relaxing)
 .debug_str     0x00054894      0xcb0 ./drivers/fsl_i2c.o
                              0x50127 (size before relaxing)
 .debug_str     0x00055544      0xd77 ./drivers/fsl_lpuart.o
                              0x50251 (size before relaxing)
 .debug_str     0x000562bb      0x2be ./drivers/fsl_smc.o
                              0x4f42c (size before relaxing)
 .debug_str     0x00056579      0xac7 ./drivers/fsl_spi.o
                              0x4ffa4 (size before relaxing)
 .debug_str     0x00057040       0x7c ./device/system_MKL43Z4.o
                              0x4da49 (size before relaxing)
 .debug_str     0x000570bc       0xda ./board/board.o
                              0x4fece (size before relaxing)
 .debug_str     0x00057196      0x163 ./board/clock_config.o
                              0x4f6f6 (size before relaxing)

.comment        0x00000000       0x49
 .comment       0x00000000       0x49 ./startup/startup_mkl43z4.o
                                 0x4a (size before relaxing)
 .comment       0x00000049       0x4a ./source/SD2_board.o
 .comment       0x00000049       0x4a ./source/ejemplo_clock.o
 .comment       0x00000049       0x4a ./source/key.o
 .comment       0x00000049       0x4a ./source/mtb.o
 .comment       0x00000049       0x4a ./source/power_mode_switch.o
 .comment       0x00000049       0x4a ./source/semihost_hardfault.o
 .comment       0x00000049       0x4a ./drivers/fsl_clock.o
 .comment       0x00000049       0x4a ./drivers/fsl_dma.o
 .comment       0x00000049       0x4a ./drivers/fsl_flexio.o
 .comment       0x00000049       0x4a ./drivers/fsl_gpio.o
 .comment       0x00000049       0x4a ./drivers/fsl_i2c.o
 .comment       0x00000049       0x4a ./drivers/fsl_lpuart.o
 .comment       0x00000049       0x4a ./drivers/fsl_smc.o
 .comment       0x00000049       0x4a ./drivers/fsl_spi.o
 .comment       0x00000049       0x4a ./device/system_MKL43Z4.o
 .comment       0x00000049       0x4a ./board/board.o
 .comment       0x00000049       0x4a ./board/clock_config.o
 .comment       0x00000049       0x4a c:/nxp/mcuxpressoide_11.5.1_7266/ide/plugins/com.nxp.mcuxpresso.tools.win32_11.5.1.202201181444/tools/bin/../lib/gcc/arm-none-eabi/10.3.1/../../../../arm-none-eabi/lib/thumb/v6-m/nofp\libcr_semihost_nf.a(_cr__main.o)
 .comment       0x00000049       0x4a c:/nxp/mcuxpressoide_11.5.1_7266/ide/plugins/com.nxp.mcuxpresso.tools.win32_11.5.1.202201181444/tools/bin/../lib/gcc/arm-none-eabi/10.3.1/../../../../arm-none-eabi/lib/thumb/v6-m/nofp\libcr_semihost_nf.a(_cr_assert.o)
 .comment       0x00000049       0x4a c:/nxp/mcuxpressoide_11.5.1_7266/ide/plugins/com.nxp.mcuxpresso.tools.win32_11.5.1.202201181444/tools/bin/../lib/gcc/arm-none-eabi/10.3.1/../../../../arm-none-eabi/lib/thumb/v6-m/nofp\libcr_semihost_nf.a(__ciob.o)
 .comment       0x00000049       0x4a c:/nxp/mcuxpressoide_11.5.1_7266/ide/plugins/com.nxp.mcuxpresso.tools.win32_11.5.1.202201181444/tools/bin/../lib/gcc/arm-none-eabi/10.3.1/../../../../arm-none-eabi/lib/thumb/v6-m/nofp\libcr_c.a(memset.o)
 .comment       0x00000049       0x4a c:/nxp/mcuxpressoide_11.5.1_7266/ide/plugins/com.nxp.mcuxpresso.tools.win32_11.5.1.202201181444/tools/bin/../lib/gcc/arm-none-eabi/10.3.1/../../../../arm-none-eabi/lib/thumb/v6-m/nofp\libcr_c.a(_deferredlazyseek.o)
 .comment       0x00000049       0x4a c:/nxp/mcuxpressoide_11.5.1_7266/ide/plugins/com.nxp.mcuxpresso.tools.win32_11.5.1.202201181444/tools/bin/../lib/gcc/arm-none-eabi/10.3.1/../../../../arm-none-eabi/lib/thumb/v6-m/nofp\libcr_c.a(_fflush.o)
 .comment       0x00000049       0x4a c:/nxp/mcuxpressoide_11.5.1_7266/ide/plugins/com.nxp.mcuxpresso.tools.win32_11.5.1.202201181444/tools/bin/../lib/gcc/arm-none-eabi/10.3.1/../../../../arm-none-eabi/lib/thumb/v6-m/nofp\libcr_c.a(_writebuf.o)
 .comment       0x00000049       0x4a c:/nxp/mcuxpressoide_11.5.1_7266/ide/plugins/com.nxp.mcuxpresso.tools.win32_11.5.1.202201181444/tools/bin/../lib/gcc/arm-none-eabi/10.3.1/../../../../arm-none-eabi/lib/thumb/v6-m/nofp\libcr_c.a(alloc.o)
 .comment       0x00000049       0x4a c:/nxp/mcuxpressoide_11.5.1_7266/ide/plugins/com.nxp.mcuxpresso.tools.win32_11.5.1.202201181444/tools/bin/../lib/gcc/arm-none-eabi/10.3.1/../../../../arm-none-eabi/lib/thumb/v6-m/nofp\libcr_c.a(fputs.o)
 .comment       0x00000049       0x4a c:/nxp/mcuxpressoide_11.5.1_7266/ide/plugins/com.nxp.mcuxpresso.tools.win32_11.5.1.202201181444/tools/bin/../lib/gcc/arm-none-eabi/10.3.1/../../../../arm-none-eabi/lib/thumb/v6-m/nofp\libcr_c.a(fseek.o)
 .comment       0x00000049       0x4a c:/nxp/mcuxpressoide_11.5.1_7266/ide/plugins/com.nxp.mcuxpresso.tools.win32_11.5.1.202201181444/tools/bin/../lib/gcc/arm-none-eabi/10.3.1/../../../../arm-none-eabi/lib/thumb/v6-m/nofp\libcr_c.a(ftell.o)
 .comment       0x00000049       0x4a c:/nxp/mcuxpressoide_11.5.1_7266/ide/plugins/com.nxp.mcuxpresso.tools.win32_11.5.1.202201181444/tools/bin/../lib/gcc/arm-none-eabi/10.3.1/../../../../arm-none-eabi/lib/thumb/v6-m/nofp\libcr_c.a(initio.o)
 .comment       0x00000049       0x4a c:/nxp/mcuxpressoide_11.5.1_7266/ide/plugins/com.nxp.mcuxpresso.tools.win32_11.5.1.202201181444/tools/bin/../lib/gcc/arm-none-eabi/10.3.1/../../../../arm-none-eabi/lib/thumb/v6-m/nofp\libcr_c.a(printf.o)
 .comment       0x00000049       0x4a c:/nxp/mcuxpressoide_11.5.1_7266/ide/plugins/com.nxp.mcuxpresso.tools.win32_11.5.1.202201181444/tools/bin/../lib/gcc/arm-none-eabi/10.3.1/../../../../arm-none-eabi/lib/thumb/v6-m/nofp\libcr_c.a(setvbuf.o)
 .comment       0x00000049       0x4a c:/nxp/mcuxpressoide_11.5.1_7266/ide/plugins/com.nxp.mcuxpresso.tools.win32_11.5.1.202201181444/tools/bin/../lib/gcc/arm-none-eabi/10.3.1/../../../../arm-none-eabi/lib/thumb/v6-m/nofp\libcr_c.a(strlen.o)
 .comment       0x00000049       0x4a c:/nxp/mcuxpressoide_11.5.1_7266/ide/plugins/com.nxp.mcuxpresso.tools.win32_11.5.1.202201181444/tools/bin/../lib/gcc/arm-none-eabi/10.3.1/../../../../arm-none-eabi/lib/thumb/v6-m/nofp\libcr_c.a(__init_alloc.o)
 .comment       0x00000049       0x4a c:/nxp/mcuxpressoide_11.5.1_7266/ide/plugins/com.nxp.mcuxpresso.tools.win32_11.5.1.202201181444/tools/bin/../lib/gcc/arm-none-eabi/10.3.1/../../../../arm-none-eabi/lib/thumb/v6-m/nofp\libcr_c.a(_cr_sbrk.o)
 .comment       0x00000049       0x4a c:/nxp/mcuxpressoide_11.5.1_7266/ide/plugins/com.nxp.mcuxpresso.tools.win32_11.5.1.202201181444/tools/bin/../lib/gcc/arm-none-eabi/10.3.1/../../../../arm-none-eabi/lib/thumb/v6-m/nofp\libcr_c.a(_fdopen.o)
 .comment       0x00000049       0x4a c:/nxp/mcuxpressoide_11.5.1_7266/ide/plugins/com.nxp.mcuxpresso.tools.win32_11.5.1.202201181444/tools/bin/../lib/gcc/arm-none-eabi/10.3.1/../../../../arm-none-eabi/lib/thumb/v6-m/nofp\libcr_c.a(errno.o)
 .comment       0x00000049       0x4a c:/nxp/mcuxpressoide_11.5.1_7266/ide/plugins/com.nxp.mcuxpresso.tools.win32_11.5.1.202201181444/tools/bin/../lib/gcc/arm-none-eabi/10.3.1/../../../../arm-none-eabi/lib/thumb/v6-m/nofp\libcr_c.a(fclose.o)
 .comment       0x00000049       0x4a c:/nxp/mcuxpressoide_11.5.1_7266/ide/plugins/com.nxp.mcuxpresso.tools.win32_11.5.1.202201181444/tools/bin/../lib/gcc/arm-none-eabi/10.3.1/../../../../arm-none-eabi/lib/thumb/v6-m/nofp\libcr_c.a(fflush.o)
 .comment       0x00000049       0x4a c:/nxp/mcuxpressoide_11.5.1_7266/ide/plugins/com.nxp.mcuxpresso.tools.win32_11.5.1.202201181444/tools/bin/../lib/gcc/arm-none-eabi/10.3.1/../../../../arm-none-eabi/lib/thumb/v6-m/nofp\libcr_c.a(remove.o)
 .comment       0x00000049       0x4a c:/nxp/mcuxpressoide_11.5.1_7266/ide/plugins/com.nxp.mcuxpresso.tools.win32_11.5.1.202201181444/tools/bin/../lib/gcc/arm-none-eabi/10.3.1/../../../../arm-none-eabi/lib/thumb/v6-m/nofp\libcr_c.a(_cr_check_heap.o)
 .comment       0x00000049       0x4a c:/nxp/mcuxpressoide_11.5.1_7266/ide/plugins/com.nxp.mcuxpresso.tools.win32_11.5.1.202201181444/tools/bin/../lib/gcc/arm-none-eabi/10.3.1/../../../../arm-none-eabi/lib/thumb/v6-m/nofp\libcr_c.a(_do_fflush.o)

.ARM.attributes
                0x00000000       0x2a
 .ARM.attributes
                0x00000000       0x2c ./startup/startup_mkl43z4.o
 .ARM.attributes
                0x0000002c       0x2c ./source/SD2_board.o
 .ARM.attributes
                0x00000058       0x2c ./source/ejemplo_clock.o
 .ARM.attributes
                0x00000084       0x2c ./source/key.o
 .ARM.attributes
                0x000000b0       0x32 ./source/mtb.o
 .ARM.attributes
                0x000000e2       0x2c ./source/power_mode_switch.o
 .ARM.attributes
                0x0000010e       0x2c ./source/semihost_hardfault.o
 .ARM.attributes
                0x0000013a       0x2c ./drivers/fsl_clock.o
 .ARM.attributes
                0x00000166       0x2c ./drivers/fsl_dma.o
 .ARM.attributes
                0x00000192       0x2c ./drivers/fsl_flexio.o
 .ARM.attributes
                0x000001be       0x2c ./drivers/fsl_gpio.o
 .ARM.attributes
                0x000001ea       0x2c ./drivers/fsl_i2c.o
 .ARM.attributes
                0x00000216       0x2c ./drivers/fsl_lpuart.o
 .ARM.attributes
                0x00000242       0x2c ./drivers/fsl_smc.o
 .ARM.attributes
                0x0000026e       0x2c ./drivers/fsl_spi.o
 .ARM.attributes
                0x0000029a       0x2c ./device/system_MKL43Z4.o
 .ARM.attributes
                0x000002c6       0x2c ./board/board.o
 .ARM.attributes
                0x000002f2       0x2c ./board/clock_config.o
 .ARM.attributes
                0x0000031e       0x2c c:/nxp/mcuxpressoide_11.5.1_7266/ide/plugins/com.nxp.mcuxpresso.tools.win32_11.5.1.202201181444/tools/bin/../lib/gcc/arm-none-eabi/10.3.1/../../../../arm-none-eabi/lib/thumb/v6-m/nofp\libcr_semihost_nf.a(_cr__main.o)
 .ARM.attributes
                0x0000034a       0x2c c:/nxp/mcuxpressoide_11.5.1_7266/ide/plugins/com.nxp.mcuxpresso.tools.win32_11.5.1.202201181444/tools/bin/../lib/gcc/arm-none-eabi/10.3.1/../../../../arm-none-eabi/lib/thumb/v6-m/nofp\libcr_semihost_nf.a(_cr_assert.o)
 .ARM.attributes
                0x00000376       0x31 c:/nxp/mcuxpressoide_11.5.1_7266/ide/plugins/com.nxp.mcuxpresso.tools.win32_11.5.1.202201181444/tools/bin/../lib/gcc/arm-none-eabi/10.3.1/../../../../arm-none-eabi/lib/thumb/v6-m/nofp\libcr_semihost_nf.a(__ciob.o)
 .ARM.attributes
                0x000003a7       0x1c c:/nxp/mcuxpressoide_11.5.1_7266/ide/plugins/com.nxp.mcuxpresso.tools.win32_11.5.1.202201181444/tools/bin/../lib/gcc/arm-none-eabi/10.3.1/../../../../arm-none-eabi/lib/thumb/v6-m/nofp\libcr_semihost_nf.a(__sys_appexit.o)
 .ARM.attributes
                0x000003c3       0x2c c:/nxp/mcuxpressoide_11.5.1_7266/ide/plugins/com.nxp.mcuxpresso.tools.win32_11.5.1.202201181444/tools/bin/../lib/gcc/arm-none-eabi/10.3.1/../../../../arm-none-eabi/lib/thumb/v6-m/nofp\libcr_c.a(memset.o)
 .ARM.attributes
                0x000003ef       0x2c c:/nxp/mcuxpressoide_11.5.1_7266/ide/plugins/com.nxp.mcuxpresso.tools.win32_11.5.1.202201181444/tools/bin/../lib/gcc/arm-none-eabi/10.3.1/../../../../arm-none-eabi/lib/thumb/v6-m/nofp\libcr_c.a(_deferredlazyseek.o)
 .ARM.attributes
                0x0000041b       0x2c c:/nxp/mcuxpressoide_11.5.1_7266/ide/plugins/com.nxp.mcuxpresso.tools.win32_11.5.1.202201181444/tools/bin/../lib/gcc/arm-none-eabi/10.3.1/../../../../arm-none-eabi/lib/thumb/v6-m/nofp\libcr_c.a(_fflush.o)
 .ARM.attributes
                0x00000447       0x2c c:/nxp/mcuxpressoide_11.5.1_7266/ide/plugins/com.nxp.mcuxpresso.tools.win32_11.5.1.202201181444/tools/bin/../lib/gcc/arm-none-eabi/10.3.1/../../../../arm-none-eabi/lib/thumb/v6-m/nofp\libcr_c.a(_writebuf.o)
 .ARM.attributes
                0x00000473       0x2c c:/nxp/mcuxpressoide_11.5.1_7266/ide/plugins/com.nxp.mcuxpresso.tools.win32_11.5.1.202201181444/tools/bin/../lib/gcc/arm-none-eabi/10.3.1/../../../../arm-none-eabi/lib/thumb/v6-m/nofp\libcr_c.a(alloc.o)
 .ARM.attributes
                0x0000049f       0x2c c:/nxp/mcuxpressoide_11.5.1_7266/ide/plugins/com.nxp.mcuxpresso.tools.win32_11.5.1.202201181444/tools/bin/../lib/gcc/arm-none-eabi/10.3.1/../../../../arm-none-eabi/lib/thumb/v6-m/nofp\libcr_c.a(fputs.o)
 .ARM.attributes
                0x000004cb       0x2c c:/nxp/mcuxpressoide_11.5.1_7266/ide/plugins/com.nxp.mcuxpresso.tools.win32_11.5.1.202201181444/tools/bin/../lib/gcc/arm-none-eabi/10.3.1/../../../../arm-none-eabi/lib/thumb/v6-m/nofp\libcr_c.a(fseek.o)
 .ARM.attributes
                0x000004f7       0x2c c:/nxp/mcuxpressoide_11.5.1_7266/ide/plugins/com.nxp.mcuxpresso.tools.win32_11.5.1.202201181444/tools/bin/../lib/gcc/arm-none-eabi/10.3.1/../../../../arm-none-eabi/lib/thumb/v6-m/nofp\libcr_c.a(ftell.o)
 .ARM.attributes
                0x00000523       0x2c c:/nxp/mcuxpressoide_11.5.1_7266/ide/plugins/com.nxp.mcuxpresso.tools.win32_11.5.1.202201181444/tools/bin/../lib/gcc/arm-none-eabi/10.3.1/../../../../arm-none-eabi/lib/thumb/v6-m/nofp\libcr_c.a(initio.o)
 .ARM.attributes
                0x0000054f       0x2c c:/nxp/mcuxpressoide_11.5.1_7266/ide/plugins/com.nxp.mcuxpresso.tools.win32_11.5.1.202201181444/tools/bin/../lib/gcc/arm-none-eabi/10.3.1/../../../../arm-none-eabi/lib/thumb/v6-m/nofp\libcr_c.a(printf.o)
 .ARM.attributes
                0x0000057b       0x2c c:/nxp/mcuxpressoide_11.5.1_7266/ide/plugins/com.nxp.mcuxpresso.tools.win32_11.5.1.202201181444/tools/bin/../lib/gcc/arm-none-eabi/10.3.1/../../../../arm-none-eabi/lib/thumb/v6-m/nofp\libcr_c.a(setvbuf.o)
 .ARM.attributes
                0x000005a7       0x2c c:/nxp/mcuxpressoide_11.5.1_7266/ide/plugins/com.nxp.mcuxpresso.tools.win32_11.5.1.202201181444/tools/bin/../lib/gcc/arm-none-eabi/10.3.1/../../../../arm-none-eabi/lib/thumb/v6-m/nofp\libcr_c.a(strlen.o)
 .ARM.attributes
                0x000005d3       0x2c c:/nxp/mcuxpressoide_11.5.1_7266/ide/plugins/com.nxp.mcuxpresso.tools.win32_11.5.1.202201181444/tools/bin/../lib/gcc/arm-none-eabi/10.3.1/../../../../arm-none-eabi/lib/thumb/v6-m/nofp\libcr_c.a(__init_alloc.o)
 .ARM.attributes
                0x000005ff       0x2c c:/nxp/mcuxpressoide_11.5.1_7266/ide/plugins/com.nxp.mcuxpresso.tools.win32_11.5.1.202201181444/tools/bin/../lib/gcc/arm-none-eabi/10.3.1/../../../../arm-none-eabi/lib/thumb/v6-m/nofp\libcr_c.a(_cr_sbrk.o)
 .ARM.attributes
                0x0000062b       0x2c c:/nxp/mcuxpressoide_11.5.1_7266/ide/plugins/com.nxp.mcuxpresso.tools.win32_11.5.1.202201181444/tools/bin/../lib/gcc/arm-none-eabi/10.3.1/../../../../arm-none-eabi/lib/thumb/v6-m/nofp\libcr_c.a(_fdopen.o)
 .ARM.attributes
                0x00000657       0x31 c:/nxp/mcuxpressoide_11.5.1_7266/ide/plugins/com.nxp.mcuxpresso.tools.win32_11.5.1.202201181444/tools/bin/../lib/gcc/arm-none-eabi/10.3.1/../../../../arm-none-eabi/lib/thumb/v6-m/nofp\libcr_c.a(errno.o)
 .ARM.attributes
                0x00000688       0x2c c:/nxp/mcuxpressoide_11.5.1_7266/ide/plugins/com.nxp.mcuxpresso.tools.win32_11.5.1.202201181444/tools/bin/../lib/gcc/arm-none-eabi/10.3.1/../../../../arm-none-eabi/lib/thumb/v6-m/nofp\libcr_c.a(fclose.o)
 .ARM.attributes
                0x000006b4       0x2c c:/nxp/mcuxpressoide_11.5.1_7266/ide/plugins/com.nxp.mcuxpresso.tools.win32_11.5.1.202201181444/tools/bin/../lib/gcc/arm-none-eabi/10.3.1/../../../../arm-none-eabi/lib/thumb/v6-m/nofp\libcr_c.a(fflush.o)
 .ARM.attributes
                0x000006e0       0x2c c:/nxp/mcuxpressoide_11.5.1_7266/ide/plugins/com.nxp.mcuxpresso.tools.win32_11.5.1.202201181444/tools/bin/../lib/gcc/arm-none-eabi/10.3.1/../../../../arm-none-eabi/lib/thumb/v6-m/nofp\libcr_c.a(remove.o)
 .ARM.attributes
                0x0000070c       0x2c c:/nxp/mcuxpressoide_11.5.1_7266/ide/plugins/com.nxp.mcuxpresso.tools.win32_11.5.1.202201181444/tools/bin/../lib/gcc/arm-none-eabi/10.3.1/../../../../arm-none-eabi/lib/thumb/v6-m/nofp\libcr_c.a(_cr_check_heap.o)
 .ARM.attributes
                0x00000738       0x2c c:/nxp/mcuxpressoide_11.5.1_7266/ide/plugins/com.nxp.mcuxpresso.tools.win32_11.5.1.202201181444/tools/bin/../lib/gcc/arm-none-eabi/10.3.1/../../../../arm-none-eabi/lib/thumb/v6-m/nofp\libcr_c.a(_do_fflush.o)
 .ARM.attributes
                0x00000764       0x1c c:/nxp/mcuxpressoide_11.5.1_7266/ide/plugins/com.nxp.mcuxpresso.tools.win32_11.5.1.202201181444/tools/bin/../lib/gcc/arm-none-eabi/10.3.1/thumb/v6-m/nofp\libcr_eabihelpers.a(division_32.o)
 .ARM.attributes
                0x00000780       0x1c c:/nxp/mcuxpressoide_11.5.1_7266/ide/plugins/com.nxp.mcuxpresso.tools.win32_11.5.1.202201181444/tools/bin/../lib/gcc/arm-none-eabi/10.3.1/thumb/v6-m/nofp\libcr_eabihelpers.a(division_idiv0.o)
 .ARM.attributes
                0x0000079c       0x1c c:/nxp/mcuxpressoide_11.5.1_7266/ide/plugins/com.nxp.mcuxpresso.tools.win32_11.5.1.202201181444/tools/bin/../lib/gcc/arm-none-eabi/10.3.1/thumb/v6-m/nofp\libcr_eabihelpers.a(llong.o)
 .ARM.attributes
                0x000007b8       0x1c c:/nxp/mcuxpressoide_11.5.1_7266/ide/plugins/com.nxp.mcuxpresso.tools.win32_11.5.1.202201181444/tools/bin/../lib/gcc/arm-none-eabi/10.3.1/thumb/v6-m/nofp\libcr_eabihelpers.a(memcpy.o)
 .ARM.attributes
                0x000007d4       0x1c c:/nxp/mcuxpressoide_11.5.1_7266/ide/plugins/com.nxp.mcuxpresso.tools.win32_11.5.1.202201181444/tools/bin/../lib/gcc/arm-none-eabi/10.3.1/thumb/v6-m/nofp\libcr_eabihelpers.a(thumb1_switch_helpers.o)
 .ARM.attributes
                0x000007f0       0x1c c:/nxp/mcuxpressoide_11.5.1_7266/ide/plugins/com.nxp.mcuxpresso.tools.win32_11.5.1.202201181444/tools/bin/../lib/gcc/arm-none-eabi/10.3.1/../../../../arm-none-eabi/lib/thumb/v6-m/nofp\libcr_semihost_nf.a(__sys_close.o)
 .ARM.attributes
                0x0000080c       0x1c c:/nxp/mcuxpressoide_11.5.1_7266/ide/plugins/com.nxp.mcuxpresso.tools.win32_11.5.1.202201181444/tools/bin/../lib/gcc/arm-none-eabi/10.3.1/../../../../arm-none-eabi/lib/thumb/v6-m/nofp\libcr_semihost_nf.a(__sys_flen.o)
 .ARM.attributes
                0x00000828       0x1c c:/nxp/mcuxpressoide_11.5.1_7266/ide/plugins/com.nxp.mcuxpresso.tools.win32_11.5.1.202201181444/tools/bin/../lib/gcc/arm-none-eabi/10.3.1/../../../../arm-none-eabi/lib/thumb/v6-m/nofp\libcr_semihost_nf.a(__sys_istty.o)
 .ARM.attributes
                0x00000844       0x1c c:/nxp/mcuxpressoide_11.5.1_7266/ide/plugins/com.nxp.mcuxpresso.tools.win32_11.5.1.202201181444/tools/bin/../lib/gcc/arm-none-eabi/10.3.1/../../../../arm-none-eabi/lib/thumb/v6-m/nofp\libcr_semihost_nf.a(__sys_remove.o)
 .ARM.attributes
                0x00000860       0x1c c:/nxp/mcuxpressoide_11.5.1_7266/ide/plugins/com.nxp.mcuxpresso.tools.win32_11.5.1.202201181444/tools/bin/../lib/gcc/arm-none-eabi/10.3.1/../../../../arm-none-eabi/lib/thumb/v6-m/nofp\libcr_semihost_nf.a(__sys_seek.o)
 .ARM.attributes
                0x0000087c       0x1c c:/nxp/mcuxpressoide_11.5.1_7266/ide/plugins/com.nxp.mcuxpresso.tools.win32_11.5.1.202201181444/tools/bin/../lib/gcc/arm-none-eabi/10.3.1/../../../../arm-none-eabi/lib/thumb/v6-m/nofp\libcr_semihost_nf.a(__sys_tmpnam.o)
 .ARM.attributes
                0x00000898       0x1c c:/nxp/mcuxpressoide_11.5.1_7266/ide/plugins/com.nxp.mcuxpresso.tools.win32_11.5.1.202201181444/tools/bin/../lib/gcc/arm-none-eabi/10.3.1/../../../../arm-none-eabi/lib/thumb/v6-m/nofp\libcr_semihost_nf.a(__sys_write.o)

.debug_frame    0x00000000     0x2364
 .debug_frame   0x00000000      0x3b0 ./startup/startup_mkl43z4.o
 .debug_frame   0x000003b0      0x1e8 ./source/SD2_board.o
 .debug_frame   0x00000598       0xcc ./source/ejemplo_clock.o
 .debug_frame   0x00000664       0x70 ./source/key.o
 .debug_frame   0x000006d4       0xec ./source/power_mode_switch.o
 .debug_frame   0x000007c0       0x20 ./source/semihost_hardfault.o
 .debug_frame   0x000007e0      0x2e8 ./drivers/fsl_clock.o
 .debug_frame   0x00000ac8      0x2e0 ./drivers/fsl_dma.o
 .debug_frame   0x00000da8      0x278 ./drivers/fsl_flexio.o
 .debug_frame   0x00001020      0x150 ./drivers/fsl_gpio.o
 .debug_frame   0x00001170      0x58c ./drivers/fsl_i2c.o
 .debug_frame   0x000016fc      0x428 ./drivers/fsl_lpuart.o
 .debug_frame   0x00001b24      0x1e0 ./drivers/fsl_smc.o
 .debug_frame   0x00001d04      0x4c8 ./drivers/fsl_spi.o
 .debug_frame   0x000021cc       0x68 ./device/system_MKL43Z4.o
 .debug_frame   0x00002234       0x70 ./board/board.o
 .debug_frame   0x000022a4       0xc0 ./board/clock_config.o

Cross Reference Table

Symbol                                            File
ADC0_DriverIRQHandler                             ./startup/startup_mkl43z4.o
ADC0_IRQHandler                                   ./startup/startup_mkl43z4.o
APP_CheckPowerMode                                ./source/power_mode_switch.o
APP_PowerModeSwitch                               ./source/power_mode_switch.o
                                                  ./source/ejemplo_clock.o
APP_SetClockRunFromVlpr                           ./source/power_mode_switch.o
APP_SetClockVlpr                                  ./source/power_mode_switch.o
APP_ShowPowerMode                                 ./source/power_mode_switch.o
                                                  ./source/ejemplo_clock.o
BOARD_BootClockRUN                                ./board/clock_config.o
BOARD_BootClockVLPR                               ./board/clock_config.o
BOARD_InitACCEL_I2CPins                           ./board/pin_mux.o
BOARD_InitBUTTONSPins                             ./board/pin_mux.o
BOARD_InitBootClocks                              ./board/clock_config.o
                                                  ./source/ejemplo_clock.o
BOARD_InitBootPeripherals                         ./board/peripherals.o
BOARD_InitBootPins                                ./board/pin_mux.o
BOARD_InitDEBUG_UARTPins                          ./board/pin_mux.o
BOARD_InitDebugConsole                            ./board/board.o
                                                  ./source/ejemplo_clock.o
BOARD_InitLCDPins                                 ./board/pin_mux.o
BOARD_InitLEDsPins                                ./board/pin_mux.o
BOARD_InitOSCPins                                 ./board/pin_mux.o
BOARD_InitPins                                    ./board/pin_mux.o
BOARD_InitUSBPins                                 ./board/pin_mux.o
CLOCK_DeinitOsc0                                  ./drivers/fsl_clock.o
CLOCK_EnableUsbfs0Clock                           ./drivers/fsl_clock.o
CLOCK_GetBusClkFreq                               ./drivers/fsl_clock.o
CLOCK_GetCoreSysClkFreq                           ./drivers/fsl_clock.o
CLOCK_GetEr32kClkFreq                             ./drivers/fsl_clock.o
CLOCK_GetFlashClkFreq                             ./drivers/fsl_clock.o
CLOCK_GetFreq                                     ./drivers/fsl_clock.o
                                                  ./board/board.o
                                                  ./source/ejemplo_clock.o
                                                  ./source/SD2_board.o
CLOCK_GetInternalRefClkFreq                       ./drivers/fsl_clock.o
CLOCK_GetMode                                     ./drivers/fsl_clock.o
CLOCK_GetOsc0ErClkFreq                            ./drivers/fsl_clock.o
CLOCK_GetOutClkFreq                               ./drivers/fsl_clock.o
CLOCK_GetPeriphClkFreq                            ./drivers/fsl_clock.o
CLOCK_GetPlatClkFreq                              ./drivers/fsl_clock.o
CLOCK_InitOsc0                                    ./drivers/fsl_clock.o
CLOCK_SetMcgliteConfig                            ./drivers/fsl_clock.o
                                                  ./board/clock_config.o
                                                  ./source/power_mode_switch.o
CLOCK_SetSimConfig                                ./drivers/fsl_clock.o
                                                  ./board/clock_config.o
                                                  ./source/power_mode_switch.o
CMP0_DriverIRQHandler                             ./startup/startup_mkl43z4.o
CMP0_IRQHandler                                   ./startup/startup_mkl43z4.o
DAC0_DriverIRQHandler                             ./startup/startup_mkl43z4.o
DAC0_IRQHandler                                   ./startup/startup_mkl43z4.o
DMA0_DriverIRQHandler                             ./drivers/fsl_dma.o
                                                  ./startup/startup_mkl43z4.o
DMA0_IRQHandler                                   ./startup/startup_mkl43z4.o
DMA1_DriverIRQHandler                             ./drivers/fsl_dma.o
                                                  ./startup/startup_mkl43z4.o
DMA1_IRQHandler                                   ./startup/startup_mkl43z4.o
DMA2_DriverIRQHandler                             ./drivers/fsl_dma.o
                                                  ./startup/startup_mkl43z4.o
DMA2_IRQHandler                                   ./startup/startup_mkl43z4.o
DMA3_DriverIRQHandler                             ./drivers/fsl_dma.o
                                                  ./startup/startup_mkl43z4.o
DMA3_IRQHandler                                   ./startup/startup_mkl43z4.o
DMAMUX_Deinit                                     ./drivers/fsl_dmamux.o
DMAMUX_Init                                       ./drivers/fsl_dmamux.o
DMA_AbortTransfer                                 ./drivers/fsl_dma.o
                                                  ./drivers/fsl_i2c_dma.o
                                                  ./drivers/fsl_flexio_spi_dma.o
DMA_CreateHandle                                  ./drivers/fsl_dma.o
DMA_Deinit                                        ./drivers/fsl_dma.o
DMA_HandleIRQ                                     ./drivers/fsl_dma.o
DMA_Init                                          ./drivers/fsl_dma.o
DMA_PrepareTransfer                               ./drivers/fsl_dma.o
DMA_ResetChannel                                  ./drivers/fsl_dma.o
DMA_SetCallback                                   ./drivers/fsl_dma.o
                                                  ./drivers/fsl_spi_dma.o
                                                  ./drivers/fsl_i2c_dma.o
                                                  ./drivers/fsl_flexio_spi_dma.o
DMA_SetChannelLinkConfig                          ./drivers/fsl_dma.o
DMA_SetModulo                                     ./drivers/fsl_dma.o
DMA_SetTransferConfig                             ./drivers/fsl_dma.o
DMA_SubmitTransfer                                ./drivers/fsl_dma.o
                                                  ./drivers/fsl_spi_dma.o
                                                  ./drivers/fsl_i2c_dma.o
                                                  ./drivers/fsl_flexio_spi_dma.o
DbgConsole_ReadCharacter                          ./utilities/fsl_debug_console.o
DbgConsole_ReadLine                               ./utilities/fsl_debug_console.o
DbgConsole_ReadOneCharacter                       ./utilities/fsl_debug_console.o
DbgConsole_SendData                               ./utilities/fsl_debug_console.o
DbgConsole_SendDataReliable                       ./utilities/fsl_debug_console.o
FGPIO_PinInit                                     ./drivers/fsl_gpio.o
FGPIO_PortClearInterruptFlags                     ./drivers/fsl_gpio.o
FGPIO_PortGetInterruptFlags                       ./drivers/fsl_gpio.o
FLEXIO0_DriverIRQHandler                          ./drivers/fsl_flexio.o
FLEXIO1_DriverIRQHandler                          ./drivers/fsl_flexio.o
FLEXIO2_DriverIRQHandler                          ./drivers/fsl_flexio.o
FLEXIO3_DriverIRQHandler                          ./drivers/fsl_flexio.o
FLEXIO_CommonIRQHandler                           ./drivers/fsl_flexio.o
FLEXIO_Deinit                                     ./drivers/fsl_flexio.o
FLEXIO_DriverIRQHandler                           ./drivers/fsl_flexio.o
FLEXIO_GetDefaultConfig                           ./drivers/fsl_flexio.o
FLEXIO_GetInstance                                ./drivers/fsl_flexio.o
                                                  ./drivers/fsl_flexio_spi.o
                                                  ./drivers/fsl_flexio_i2c_master.o
FLEXIO_GetShifterBufferAddress                    ./drivers/fsl_flexio.o
                                                  ./drivers/fsl_flexio_spi_dma.o
FLEXIO_I2C_MasterAbortStop                        ./drivers/fsl_flexio_i2c_master.o
FLEXIO_I2C_MasterClearStatusFlags                 ./drivers/fsl_flexio_i2c_master.o
FLEXIO_I2C_MasterDeinit                           ./drivers/fsl_flexio_i2c_master.o
FLEXIO_I2C_MasterDisableInterrupts                ./drivers/fsl_flexio_i2c_master.o
FLEXIO_I2C_MasterEnableAck                        ./drivers/fsl_flexio_i2c_master.o
FLEXIO_I2C_MasterEnableInterrupts                 ./drivers/fsl_flexio_i2c_master.o
FLEXIO_I2C_MasterGetDefaultConfig                 ./drivers/fsl_flexio_i2c_master.o
FLEXIO_I2C_MasterGetStatusFlags                   ./drivers/fsl_flexio_i2c_master.o
FLEXIO_I2C_MasterInit                             ./drivers/fsl_flexio_i2c_master.o
FLEXIO_I2C_MasterReadBlocking                     ./drivers/fsl_flexio_i2c_master.o
FLEXIO_I2C_MasterRepeatedStart                    ./drivers/fsl_flexio_i2c_master.o
FLEXIO_I2C_MasterSetBaudRate                      ./drivers/fsl_flexio_i2c_master.o
FLEXIO_I2C_MasterSetTransferCount                 ./drivers/fsl_flexio_i2c_master.o
FLEXIO_I2C_MasterStart                            ./drivers/fsl_flexio_i2c_master.o
FLEXIO_I2C_MasterStop                             ./drivers/fsl_flexio_i2c_master.o
FLEXIO_I2C_MasterTransferAbort                    ./drivers/fsl_flexio_i2c_master.o
FLEXIO_I2C_MasterTransferBlocking                 ./drivers/fsl_flexio_i2c_master.o
FLEXIO_I2C_MasterTransferCreateHandle             ./drivers/fsl_flexio_i2c_master.o
FLEXIO_I2C_MasterTransferGetCount                 ./drivers/fsl_flexio_i2c_master.o
FLEXIO_I2C_MasterTransferHandleIRQ                ./drivers/fsl_flexio_i2c_master.o
FLEXIO_I2C_MasterTransferNonBlocking              ./drivers/fsl_flexio_i2c_master.o
FLEXIO_I2C_MasterWriteBlocking                    ./drivers/fsl_flexio_i2c_master.o
FLEXIO_Init                                       ./drivers/fsl_flexio.o
FLEXIO_RegisterHandleIRQ                          ./drivers/fsl_flexio.o
                                                  ./drivers/fsl_flexio_spi.o
                                                  ./drivers/fsl_flexio_i2c_master.o
FLEXIO_Reset                                      ./drivers/fsl_flexio.o
FLEXIO_SPI_ClearStatusFlags                       ./drivers/fsl_flexio_spi.o
FLEXIO_SPI_DisableInterrupts                      ./drivers/fsl_flexio_spi.o
FLEXIO_SPI_EnableDMA                              ./drivers/fsl_flexio_spi.o
                                                  ./drivers/fsl_flexio_spi_dma.o
FLEXIO_SPI_EnableInterrupts                       ./drivers/fsl_flexio_spi.o
FLEXIO_SPI_GetStatusFlags                         ./drivers/fsl_flexio_spi.o
FLEXIO_SPI_MasterDeinit                           ./drivers/fsl_flexio_spi.o
FLEXIO_SPI_MasterGetDefaultConfig                 ./drivers/fsl_flexio_spi.o
FLEXIO_SPI_MasterInit                             ./drivers/fsl_flexio_spi.o
FLEXIO_SPI_MasterSetBaudRate                      ./drivers/fsl_flexio_spi.o
FLEXIO_SPI_MasterTransferAbort                    ./drivers/fsl_flexio_spi.o
FLEXIO_SPI_MasterTransferAbortDMA                 ./drivers/fsl_flexio_spi_dma.o
FLEXIO_SPI_MasterTransferBlocking                 ./drivers/fsl_flexio_spi.o
FLEXIO_SPI_MasterTransferCreateHandle             ./drivers/fsl_flexio_spi.o
FLEXIO_SPI_MasterTransferCreateHandleDMA          ./drivers/fsl_flexio_spi_dma.o
FLEXIO_SPI_MasterTransferDMA                      ./drivers/fsl_flexio_spi_dma.o
FLEXIO_SPI_MasterTransferGetCount                 ./drivers/fsl_flexio_spi.o
FLEXIO_SPI_MasterTransferGetCountDMA              ./drivers/fsl_flexio_spi_dma.o
FLEXIO_SPI_MasterTransferHandleIRQ                ./drivers/fsl_flexio_spi.o
FLEXIO_SPI_MasterTransferNonBlocking              ./drivers/fsl_flexio_spi.o
FLEXIO_SPI_ReadBlocking                           ./drivers/fsl_flexio_spi.o
FLEXIO_SPI_SlaveDeinit                            ./drivers/fsl_flexio_spi.o
FLEXIO_SPI_SlaveGetDefaultConfig                  ./drivers/fsl_flexio_spi.o
FLEXIO_SPI_SlaveInit                              ./drivers/fsl_flexio_spi.o
FLEXIO_SPI_SlaveTransferCreateHandle              ./drivers/fsl_flexio_spi.o
FLEXIO_SPI_SlaveTransferDMA                       ./drivers/fsl_flexio_spi_dma.o
FLEXIO_SPI_SlaveTransferHandleIRQ                 ./drivers/fsl_flexio_spi.o
FLEXIO_SPI_SlaveTransferNonBlocking               ./drivers/fsl_flexio_spi.o
FLEXIO_SPI_WriteBlocking                          ./drivers/fsl_flexio_spi.o
FLEXIO_SetShifterConfig                           ./drivers/fsl_flexio.o
                                                  ./drivers/fsl_flexio_spi.o
                                                  ./drivers/fsl_flexio_i2c_master.o
FLEXIO_SetTimerConfig                             ./drivers/fsl_flexio.o
                                                  ./drivers/fsl_flexio_spi.o
                                                  ./drivers/fsl_flexio_i2c_master.o
FLEXIO_UnregisterHandleIRQ                        ./drivers/fsl_flexio.o
FTFA_DriverIRQHandler                             ./startup/startup_mkl43z4.o
FTFA_IRQHandler                                   ./startup/startup_mkl43z4.o
Flash_Config                                      ./startup/startup_mkl43z4.o
GPIO_PinInit                                      ./drivers/fsl_gpio.o
                                                  ./board/pin_mux.o
                                                  ./source/SD2_board.o
GPIO_PortClearInterruptFlags                      ./drivers/fsl_gpio.o
GPIO_PortGetInterruptFlags                        ./drivers/fsl_gpio.o
HAL_UartDeinit                                    ./component/uart/lpuart_adapter.o
                                                  ./component/serial_manager/serial_port_uart.o
HAL_UartEnterLowpower                             ./component/uart/lpuart_adapter.o
                                                  ./component/serial_manager/serial_port_uart.o
HAL_UartExitLowpower                              ./component/uart/lpuart_adapter.o
                                                  ./component/serial_manager/serial_port_uart.o
HAL_UartInit                                      ./component/uart/lpuart_adapter.o
                                                  ./component/serial_manager/serial_port_uart.o
HAL_UartReceiveBlocking                           ./component/uart/lpuart_adapter.o
                                                  ./component/serial_manager/serial_port_uart.o
HAL_UartSendBlocking                              ./component/uart/lpuart_adapter.o
                                                  ./component/serial_manager/serial_port_uart.o
HardFault_Handler                                 ./source/semihost_hardfault.o
                                                  ./startup/startup_mkl43z4.o
I2C0_DriverIRQHandler                             ./drivers/fsl_i2c.o
                                                  ./startup/startup_mkl43z4.o
I2C0_IRQHandler                                   ./startup/startup_mkl43z4.o
I2C1_DriverIRQHandler                             ./drivers/fsl_i2c.o
                                                  ./startup/startup_mkl43z4.o
I2C1_IRQHandler                                   ./startup/startup_mkl43z4.o
I2C_DisableInterrupts                             ./drivers/fsl_i2c.o
I2C_EnableInterrupts                              ./drivers/fsl_i2c.o
I2C_GetInstance                                   ./drivers/fsl_i2c.o
                                                  ./drivers/fsl_i2c_dma.o
I2C_MasterDeinit                                  ./drivers/fsl_i2c.o
I2C_MasterGetDefaultConfig                        ./drivers/fsl_i2c.o
I2C_MasterGetStatusFlags                          ./drivers/fsl_i2c.o
I2C_MasterInit                                    ./drivers/fsl_i2c.o
I2C_MasterReadBlocking                            ./drivers/fsl_i2c.o
I2C_MasterRepeatedStart                           ./drivers/fsl_i2c.o
                                                  ./drivers/fsl_i2c_dma.o
I2C_MasterSetBaudRate                             ./drivers/fsl_i2c.o
I2C_MasterStart                                   ./drivers/fsl_i2c.o
                                                  ./drivers/fsl_i2c_dma.o
I2C_MasterStop                                    ./drivers/fsl_i2c.o
                                                  ./drivers/fsl_i2c_dma.o
I2C_MasterTransferAbort                           ./drivers/fsl_i2c.o
I2C_MasterTransferAbortDMA                        ./drivers/fsl_i2c_dma.o
I2C_MasterTransferBlocking                        ./drivers/fsl_i2c.o
I2C_MasterTransferCreateHandle                    ./drivers/fsl_i2c.o
I2C_MasterTransferCreateHandleDMA                 ./drivers/fsl_i2c_dma.o
I2C_MasterTransferDMA                             ./drivers/fsl_i2c_dma.o
I2C_MasterTransferGetCount                        ./drivers/fsl_i2c.o
I2C_MasterTransferGetCountDMA                     ./drivers/fsl_i2c_dma.o
I2C_MasterTransferHandleIRQ                       ./drivers/fsl_i2c.o
I2C_MasterTransferNonBlocking                     ./drivers/fsl_i2c.o
I2C_MasterWriteBlocking                           ./drivers/fsl_i2c.o
I2C_SlaveDeinit                                   ./drivers/fsl_i2c.o
I2C_SlaveGetDefaultConfig                         ./drivers/fsl_i2c.o
I2C_SlaveInit                                     ./drivers/fsl_i2c.o
I2C_SlaveReadBlocking                             ./drivers/fsl_i2c.o
I2C_SlaveTransferAbort                            ./drivers/fsl_i2c.o
I2C_SlaveTransferCreateHandle                     ./drivers/fsl_i2c.o
I2C_SlaveTransferGetCount                         ./drivers/fsl_i2c.o
I2C_SlaveTransferHandleIRQ                        ./drivers/fsl_i2c.o
I2C_SlaveTransferNonBlocking                      ./drivers/fsl_i2c.o
I2C_SlaveWriteBlocking                            ./drivers/fsl_i2c.o
I2S0_DriverIRQHandler                             ./startup/startup_mkl43z4.o
I2S0_IRQHandler                                   ./startup/startup_mkl43z4.o
IntDefaultHandler                                 ./startup/startup_mkl43z4.o
LCD_DriverIRQHandler                              ./startup/startup_mkl43z4.o
LCD_IRQHandler                                    ./startup/startup_mkl43z4.o
LIST_AddHead                                      ./component/lists/generic_list.o
LIST_AddPrevElement                               ./component/lists/generic_list.o
LIST_AddTail                                      ./component/lists/generic_list.o
LIST_GetAvailableSize                             ./component/lists/generic_list.o
LIST_GetHead                                      ./component/lists/generic_list.o
LIST_GetList                                      ./component/lists/generic_list.o
LIST_GetNext                                      ./component/lists/generic_list.o
LIST_GetPrev                                      ./component/lists/generic_list.o
LIST_GetSize                                      ./component/lists/generic_list.o
LIST_Init                                         ./component/lists/generic_list.o
LIST_RemoveElement                                ./component/lists/generic_list.o
LIST_RemoveHead                                   ./component/lists/generic_list.o
LLWU_DriverIRQHandler                             ./startup/startup_mkl43z4.o
LLWU_IRQHandler                                   ./startup/startup_mkl43z4.o
LPTMR0_DriverIRQHandler                           ./startup/startup_mkl43z4.o
LPTMR0_IRQHandler                                 ./startup/startup_mkl43z4.o
LPUART0_DriverIRQHandler                          ./drivers/fsl_lpuart.o
                                                  ./startup/startup_mkl43z4.o
LPUART0_IRQHandler                                ./startup/startup_mkl43z4.o
LPUART1_DriverIRQHandler                          ./drivers/fsl_lpuart.o
                                                  ./startup/startup_mkl43z4.o
LPUART1_IRQHandler                                ./startup/startup_mkl43z4.o
LPUART_ClearStatusFlags                           ./drivers/fsl_lpuart.o
LPUART_Deinit                                     ./drivers/fsl_lpuart.o
                                                  ./component/uart/lpuart_adapter.o
LPUART_DisableInterrupts                          ./drivers/fsl_lpuart.o
LPUART_EnableInterrupts                           ./drivers/fsl_lpuart.o
LPUART_GetDefaultConfig                           ./drivers/fsl_lpuart.o
                                                  ./component/uart/lpuart_adapter.o
LPUART_GetEnabledInterrupts                       ./drivers/fsl_lpuart.o
LPUART_GetInstance                                ./drivers/fsl_lpuart.o
LPUART_GetStatusFlags                             ./drivers/fsl_lpuart.o
LPUART_Init                                       ./drivers/fsl_lpuart.o
                                                  ./component/uart/lpuart_adapter.o
LPUART_ReadBlocking                               ./drivers/fsl_lpuart.o
                                                  ./component/uart/lpuart_adapter.o
LPUART_SetBaudRate                                ./drivers/fsl_lpuart.o
LPUART_TransferAbortReceive                       ./drivers/fsl_lpuart.o
LPUART_TransferAbortSend                          ./drivers/fsl_lpuart.o
LPUART_TransferCreateHandle                       ./drivers/fsl_lpuart.o
LPUART_TransferGetReceiveCount                    ./drivers/fsl_lpuart.o
LPUART_TransferGetRxRingBufferLength              ./drivers/fsl_lpuart.o
LPUART_TransferGetSendCount                       ./drivers/fsl_lpuart.o
LPUART_TransferHandleErrorIRQ                     ./drivers/fsl_lpuart.o
LPUART_TransferHandleIRQ                          ./drivers/fsl_lpuart.o
LPUART_TransferReceiveNonBlocking                 ./drivers/fsl_lpuart.o
LPUART_TransferSendNonBlocking                    ./drivers/fsl_lpuart.o
LPUART_TransferStartRingBuffer                    ./drivers/fsl_lpuart.o
LPUART_TransferStopRingBuffer                     ./drivers/fsl_lpuart.o
LPUART_WriteBlocking                              ./drivers/fsl_lpuart.o
                                                  ./component/uart/lpuart_adapter.o
NMI_Handler                                       ./startup/startup_mkl43z4.o
PIT_DriverIRQHandler                              ./startup/startup_mkl43z4.o
PIT_IRQHandler                                    ./startup/startup_mkl43z4.o