Archive member included to satisfy reference by file (symbol)

c:/nxp/mcuxpressoide_11.5.1_7266/ide/plugins/com.nxp.mcuxpresso.tools.win32_11.5.1.202201181444/tools/bin/../lib/gcc/arm-none-eabi/10.3.1/../../../../arm-none-eabi/lib/thumb/v6-m/nofp\libcr_semihost_nf.a(_cr__main.o)
                              ./startup/startup_mkl43z4.o (__main)
c:/nxp/mcuxpressoide_11.5.1_7266/ide/plugins/com.nxp.mcuxpresso.tools.win32_11.5.1.202201181444/tools/bin/../lib/gcc/arm-none-eabi/10.3.1/../../../../arm-none-eabi/lib/thumb/v6-m/nofp\libcr_semihost_nf.a(_cr_assert.o)
                              ./utilities/fsl_debug_console.o (__assertion_failed)
c:/nxp/mcuxpressoide_11.5.1_7266/ide/plugins/com.nxp.mcuxpresso.tools.win32_11.5.1.202201181444/tools/bin/../lib/gcc/arm-none-eabi/10.3.1/../../../../arm-none-eabi/lib/thumb/v6-m/nofp\libcr_semihost_nf.a(__ciob.o)
                              c:/nxp/mcuxpressoide_11.5.1_7266/ide/plugins/com.nxp.mcuxpresso.tools.win32_11.5.1.202201181444/tools/bin/../lib/gcc/arm-none-eabi/10.3.1/../../../../arm-none-eabi/lib/thumb/v6-m/nofp\libcr_semihost_nf.a(_cr_assert.o) (__Ciob)
c:/nxp/mcuxpressoide_11.5.1_7266/ide/plugins/com.nxp.mcuxpresso.tools.win32_11.5.1.202201181444/tools/bin/../lib/gcc/arm-none-eabi/10.3.1/../../../../arm-none-eabi/lib/thumb/v6-m/nofp\libcr_semihost_nf.a(__sys_appexit.o)
                              c:/nxp/mcuxpressoide_11.5.1_7266/ide/plugins/com.nxp.mcuxpresso.tools.win32_11.5.1.202201181444/tools/bin/../lib/gcc/arm-none-eabi/10.3.1/../../../../arm-none-eabi/lib/thumb/v6-m/nofp\libcr_semihost_nf.a(_cr_assert.o) (__sys_appexit)
c:/nxp/mcuxpressoide_11.5.1_7266/ide/plugins/com.nxp.mcuxpresso.tools.win32_11.5.1.202201181444/tools/bin/../lib/gcc/arm-none-eabi/10.3.1/../../../../arm-none-eabi/lib/thumb/v6-m/nofp\libcr_c.a(memcpy.o)
                              ./utilities/fsl_str.o (memcpy)
c:/nxp/mcuxpressoide_11.5.1_7266/ide/plugins/com.nxp.mcuxpresso.tools.win32_11.5.1.202201181444/tools/bin/../lib/gcc/arm-none-eabi/10.3.1/../../../../arm-none-eabi/lib/thumb/v6-m/nofp\libcr_c.a(memset.o)
                              ./source/mma8451.o (memset)
c:/nxp/mcuxpressoide_11.5.1_7266/ide/plugins/com.nxp.mcuxpresso.tools.win32_11.5.1.202201181444/tools/bin/../lib/gcc/arm-none-eabi/10.3.1/../../../../arm-none-eabi/lib/thumb/v6-m/nofp\libcr_c.a(_deferredlazyseek.o)
                              c:/nxp/mcuxpressoide_11.5.1_7266/ide/plugins/com.nxp.mcuxpresso.tools.win32_11.5.1.202201181444/tools/bin/../lib/gcc/arm-none-eabi/10.3.1/../../../../arm-none-eabi/lib/thumb/v6-m/nofp\libcr_semihost_nf.a(_cr_assert.o) (__flsbuf)
c:/nxp/mcuxpressoide_11.5.1_7266/ide/plugins/com.nxp.mcuxpresso.tools.win32_11.5.1.202201181444/tools/bin/../lib/gcc/arm-none-eabi/10.3.1/../../../../arm-none-eabi/lib/thumb/v6-m/nofp\libcr_c.a(_fflush.o)
                              c:/nxp/mcuxpressoide_11.5.1_7266/ide/plugins/com.nxp.mcuxpresso.tools.win32_11.5.1.202201181444/tools/bin/../lib/gcc/arm-none-eabi/10.3.1/../../../../arm-none-eabi/lib/thumb/v6-m/nofp\libcr_c.a(_deferredlazyseek.o) (_fflush)
c:/nxp/mcuxpressoide_11.5.1_7266/ide/plugins/com.nxp.mcuxpresso.tools.win32_11.5.1.202201181444/tools/bin/../lib/gcc/arm-none-eabi/10.3.1/../../../../arm-none-eabi/lib/thumb/v6-m/nofp\libcr_c.a(_writebuf.o)
                              c:/nxp/mcuxpressoide_11.5.1_7266/ide/plugins/com.nxp.mcuxpresso.tools.win32_11.5.1.202201181444/tools/bin/../lib/gcc/arm-none-eabi/10.3.1/../../../../arm-none-eabi/lib/thumb/v6-m/nofp\libcr_c.a(_deferredlazyseek.o) (_Cwritebuf)
c:/nxp/mcuxpressoide_11.5.1_7266/ide/plugins/com.nxp.mcuxpresso.tools.win32_11.5.1.202201181444/tools/bin/../lib/gcc/arm-none-eabi/10.3.1/../../../../arm-none-eabi/lib/thumb/v6-m/nofp\libcr_c.a(alloc.o)
                              ./drivers/fsl_common.o (malloc)
c:/nxp/mcuxpressoide_11.5.1_7266/ide/plugins/com.nxp.mcuxpresso.tools.win32_11.5.1.202201181444/tools/bin/../lib/gcc/arm-none-eabi/10.3.1/../../../../arm-none-eabi/lib/thumb/v6-m/nofp\libcr_c.a(fputs.o)
                              c:/nxp/mcuxpressoide_11.5.1_7266/ide/plugins/com.nxp.mcuxpresso.tools.win32_11.5.1.202201181444/tools/bin/../lib/gcc/arm-none-eabi/10.3.1/../../../../arm-none-eabi/lib/thumb/v6-m/nofp\libcr_semihost_nf.a(_cr_assert.o) (fputs)
c:/nxp/mcuxpressoide_11.5.1_7266/ide/plugins/com.nxp.mcuxpresso.tools.win32_11.5.1.202201181444/tools/bin/../lib/gcc/arm-none-eabi/10.3.1/../../../../arm-none-eabi/lib/thumb/v6-m/nofp\libcr_c.a(fseek.o)
                              c:/nxp/mcuxpressoide_11.5.1_7266/ide/plugins/com.nxp.mcuxpresso.tools.win32_11.5.1.202201181444/tools/bin/../lib/gcc/arm-none-eabi/10.3.1/../../../../arm-none-eabi/lib/thumb/v6-m/nofp\libcr_c.a(_deferredlazyseek.o) (fseek)
c:/nxp/mcuxpressoide_11.5.1_7266/ide/plugins/com.nxp.mcuxpresso.tools.win32_11.5.1.202201181444/tools/bin/../lib/gcc/arm-none-eabi/10.3.1/../../../../arm-none-eabi/lib/thumb/v6-m/nofp\libcr_c.a(ftell.o)
[...]
Memory Configuration

Name             Origin             Length             Attributes
PROGRAM_FLASH    0x00000000         0x00040000         xr
SRAM             0x1fffe000         0x00008000         xrw
*default*        0x00000000         0xffffffff

Linker script and memory map

LOAD ./utilities/fsl_debug_console.o
LOAD ./utilities/fsl_str.o
LOAD ./startup/startup_mkl43z4.o
LOAD ./source/SD2_I2C.o
LOAD ./source/SD2_board.o
LOAD ./source/TP2.o
LOAD ./source/coyote.o
LOAD ./source/display_utils.o
LOAD ./source/font5x7.o
LOAD ./source/key.o
LOAD ./source/mef.o
LOAD ./source/mma8451.o
LOAD ./source/mtb.o
LOAD ./source/oled.o
LOAD ./source/power_mode_switch.o
LOAD ./source/semihost_hardfault.o
LOAD ./drivers/fsl_clock.o
LOAD ./drivers/fsl_common.o
LOAD ./drivers/fsl_dma.o
LOAD ./drivers/fsl_dmamux.o
LOAD ./drivers/fsl_flexio.o
LOAD ./drivers/fsl_flexio_i2c_master.o
LOAD ./drivers/fsl_flexio_spi.o
LOAD ./drivers/fsl_flexio_spi_dma.o
LOAD ./drivers/fsl_gpio.o
LOAD ./drivers/fsl_i2c.o
LOAD ./drivers/fsl_i2c_dma.o
LOAD ./drivers/fsl_lpuart.o
LOAD ./drivers/fsl_smc.o
LOAD ./drivers/fsl_spi.o
LOAD ./drivers/fsl_spi_dma.o
LOAD ./drivers/fsl_uart.o
LOAD ./device/system_MKL43Z4.o
LOAD ./component/uart/lpuart_adapter.o
LOAD ./component/serial_manager/serial_manager.o
LOAD ./component/serial_manager/serial_port_uart.o
LOAD ./component/lists/generic_list.o
LOAD ./board/board.o
LOAD ./board/clock_config.o
LOAD ./board/peripherals.o
LOAD ./board/pin_mux.o
START GROUP
LOAD c:/nxp/mcuxpressoide_11.5.1_7266/ide/plugins/com.nxp.mcuxpresso.tools.win32_11.5.1.202201181444/tools/bin/../lib/gcc/arm-none-eabi/10.3.1/../../../../arm-none-eabi/lib/thumb/v6-m/nofp\libcr_semihost_nf.a
LOAD c:/nxp/mcuxpressoide_11.5.1_7266/ide/plugins/com.nxp.mcuxpresso.tools.win32_11.5.1.202201181444/tools/bin/../lib/gcc/arm-none-eabi/10.3.1/../../../../arm-none-eabi/lib/thumb/v6-m/nofp\libcr_c.a
LOAD c:/nxp/mcuxpressoide_11.5.1_7266/ide/plugins/com.nxp.mcuxpresso.tools.win32_11.5.1.202201181444/tools/bin/../lib/gcc/arm-none-eabi/10.3.1/thumb/v6-m/nofp\libcr_eabihelpers.a
LOAD c:/nxp/mcuxpressoide_11.5.1_7266/ide/plugins/com.nxp.mcuxpresso.tools.win32_11.5.1.202201181444/tools/bin/../lib/gcc/arm-none-eabi/10.3.1/thumb/v6-m/nofp\libgcc.a
END GROUP
                0x00000000                __base_PROGRAM_FLASH = 0x0
                0x00000000                __base_Flash = 0x0
                0x00040000                __top_PROGRAM_FLASH = 0x40000
                0x00040000                __top_Flash = 0x40000
                0x1fffe000                __base_SRAM = 0x1fffe000
                0x1fffe000                __base_RAM = 0x1fffe000
                0x20006000                __top_SRAM = 0x20006000
                0x20006000                __top_RAM = 0x20006000

.text           0x00000000     0x6bc4
 FILL mask 0xff
                0x00000000                __vectors_start__ = ABSOLUTE (.)
 *(SORT_BY_ALIGNMENT(.isr_vector))
 .isr_vector    0x00000000       0xc0 ./startup/startup_mkl43z4.o
                0x00000000                g_pfnVectors
                0x00000000                __Vectors
                0x000000c0                . = ALIGN (0x4)
                0x000000c0                __section_table_start = .
                0x000000c0                __data_section_table = .
                0x000000c0        0x4 LONG 0x6bc4 LOADADDR (.data)
                0x000000c4        0x4 LONG 0x1fffe080 ADDR (.data)
                0x000000c8        0x4 LONG 0x51c SIZEOF (.data)
                0x000000cc                __data_section_table_end = .
                0x000000cc                __bss_section_table = .
                0x000000cc        0x4 LONG 0x1fffe59c ADDR (.bss)
                0x000000d0        0x4 LONG 0x54c SIZEOF (.bss)
                0x000000d4                __bss_section_table_end = .
                0x000000d4                __section_table_end = .
 *(SORT_BY_ALIGNMENT(.after_vectors*))
 .after_vectors.reset
                0x000000d4       0x4c ./startup/startup_mkl43z4.o
                0x000000d4                ResetISR
 .after_vectors.init_data
                0x00000120       0x12 ./startup/startup_mkl43z4.o
                0x00000120                data_init
 .after_vectors.init_bss
                0x00000132       0x10 ./startup/startup_mkl43z4.o
                0x00000132                bss_init
 .after_vectors
                0x00000142      0x10c ./startup/startup_mkl43z4.o
                0x00000142                NMI_Handler
                0x00000146                SVC_Handler
                0x00000148                PendSV_Handler
                0x0000014c                LPTMR0_DriverIRQHandler
                0x0000014c                PORTC_PORTD_DriverIRQHandler
                0x0000014c                Reserved42_DriverIRQHandler
                0x0000014c                Reserved43_DriverIRQHandler
                0x0000014c                PIT_DriverIRQHandler
                0x0000014c                CMP0_DriverIRQHandler
                0x0000014c                I2S0_DriverIRQHandler
                0x0000014c                ADC0_DriverIRQHandler
                0x0000014c                TPM2_DriverIRQHandler
                0x0000014c                TPM0_DriverIRQHandler
                0x0000014c                PMC_DriverIRQHandler
                0x0000014c                LCD_DriverIRQHandler
                0x0000014c                RTC_Seconds_DriverIRQHandler
                0x0000014c                LLWU_DriverIRQHandler
                0x0000014c                RTC_DriverIRQHandler
                0x0000014c                TPM1_DriverIRQHandler
                0x0000014c                PORTA_DriverIRQHandler
                0x0000014c                FTFA_DriverIRQHandler
                0x0000014c                IntDefaultHandler
                0x0000014c                USB0_DriverIRQHandler
                0x0000014c                DAC0_DriverIRQHandler
                0x0000014c                Reserved20_DriverIRQHandler
                0x0000014e                DMA0_IRQHandler
                0x00000156                DMA1_IRQHandler
                0x0000015e                DMA2_IRQHandler
                0x00000166                DMA3_IRQHandler
                0x0000016e                Reserved20_IRQHandler
                0x00000176                FTFA_IRQHandler
                0x0000017e                PMC_IRQHandler
                0x00000186                LLWU_IRQHandler
                0x0000018e                I2C0_IRQHandler
                0x00000196                I2C1_IRQHandler
                0x0000019e                SPI0_IRQHandler
                0x000001a6                SPI1_IRQHandler
                0x000001ae                LPUART0_IRQHandler
                0x000001b6                LPUART1_IRQHandler
                0x000001be                UART2_FLEXIO_IRQHandler
                0x000001c6                ADC0_IRQHandler
                0x000001ce                CMP0_IRQHandler
                0x000001d6                TPM0_IRQHandler
                0x000001de                TPM1_IRQHandler
                0x000001e6                TPM2_IRQHandler
                0x000001ee                RTC_IRQHandler
                0x000001f6                RTC_Seconds_IRQHandler
                0x000001fe                PIT_IRQHandler
                0x00000206                I2S0_IRQHandler
                0x0000020e                USB0_IRQHandler
                0x00000216                DAC0_IRQHandler
                0x0000021e                Reserved42_IRQHandler
                0x00000226                Reserved43_IRQHandler
                0x0000022e                LPTMR0_IRQHandler
                0x00000236                LCD_IRQHandler
                0x0000023e                PORTA_IRQHandler
                0x00000400                . = 0x400
 *fill*         0x0000024e      0x1b2 ff
                0x00000400                PROVIDE (__FLASH_CONFIG_START__ = .)
 *(SORT_BY_ALIGNMENT(.FlashConfig))
 .FlashConfig   0x00000400       0x10 ./startup/startup_mkl43z4.o
                0x00000400                Flash_Config
                0x00000410                PROVIDE (__FLASH_CONFIG_END__ = .)
                0x00000001                ASSERT (! ((__FLASH_CONFIG_START__ == __FLASH_CONFIG_END__)), Linker Flash Config Support Enabled, but no .FlashConfig section provided within application)
 *(SORT_BY_ALIGNMENT(.text*))
 .text.CLOCK_EnableClock
                0x00000410       0x34 ./source/SD2_I2C.o
 .text.PORT_SetPinConfig
                0x00000444       0x38 ./source/SD2_I2C.o
 .text.I2C_releaseBus
                0x0000047c      0x124 ./source/SD2_I2C.o
 .text.I2C_configPins
                0x000005a0       0x80 ./source/SD2_I2C.o
 .text.SD2_I2C_init
                0x00000620       0x44 ./source/SD2_I2C.o
                0x00000620                SD2_I2C_init
 .text.CLOCK_EnableClock
                0x00000664       0x34 ./source/SD2_board.o
 .text.PORT_SetPinConfig
                0x00000698       0x38 ./source/SD2_board.o
 .text.board_init
                0x000006d0      0x220 ./source/SD2_board.o
                0x000006d0                board_init
 .text.board_setLed
                0x000008f0       0xd8 ./source/SD2_board.o
                0x000008f0                board_setLed
 .text.board_setOledPin
                0x000009c8       0x50 ./source/SD2_board.o
                0x000009c8                board_setOledPin
 .text.board_getSw
                0x00000a18       0x50 ./source/SD2_board.o
                0x00000a18                board_getSw
 .text.board_configSPI1
                0x00000a68       0x90 ./source/SD2_board.o
                0x00000a68                board_configSPI1
 .text.board_SPISend
                0x00000af8       0x38 ./source/SD2_board.o
                0x00000af8                board_SPISend
 .text.__NVIC_SetPriority
                0x00000b30       0xdc ./source/TP2.o
 .text.SysTick_Config
                0x00000c0c       0x48 ./source/TP2.o
 .text.main     0x00000c54       0x84 ./source/TP2.o
                0x00000c54                main
 .text.display_sleepingState
                0x00000cd8       0x20 ./source/display_utils.o
                0x00000cd8                display_sleepingState
 .text.display_accelDisplayState
                0x00000cf8       0xc8 ./source/display_utils.o
                0x00000cf8                display_accelDisplayState
 .text.key_init
                0x00000dc0       0x40 ./source/key.o
                0x00000dc0                key_init
 .text.key_getPressEv
                0x00000e00       0x44 ./source/key.o
                0x00000e00                key_getPressEv
 .text.key_periodicTask1ms
                0x00000e44       0x98 ./source/key.o
                0x00000e44                key_periodicTask1ms
 .text.mef_init
                0x00000edc       0x94 ./source/mef.o
                0x00000edc                mef_init
 .text.mef_run  0x00000f70      0x1a4 ./source/mef.o
                0x00000f70                mef_run
 .text.mef_periodicTask1ms
                0x00001114       0x3c ./source/mef.o
                0x00001114                mef_periodicTask1ms
 .text.__NVIC_EnableIRQ
                0x00001150       0x34 ./source/mma8451.o
 .text.__NVIC_SetPriority
                0x00001184       0xdc ./source/mma8451.o
 .text.PORT_SetPinConfig
                0x00001260       0x38 ./source/mma8451.o
 .text.PORT_SetPinInterruptConfig
                0x00001298       0x40 ./source/mma8451.o
 .text.mma8451_read_reg
                0x000012d8       0x68 ./source/mma8451.o
 .text.mma8451_read_multi_reg
                0x00001340       0x68 ./source/mma8451.o
 .text.mma8451_write_reg
                0x000013a8       0x68 ./source/mma8451.o
 .text.config_port_int1
                0x00001410       0x74 ./source/mma8451.o
 .text.mma8451_enable_DR_IRQ
                0x00001484       0xa0 ./source/mma8451.o
                0x00001484                mma8451_enable_DR_IRQ
 .text.mma8451_disable_DR_IRQ
                0x00001524       0xa0 ./source/mma8451.o
                0x00001524                mma8451_disable_DR_IRQ
 .text.mma8451_getAcX
                0x000015c4       0x54 ./source/mma8451.o
                0x000015c4                mma8451_getAcX
 .text.mma8451_getAcY
                0x00001618       0x54 ./source/mma8451.o
                0x00001618                mma8451_getAcY
 .text.mma8451_getAcZ
                0x0000166c       0x54 ./source/mma8451.o
                0x0000166c                mma8451_getAcZ
 .text.mma8451_getIsFalling
                0x000016c0       0x2c ./source/mma8451.o
                0x000016c0                mma8451_getIsFalling
 .text.PORTC_PORTD_IRQHandler
                0x000016ec      0x154 ./source/mma8451.o
                0x000016ec                PORTC_PORTD_IRQHandler
 .text.oled_init
                0x00001840       0x50 ./source/oled.o
                0x00001840                oled_init
 .text.oled_putPixel
                0x00001890      0x1bc ./source/oled.o
                0x00001890                oled_putPixel
 .text.oled_clearScreen
                0x00001a4c       0x84 ./source/oled.o
                0x00001a4c                oled_clearScreen
 .text.oled_putChar
                0x00001ad0      0x148 ./source/oled.o
                0x00001ad0                oled_putChar
 .text.CLOCK_SetSimSafeDivs
                0x00001c18       0x20 ./source/power_mode_switch.o
 .text.APP_SetClockRunFromVlpr
                0x00001c38       0x44 ./source/power_mode_switch.o
                0x00001c38                APP_SetClockRunFromVlpr
 .text.APP_SetClockVlpr
                0x00001c7c       0x44 ./source/power_mode_switch.o
                0x00001c7c                APP_SetClockVlpr
 .text.APP_ShowPowerMode
                0x00001cc0       0x78 ./source/power_mode_switch.o
                0x00001cc0                APP_ShowPowerMode
 .text.APP_PowerModeSwitch
                0x00001d38      0x14c ./source/power_mode_switch.o
                0x00001d38                APP_PowerModeSwitch
 .text.HardFault_Handler
                0x00001e84       0x30 ./source/semihost_hardfault.o
                0x00001e84                HardFault_Handler
 .text.CLOCK_SetEr32kClock
                0x00001eb4       0x34 ./drivers/fsl_clock.o
 .text.CLOCK_GetLircClkFreq
                0x00001ee8       0x50 ./drivers/fsl_clock.o
 .text.CLOCK_GetOsc0ErClkFreq
                0x00001f38       0x44 ./drivers/fsl_clock.o
                0x00001f38                CLOCK_GetOsc0ErClkFreq
 .text.CLOCK_GetEr32kClkFreq
                0x00001f7c       0x78 ./drivers/fsl_clock.o
                0x00001f7c                CLOCK_GetEr32kClkFreq
 .text.CLOCK_GetFreq
                0x00001ff4       0xc0 ./drivers/fsl_clock.o
                0x00001ff4                CLOCK_GetFreq
 .text.CLOCK_SetSimConfig
                0x000020b4       0x2c ./drivers/fsl_clock.o
                0x000020b4                CLOCK_SetSimConfig
 .text.CLOCK_GetInternalRefClkFreq
                0x000020e0       0x48 ./drivers/fsl_clock.o
                0x000020e0                CLOCK_GetInternalRefClkFreq
 .text.CLOCK_GetPeriphClkFreq
                0x00002128       0x3c ./drivers/fsl_clock.o
                0x00002128                CLOCK_GetPeriphClkFreq
 .text.CLOCK_GetOutClkFreq
                0x00002164       0x7c ./drivers/fsl_clock.o
                0x00002164                CLOCK_GetOutClkFreq
 .text.CLOCK_SetMcgliteConfig
                0x000021e0      0x110 ./drivers/fsl_clock.o
                0x000021e0                CLOCK_SetMcgliteConfig
 .text.DMA_ClearChannelStatusFlags
                0x000022f0       0x54 ./drivers/fsl_dma.o
 .text.DMA_HandleIRQ
                0x00002344       0x4c ./drivers/fsl_dma.o
                0x00002344                DMA_HandleIRQ
 .text.DMA0_DriverIRQHandler
                0x00002390       0x18 ./drivers/fsl_dma.o
                0x00002390                DMA0_DriverIRQHandler
 .text.DMA1_DriverIRQHandler
                0x000023a8       0x18 ./drivers/fsl_dma.o
                0x000023a8                DMA1_DriverIRQHandler
 .text.DMA2_DriverIRQHandler
                0x000023c0       0x18 ./drivers/fsl_dma.o
                0x000023c0                DMA2_DriverIRQHandler
 .text.DMA3_DriverIRQHandler
                0x000023d8       0x18 ./drivers/fsl_dma.o
                0x000023d8                DMA3_DriverIRQHandler
 .text.FLEXIO_CommonIRQHandler
                0x000023f0       0x68 ./drivers/fsl_flexio.o
                0x000023f0                FLEXIO_CommonIRQHandler
 .text.GPIO_PinInit
                0x00002458       0x68 ./drivers/fsl_gpio.o
                0x00002458                GPIO_PinInit
 .text.CLOCK_EnableClock
                0x000024c0       0x34 ./drivers/fsl_i2c.o
 .text.I2C_GetInstance
                0x000024f4       0x4c ./drivers/fsl_i2c.o
                0x000024f4                I2C_GetInstance
 .text.I2C_CheckAndClearError
                0x00002540       0x40 ./drivers/fsl_i2c.o
 .text.I2C_TransferCommonIRQHandler
                0x00002580       0x64 ./drivers/fsl_i2c.o
 .text.I2C_MasterInit
                0x000025e4      0x108 ./drivers/fsl_i2c.o
                0x000025e4                I2C_MasterInit
 .text.I2C_MasterGetDefaultConfig
                0x000026ec       0x4c ./drivers/fsl_i2c.o
                0x000026ec                I2C_MasterGetDefaultConfig
 .text.I2C_MasterSetBaudRate
                0x00002738       0xf8 ./drivers/fsl_i2c.o
                0x00002738                I2C_MasterSetBaudRate
 .text.I2C_MasterStart
                0x00002830       0x84 ./drivers/fsl_i2c.o
                0x00002830                I2C_MasterStart
 .text.I2C_MasterRepeatedStart
                0x000028b4       0xcc ./drivers/fsl_i2c.o
                0x000028b4                I2C_MasterRepeatedStart
 .text.I2C_MasterWriteBlocking
                0x00002980       0xec ./drivers/fsl_i2c.o
                0x00002980                I2C_MasterWriteBlocking
 .text.I2C_MasterTransferBlocking
                0x00002a6c      0x27c ./drivers/fsl_i2c.o
                0x00002a6c                I2C_MasterTransferBlocking
 .text.I2C0_DriverIRQHandler
                0x00002ce8       0x20 ./drivers/fsl_i2c.o
                0x00002ce8                I2C0_DriverIRQHandler
 .text.I2C1_DriverIRQHandler
                0x00002d08       0x20 ./drivers/fsl_i2c.o
                0x00002d08                I2C1_DriverIRQHandler
 .text.LPUART0_DriverIRQHandler
                0x00002d28       0x24 ./drivers/fsl_lpuart.o
                0x00002d28                LPUART0_DriverIRQHandler
 .text.LPUART1_DriverIRQHandler
                0x00002d4c       0x24 ./drivers/fsl_lpuart.o
                0x00002d4c                LPUART1_DriverIRQHandler
 .text.SMC_EnterStopRamFunc
                0x00002d70       0x20 ./drivers/fsl_smc.o
 .text.SMC_PreEnterStopModes
                0x00002d90       0x20 ./drivers/fsl_smc.o
                0x00002d90                SMC_PreEnterStopModes
 .text.SMC_PostExitStopModes
                0x00002db0       0x20 ./drivers/fsl_smc.o
                0x00002db0                SMC_PostExitStopModes
 .text.SMC_PreEnterWaitModes
                0x00002dd0       0x20 ./drivers/fsl_smc.o
                0x00002dd0                SMC_PreEnterWaitModes
 .text.SMC_PostExitWaitModes
                0x00002df0       0x20 ./drivers/fsl_smc.o
                0x00002df0                SMC_PostExitWaitModes
 .text.SMC_SetPowerModeWait
                0x00002e10       0x30 ./drivers/fsl_smc.o
                0x00002e10                SMC_SetPowerModeWait
 .text.SMC_SetPowerModeStop
                0x00002e40       0xa0 ./drivers/fsl_smc.o
                0x00002e40                SMC_SetPowerModeStop
 .text.SMC_SetPowerModeVlpw
                0x00002ee0       0x30 ./drivers/fsl_smc.o
                0x00002ee0                SMC_SetPowerModeVlpw
 .text.SMC_SetPowerModeVlps
                0x00002f10       0x6c ./drivers/fsl_smc.o
                0x00002f10                SMC_SetPowerModeVlps
 .text.SMC_SetPowerModeLls
                0x00002f7c       0x6c ./drivers/fsl_smc.o
                0x00002f7c                SMC_SetPowerModeLls
 .text.SMC_SetPowerModeVlls
                0x00002fe8       0xc8 ./drivers/fsl_smc.o
                0x00002fe8                SMC_SetPowerModeVlls
 .text.CLOCK_EnableClock
                0x000030b0       0x34 ./drivers/fsl_spi.o
 .text.SPI_GetInstance
                0x000030e4       0x4c ./drivers/fsl_spi.o
                0x000030e4                SPI_GetInstance
 .text.SPI_SetDummyData
                0x00003130       0x34 ./drivers/fsl_spi.o
                0x00003130                SPI_SetDummyData
 .text.SPI_WriteNonBlocking
                0x00003164       0xa8 ./drivers/fsl_spi.o
 .text.SPI_MasterGetDefaultConfig
                0x0000320c       0x64 ./drivers/fsl_spi.o
                0x0000320c                SPI_MasterGetDefaultConfig
 .text.SPI_MasterInit
                0x00003270      0x164 ./drivers/fsl_spi.o
                0x00003270                SPI_MasterInit
 .text.SPI_MasterTransferBlocking
                0x000033d4      0x100 ./drivers/fsl_spi.o
                0x000033d4                SPI_MasterTransferBlocking
 .text.SPI_CommonIRQHandler
                0x000034d4       0x54 ./drivers/fsl_spi.o
 .text.SPI0_DriverIRQHandler
                0x00003528       0x30 ./drivers/fsl_spi.o
                0x00003528                SPI0_DriverIRQHandler
 .text.SPI1_DriverIRQHandler
                0x00003558       0x30 ./drivers/fsl_spi.o
                0x00003558                SPI1_DriverIRQHandler
 .text.SystemInit
                0x00003588       0x40 ./device/system_MKL43Z4.o
                0x00003588                SystemInit
 .text.CLOCK_SetLpuart0Clock
                0x000035c8       0x38 ./board/board.o
 .text.CLOCK_SetSimSafeDivs
                0x00003600       0x20 ./board/clock_config.o
 .text.BOARD_BootClockRUN
                0x00003620       0x34 ./board/clock_config.o
                0x00003620                BOARD_BootClockRUN
 .text.__assertion_failed
                0x00003654       0x4c c:/nxp/mcuxpressoide_11.5.1_7266/ide/plugins/com.nxp.mcuxpresso.tools.win32_11.5.1.202201181444/tools/bin/../lib/gcc/arm-none-eabi/10.3.1/../../../../arm-none-eabi/lib/thumb/v6-m/nofp\libcr_semihost_nf.a(_cr_assert.o)
                0x00003654                __assertion_failed
 .text.__sys_appexit
                0x000036a0        0xc c:/nxp/mcuxpressoide_11.5.1_7266/ide/plugins/com.nxp.mcuxpresso.tools.win32_11.5.1.202201181444/tools/bin/../lib/gcc/arm-none-eabi/10.3.1/../../../../arm-none-eabi/lib/thumb/v6-m/nofp\libcr_semihost_nf.a(__sys_appexit.o)
                0x000036a0                __sys_appexit
                0x000036a0                __exit
 .text._deferredlazyseek
                0x000036ac       0x40 c:/nxp/mcuxpressoide_11.5.1_7266/ide/plugins/com.nxp.mcuxpresso.tools.win32_11.5.1.202201181444/tools/bin/../lib/gcc/arm-none-eabi/10.3.1/../../../../arm-none-eabi/lib/thumb/v6-m/nofp\libcr_c.a(_deferredlazyseek.o)
                0x000036ac                _deferredlazyseek
 .text.__flsbuf
                0x000036ec      0x150 c:/nxp/mcuxpressoide_11.5.1_7266/ide/plugins/com.nxp.mcuxpresso.tools.win32_11.5.1.202201181444/tools/bin/../lib/gcc/arm-none-eabi/10.3.1/../../../../arm-none-eabi/lib/thumb/v6-m/nofp\libcr_c.a(_deferredlazyseek.o)
                0x000036ec                __flsbuf
 .text._fflush  0x0000383c       0x60 c:/nxp/mcuxpressoide_11.5.1_7266/ide/plugins/com.nxp.mcuxpresso.tools.win32_11.5.1.202201181444/tools/bin/../lib/gcc/arm-none-eabi/10.3.1/../../../../arm-none-eabi/lib/thumb/v6-m/nofp\libcr_c.a(_fflush.o)
                0x0000383c                _fflush
 .text._Cwritebuf
                0x0000389c       0x68 c:/nxp/mcuxpressoide_11.5.1_7266/ide/plugins/com.nxp.mcuxpresso.tools.win32_11.5.1.202201181444/tools/bin/../lib/gcc/arm-none-eabi/10.3.1/../../../../arm-none-eabi/lib/thumb/v6-m/nofp\libcr_c.a(_writebuf.o)
                0x0000389c                _Cwritebuf
 .text.malloc   0x00003904       0xcc c:/nxp/mcuxpressoide_11.5.1_7266/ide/plugins/com.nxp.mcuxpresso.tools.win32_11.5.1.202201181444/tools/bin/../lib/gcc/arm-none-eabi/10.3.1/../../../../arm-none-eabi/lib/thumb/v6-m/nofp\libcr_c.a(alloc.o)
                0x00003904                malloc
 .text._Csys_alloc
                0x000039d0       0x20 c:/nxp/mcuxpressoide_11.5.1_7266/ide/plugins/com.nxp.mcuxpresso.tools.win32_11.5.1.202201181444/tools/bin/../lib/gcc/arm-none-eabi/10.3.1/../../../../arm-none-eabi/lib/thumb/v6-m/nofp\libcr_c.a(alloc.o)
                0x000039d0                _Csys_alloc
 .text.fseek    0x000039f0       0xf0 c:/nxp/mcuxpressoide_11.5.1_7266/ide/plugins/com.nxp.mcuxpresso.tools.win32_11.5.1.202201181444/tools/bin/../lib/gcc/arm-none-eabi/10.3.1/../../../../arm-none-eabi/lib/thumb/v6-m/nofp\libcr_c.a(fseek.o)
                0x000039f0                fseek
 .text.ftell    0x00003ae0       0x48 c:/nxp/mcuxpressoide_11.5.1_7266/ide/plugins/com.nxp.mcuxpresso.tools.win32_11.5.1.202201181444/tools/bin/../lib/gcc/arm-none-eabi/10.3.1/../../../../arm-none-eabi/lib/thumb/v6-m/nofp\libcr_c.a(ftell.o)
                0x00003ae0                ftell
 .text._initio  0x00003b28       0x7c c:/nxp/mcuxpressoide_11.5.1_7266/ide/plugins/com.nxp.mcuxpresso.tools.win32_11.5.1.202201181444/tools/bin/../lib/gcc/arm-none-eabi/10.3.1/../../../../arm-none-eabi/lib/thumb/v6-m/nofp\libcr_c.a(initio.o)
                0x00003b28                _initio
 .text.__vfprintf
                0x00003ba4      0xd40 c:/nxp/mcuxpressoide_11.5.1_7266/ide/plugins/com.nxp.mcuxpresso.tools.win32_11.5.1.202201181444/tools/bin/../lib/gcc/arm-none-eabi/10.3.1/../../../../arm-none-eabi/lib/thumb/v6-m/nofp\libcr_c.a(printf.o)
                0x00003ba4                __vfprintf
 .text._sprintf
                0x000048e4       0x6c c:/nxp/mcuxpressoide_11.5.1_7266/ide/plugins/com.nxp.mcuxpresso.tools.win32_11.5.1.202201181444/tools/bin/../lib/gcc/arm-none-eabi/10.3.1/../../../../arm-none-eabi/lib/thumb/v6-m/nofp\libcr_c.a(printf.o)
                0x000048e4                _sprintf
 .text._vsnprintf
                0x00004950       0x70 c:/nxp/mcuxpressoide_11.5.1_7266/ide/plugins/com.nxp.mcuxpresso.tools.win32_11.5.1.202201181444/tools/bin/../lib/gcc/arm-none-eabi/10.3.1/../../../../arm-none-eabi/lib/thumb/v6-m/nofp\libcr_c.a(printf.o)
                0x00004950                _vsnprintf
 .text._printf  0x000049c0       0x50 c:/nxp/mcuxpressoide_11.5.1_7266/ide/plugins/com.nxp.mcuxpresso.tools.win32_11.5.1.202201181444/tools/bin/../lib/gcc/arm-none-eabi/10.3.1/../../../../arm-none-eabi/lib/thumb/v6-m/nofp\libcr_c.a(printf.o)
                0x000049c0                _printf
 .text.setvbuf  0x00004a10       0x4c c:/nxp/mcuxpressoide_11.5.1_7266/ide/plugins/com.nxp.mcuxpresso.tools.win32_11.5.1.202201181444/tools/bin/../lib/gcc/arm-none-eabi/10.3.1/../../../../arm-none-eabi/lib/thumb/v6-m/nofp\libcr_c.a(setvbuf.o)
                0x00004a10                setvbuf
 .text.sqrt     0x00004a5c      0x134 c:/nxp/mcuxpressoide_11.5.1_7266/ide/plugins/com.nxp.mcuxpresso.tools.win32_11.5.1.202201181444/tools/bin/../lib/gcc/arm-none-eabi/10.3.1/../../../../arm-none-eabi/lib/thumb/v6-m/nofp\libcr_c.a(sqrt.o)
                0x00004a5c                sqrt
 .text.strlen   0x00004b90       0x58 c:/nxp/mcuxpressoide_11.5.1_7266/ide/plugins/com.nxp.mcuxpresso.tools.win32_11.5.1.202201181444/tools/bin/../lib/gcc/arm-none-eabi/10.3.1/../../../../arm-none-eabi/lib/thumb/v6-m/nofp\libcr_c.a(strlen.o)
                0x00004b90                strlen
 .text._sbrk    0x00004be8       0x44 c:/nxp/mcuxpressoide_11.5.1_7266/ide/plugins/com.nxp.mcuxpresso.tools.win32_11.5.1.202201181444/tools/bin/../lib/gcc/arm-none-eabi/10.3.1/../../../../arm-none-eabi/lib/thumb/v6-m/nofp\libcr_c.a(_cr_sbrk.o)
                0x00004be8                _sbrk
 .text._fdopen  0x00004c2c       0x74 c:/nxp/mcuxpressoide_11.5.1_7266/ide/plugins/com.nxp.mcuxpresso.tools.win32_11.5.1.202201181444/tools/bin/../lib/gcc/arm-none-eabi/10.3.1/../../../../arm-none-eabi/lib/thumb/v6-m/nofp\libcr_c.a(_fdopen.o)
                0x00004c2c                _fdopen
 .text.fclose   0x00004ca0       0x5c c:/nxp/mcuxpressoide_11.5.1_7266/ide/plugins/com.nxp.mcuxpresso.tools.win32_11.5.1.202201181444/tools/bin/../lib/gcc/arm-none-eabi/10.3.1/../../../../arm-none-eabi/lib/thumb/v6-m/nofp\libcr_c.a(fclose.o)
                0x00004ca0                fclose
 .text.fflush   0x00004cfc       0x44 c:/nxp/mcuxpressoide_11.5.1_7266/ide/plugins/com.nxp.mcuxpresso.tools.win32_11.5.1.202201181444/tools/bin/../lib/gcc/arm-none-eabi/10.3.1/../../../../arm-none-eabi/lib/thumb/v6-m/nofp\libcr_c.a(fflush.o)
                0x00004cfc                fflush
 .text.__check_heap_overflow
                0x00004d40       0x18 c:/nxp/mcuxpressoide_11.5.1_7266/ide/plugins/com.nxp.mcuxpresso.tools.win32_11.5.1.202201181444/tools/bin/../lib/gcc/arm-none-eabi/10.3.1/../../../../arm-none-eabi/lib/thumb/v6-m/nofp\libcr_c.a(_cr_check_heap.o)
                0x00004d40                __check_heap_overflow
 .text._do_fflush
                0x00004d58       0x48 c:/nxp/mcuxpressoide_11.5.1_7266/ide/plugins/com.nxp.mcuxpresso.tools.win32_11.5.1.202201181444/tools/bin/../lib/gcc/arm-none-eabi/10.3.1/../../../../arm-none-eabi/lib/thumb/v6-m/nofp\libcr_c.a(_do_fflush.o)
                0x00004d58                _do_fflush
 .text.__aeabi_dmul
                0x00004da0      0x184 c:/nxp/mcuxpressoide_11.5.1_7266/ide/plugins/com.nxp.mcuxpresso.tools.win32_11.5.1.202201181444/tools/bin/../lib/gcc/arm-none-eabi/10.3.1/thumb/v6-m/nofp\libcr_eabihelpers.a(double.o)
                0x00004da0                __aeabi_dmul
 .text.__aeabi_ddiv
                0x00004f24      0x14c c:/nxp/mcuxpressoide_11.5.1_7266/ide/plugins/com.nxp.mcuxpresso.tools.win32_11.5.1.202201181444/tools/bin/../lib/gcc/arm-none-eabi/10.3.1/thumb/v6-m/nofp\libcr_eabihelpers.a(double.o)
                0x00004f24                __aeabi_ddiv
 .text.__aeabi_dsub
                0x00005070      0x1c0 c:/nxp/mcuxpressoide_11.5.1_7266/ide/plugins/com.nxp.mcuxpresso.tools.win32_11.5.1.202201181444/tools/bin/../lib/gcc/arm-none-eabi/10.3.1/thumb/v6-m/nofp\libcr_eabihelpers.a(double.o)
                0x00005070                __aeabi_dsub
 .text.__aeabi_dadd
                0x00005230      0x134 c:/nxp/mcuxpressoide_11.5.1_7266/ide/plugins/com.nxp.mcuxpresso.tools.win32_11.5.1.202201181444/tools/bin/../lib/gcc/arm-none-eabi/10.3.1/thumb/v6-m/nofp\libcr_eabihelpers.a(double.o)
                0x00005230                __aeabi_dadd
 .text.__aeabi_d2iz
                0x00005364       0x50 c:/nxp/mcuxpressoide_11.5.1_7266/ide/plugins/com.nxp.mcuxpresso.tools.win32_11.5.1.202201181444/tools/bin/../lib/gcc/arm-none-eabi/10.3.1/thumb/v6-m/nofp\libcr_eabihelpers.a(double.o)
                0x00005364                __aeabi_d2iz
 .text.__aeabi_d2uiz
                0x000053b4       0x38 c:/nxp/mcuxpressoide_11.5.1_7266/ide/plugins/com.nxp.mcuxpresso.tools.win32_11.5.1.202201181444/tools/bin/../lib/gcc/arm-none-eabi/10.3.1/thumb/v6-m/nofp\libcr_eabihelpers.a(double.o)
                0x000053b4                __aeabi_d2uiz
 .text.__aeabi_dcmplt
                0x000053ec       0x60 c:/nxp/mcuxpressoide_11.5.1_7266/ide/plugins/com.nxp.mcuxpresso.tools.win32_11.5.1.202201181444/tools/bin/../lib/gcc/arm-none-eabi/10.3.1/thumb/v6-m/nofp\libcr_eabihelpers.a(double.o)
                0x000053ec                __aeabi_dcmplt
 .text.__aeabi_dcmple
                0x0000544c       0x5c c:/nxp/mcuxpressoide_11.5.1_7266/ide/plugins/com.nxp.mcuxpresso.tools.win32_11.5.1.202201181444/tools/bin/../lib/gcc/arm-none-eabi/10.3.1/thumb/v6-m/nofp\libcr_eabihelpers.a(double.o)
                0x0000544c                __aeabi_dcmple
 .text.__aeabi_f2d
                0x000054a8       0x40 c:/nxp/mcuxpressoide_11.5.1_7266/ide/plugins/com.nxp.mcuxpresso.tools.win32_11.5.1.202201181444/tools/bin/../lib/gcc/arm-none-eabi/10.3.1/thumb/v6-m/nofp\libcr_eabihelpers.a(float.o)
                0x000054a8                __aeabi_f2d
 .text.GPIO_PinWrite
                0x000054e8       0x38 ./source/SD2_I2C.o
 .text.i2c_release_bus_delay
                0x00005520       0x28 ./source/SD2_I2C.o
 .text.GPIO_PinWrite
                0x00005548       0x38 ./source/SD2_board.o
 .text.GPIO_PortSet
                0x00005580       0x18 ./source/SD2_board.o
 .text.GPIO_PortClear
                0x00005598       0x18 ./source/SD2_board.o
 .text.GPIO_PortToggle
                0x000055b0       0x18 ./source/SD2_board.o
 .text.GPIO_PinRead
                0x000055c8       0x20 ./source/SD2_board.o
 .text.SMC_SetPowerModeProtection
                0x000055e8       0x1e ./source/TP2.o
 .text.SMC_GetPowerModeState
                0x00005606       0x16 ./source/TP2.o
 .text.SysTick_Handler
                0x0000561c        0xe ./source/TP2.o
                0x0000561c                SysTick_Handler
 .text.print_image
                0x0000562a      0x11e ./source/display_utils.o
                0x0000562a                print_image
 .text.SMC_GetPowerModeState
                0x00005748       0x16 ./source/mef.o
 .text.PORT_ClearPinsInterruptFlags
                0x0000575e       0x1a ./source/mma8451.o
 .text.mma8451_init
                0x00005778      0x1a2 ./source/mma8451.o
                0x00005778                mma8451_init
 .text.mma8451_setDataRate
                0x0000591a       0x96 ./source/mma8451.o
                0x0000591a                mma8451_setDataRate
 .text.writeCommand
                0x000059b0       0x26 ./source/oled.o
 .text.writeData
                0x000059d6       0x26 ./source/oled.o
 .text.writeDataLen
                0x000059fc       0x5e ./source/oled.o
 .text.runInitSequence
                0x00005a5a       0xa6 ./source/oled.o
 .text.oled_setContrast
                0x00005b00       0x24 ./source/oled.o
                0x00005b00                oled_setContrast
 .text.oled_putString
                0x00005b24       0x68 ./source/oled.o
                0x00005b24                oled_putString
 .text.SMC_GetPowerModeState
                0x00005b8c       0x16 ./source/power_mode_switch.o
 .text.UART2_FLEXIO_DriverIRQHandler
                0x00005ba2        0xe ./drivers/fsl_flexio.o
                0x00005ba2                UART2_FLEXIO_DriverIRQHandler
 .text.GPIO_PinWrite
                0x00005bb0       0x38 ./drivers/fsl_gpio.o
 .text.I2C_MasterClearStatusFlags
                0x00005be8       0x56 ./drivers/fsl_i2c.o
 .text.I2C_MasterStop
                0x00005c3e       0x36 ./drivers/fsl_i2c.o
                0x00005c3e                I2C_MasterStop
 .text.I2C_MasterGetStatusFlags
                0x00005c74       0x4a ./drivers/fsl_i2c.o
                0x00005c74                I2C_MasterGetStatusFlags
 .text.I2C_MasterReadBlocking
                0x00005cbe       0xea ./drivers/fsl_i2c.o
                0x00005cbe                I2C_MasterReadBlocking
 .text.DisableGlobalIRQ
                0x00005da8       0x1e ./drivers/fsl_smc.o
 .text.EnableGlobalIRQ
                0x00005dc6       0x1c ./drivers/fsl_smc.o
 .text.SMC_SetPowerModeRun
                0x00005de2       0x38 ./drivers/fsl_smc.o
                0x00005de2                SMC_SetPowerModeRun
 .text.SMC_SetPowerModeVlpr
                0x00005e1a       0x3c ./drivers/fsl_smc.o
                0x00005e1a                SMC_SetPowerModeVlpr
 .text.SPI_ReadNonBlocking
                0x00005e56       0x88 ./drivers/fsl_spi.o
 .text.SPI_MasterSetBaudRate
                0x00005ede       0xc0 ./drivers/fsl_spi.o
                0x00005ede                SPI_MasterSetBaudRate
 .text.SPI_ReadData
                0x00005f9e       0x3c ./drivers/fsl_spi.o
                0x00005f9e                SPI_ReadData
 .text.SystemInitHook
                0x00005fda        0xa ./device/system_MKL43Z4.o
                0x00005fda                SystemInitHook
 .text.DbgConsole_Init
                0x00005fe4       0x26 ./board/board.o
 .text.BOARD_InitDebugConsole
                0x0000600a       0x2c ./board/board.o
                0x0000600a                BOARD_InitDebugConsole
 .text.BOARD_InitBootClocks
                0x00006036        0xe ./board/clock_config.o
                0x00006036                BOARD_InitBootClocks
 .text.__main   0x00006044        0xc c:/nxp/mcuxpressoide_11.5.1_7266/ide/plugins/com.nxp.mcuxpresso.tools.win32_11.5.1.202201181444/tools/bin/../lib/gcc/arm-none-eabi/10.3.1/../../../../arm-none-eabi/lib/thumb/v6-m/nofp\libcr_semihost_nf.a(_cr__main.o)
                0x00006044                __CR_SEMIHOST
                0x00006044                __main
 .text.memset   0x00006050        0x8 c:/nxp/mcuxpressoide_11.5.1_7266/ide/plugins/com.nxp.mcuxpresso.tools.win32_11.5.1.202201181444/tools/bin/../lib/gcc/arm-none-eabi/10.3.1/../../../../arm-none-eabi/lib/thumb/v6-m/nofp\libcr_c.a(memset.o)
                0x00006050                memset
 .text.free     0x00006058       0x2c c:/nxp/mcuxpressoide_11.5.1_7266/ide/plugins/com.nxp.mcuxpresso.tools.win32_11.5.1.202201181444/tools/bin/../lib/gcc/arm-none-eabi/10.3.1/../../../../arm-none-eabi/lib/thumb/v6-m/nofp\libcr_c.a(alloc.o)
                0x00006058                free
 .text.fputs    0x00006084       0x2e c:/nxp/mcuxpressoide_11.5.1_7266/ide/plugins/com.nxp.mcuxpresso.tools.win32_11.5.1.202201181444/tools/bin/../lib/gcc/arm-none-eabi/10.3.1/../../../../arm-none-eabi/lib/thumb/v6-m/nofp\libcr_c.a(fputs.o)
                0x00006084                fputs
 .text.no_fp_display
                0x000060b2        0x4 c:/nxp/mcuxpressoide_11.5.1_7266/ide/plugins/com.nxp.mcuxpresso.tools.win32_11.5.1.202201181444/tools/bin/../lib/gcc/arm-none-eabi/10.3.1/../../../../arm-none-eabi/lib/thumb/v6-m/nofp\libcr_c.a(printf.o)
 .text.remove   0x000060b6       0x12 c:/nxp/mcuxpressoide_11.5.1_7266/ide/plugins/com.nxp.mcuxpresso.tools.win32_11.5.1.202201181444/tools/bin/../lib/gcc/arm-none-eabi/10.3.1/../../../../arm-none-eabi/lib/thumb/v6-m/nofp\libcr_c.a(remove.o)
                0x000060b6                remove
 .text.__aeabi_division_idivmod
                0x000060c8       0x78 c:/nxp/mcuxpressoide_11.5.1_7266/ide/plugins/com.nxp.mcuxpresso.tools.win32_11.5.1.202201181444/tools/bin/../lib/gcc/arm-none-eabi/10.3.1/thumb/v6-m/nofp\libcr_eabihelpers.a(division_32.o)
                0x000060c8                __aeabi_idivmod
                0x000060c8                __aeabi_idiv
                0x000060ce                __aeabi_uidivmod
                0x000060ce                __aeabi_uidiv
 .text.__aeabi_division_idiv0
                0x00006140        0x2 c:/nxp/mcuxpressoide_11.5.1_7266/ide/plugins/com.nxp.mcuxpresso.tools.win32_11.5.1.202201181444/tools/bin/../lib/gcc/arm-none-eabi/10.3.1/thumb/v6-m/nofp\libcr_eabihelpers.a(division_idiv0.o)
                0x00006140                __aeabi_idiv0
 .text.__bhs_ui2d
                0x00006142       0x5e c:/nxp/mcuxpressoide_11.5.1_7266/ide/plugins/com.nxp.mcuxpresso.tools.win32_11.5.1.202201181444/tools/bin/../lib/gcc/arm-none-eabi/10.3.1/thumb/v6-m/nofp\libcr_eabihelpers.a(double.o)
                0x00006142                __bhs_ui2d
 .text.__aeabi_ui2d
                0x000061a0        0xc c:/nxp/mcuxpressoide_11.5.1_7266/ide/plugins/com.nxp.mcuxpresso.tools.win32_11.5.1.202201181444/tools/bin/../lib/gcc/arm-none-eabi/10.3.1/thumb/v6-m/nofp\libcr_eabihelpers.a(double.o)
                0x000061a0                __aeabi_ui2d
 .text.__bhs_ui2f
                0x000061ac       0x60 c:/nxp/mcuxpressoide_11.5.1_7266/ide/plugins/com.nxp.mcuxpresso.tools.win32_11.5.1.202201181444/tools/bin/../lib/gcc/arm-none-eabi/10.3.1/thumb/v6-m/nofp\libcr_eabihelpers.a(float.o)
                0x000061ac                __bhs_ui2f
 .text.__aeabi_i2f
                0x0000620c       0x18 c:/nxp/mcuxpressoide_11.5.1_7266/ide/plugins/com.nxp.mcuxpresso.tools.win32_11.5.1.202201181444/tools/bin/../lib/gcc/arm-none-eabi/10.3.1/thumb/v6-m/nofp\libcr_eabihelpers.a(float.o)
                0x0000620c                __aeabi_i2f
 .text.__aeabi_llong_lmul
                0x00006224       0x2e c:/nxp/mcuxpressoide_11.5.1_7266/ide/plugins/com.nxp.mcuxpresso.tools.win32_11.5.1.202201181444/tools/bin/../lib/gcc/arm-none-eabi/10.3.1/thumb/v6-m/nofp\libcr_eabihelpers.a(llong.o)
                0x00006224                __aeabi_lmul
 .text.__aeabi_memset_lowlevel
                0x00006252       0x2a c:/nxp/mcuxpressoide_11.5.1_7266/ide/plugins/com.nxp.mcuxpresso.tools.win32_11.5.1.202201181444/tools/bin/../lib/gcc/arm-none-eabi/10.3.1/thumb/v6-m/nofp\libcr_eabihelpers.a(memcpy.o)
                0x00006252                __aeabi_lowlevel_memset
 .text.__gnu_thumb1_case_shi
                0x0000627c       0x10 c:/nxp/mcuxpressoide_11.5.1_7266/ide/plugins/com.nxp.mcuxpresso.tools.win32_11.5.1.202201181444/tools/bin/../lib/gcc/arm-none-eabi/10.3.1/thumb/v6-m/nofp\libcr_eabihelpers.a(thumb1_switch_helpers.o)
                0x0000627c                __gnu_thumb1_case_shi
 .text.__sys_close
                0x0000628c        0xc c:/nxp/mcuxpressoide_11.5.1_7266/ide/plugins/com.nxp.mcuxpresso.tools.win32_11.5.1.202201181444/tools/bin/../lib/gcc/arm-none-eabi/10.3.1/../../../../arm-none-eabi/lib/thumb/v6-m/nofp\libcr_semihost_nf.a(__sys_close.o)
                0x0000628c                __sys_close
 .text.__sys_flen
                0x00006298        0xc c:/nxp/mcuxpressoide_11.5.1_7266/ide/plugins/com.nxp.mcuxpresso.tools.win32_11.5.1.202201181444/tools/bin/../lib/gcc/arm-none-eabi/10.3.1/../../../../arm-none-eabi/lib/thumb/v6-m/nofp\libcr_semihost_nf.a(__sys_flen.o)
                0x00006298                __sys_flen
 .text.__sys_istty
                0x000062a4        0xc c:/nxp/mcuxpressoide_11.5.1_7266/ide/plugins/com.nxp.mcuxpresso.tools.win32_11.5.1.202201181444/tools/bin/../lib/gcc/arm-none-eabi/10.3.1/../../../../arm-none-eabi/lib/thumb/v6-m/nofp\libcr_semihost_nf.a(__sys_istty.o)
                0x000062a4                __sys_istty
 .text.__sys_remove
                0x000062b0        0xc c:/nxp/mcuxpressoide_11.5.1_7266/ide/plugins/com.nxp.mcuxpresso.tools.win32_11.5.1.202201181444/tools/bin/../lib/gcc/arm-none-eabi/10.3.1/../../../../arm-none-eabi/lib/thumb/v6-m/nofp\libcr_semihost_nf.a(__sys_remove.o)
                0x000062b0                __sys_remove
 .text.__sys_seek
                0x000062bc        0xc c:/nxp/mcuxpressoide_11.5.1_7266/ide/plugins/com.nxp.mcuxpresso.tools.win32_11.5.1.202201181444/tools/bin/../lib/gcc/arm-none-eabi/10.3.1/../../../../arm-none-eabi/lib/thumb/v6-m/nofp\libcr_semihost_nf.a(__sys_seek.o)
                0x000062bc                __sys_seek
 .text.__sys_tmpnam
                0x000062c8        0xc c:/nxp/mcuxpressoide_11.5.1_7266/ide/plugins/com.nxp.mcuxpresso.tools.win32_11.5.1.202201181444/tools/bin/../lib/gcc/arm-none-eabi/10.3.1/../../../../arm-none-eabi/lib/thumb/v6-m/nofp\libcr_semihost_nf.a(__sys_tmpnam.o)
                0x000062c8                __sys_tmpnam
 .text.__sys_write
                0x000062d4        0xc c:/nxp/mcuxpressoide_11.5.1_7266/ide/plugins/com.nxp.mcuxpresso.tools.win32_11.5.1.202201181444/tools/bin/../lib/gcc/arm-none-eabi/10.3.1/../../../../arm-none-eabi/lib/thumb/v6-m/nofp\libcr_semihost_nf.a(__sys_write.o)
                0x000062d4                __sys_write
 *(SORT_BY_ALIGNMENT(.rodata) SORT_BY_ALIGNMENT(.rodata.*) SORT_BY_ALIGNMENT(.constdata) SORT_BY_ALIGNMENT(.constdata.*))
 .rodata.PORT_SetPinConfig.str1.4
                0x000062e0       0x7a ./source/SD2_I2C.o
 .rodata.PORT_SetPinConfig.str1.4
                0x0000635a       0x7a ./source/SD2_board.o
 *fill*         0x0000635a        0x2 ff
 .rodata.board_gpioLeds
                0x0000635c       0x18 ./source/SD2_board.o
 .rodata.board_gpioSw
                0x00006374       0x18 ./source/SD2_board.o
 .rodata.board_gpioOled
                0x0000638c       0x18 ./source/SD2_board.o
 .rodata        0x000063a4        0x2 ./source/SD2_board.o
 *fill*         0x000063a6        0x2 ff
 .rodata.main.str1.4
                0x000063a8       0x4f ./source/TP2.o
 *fill*         0x000063f7        0x1 ff
 .rodata.display_accelDisplayState.str1.4
                0x000063f8        0xa ./source/display_utils.o
 *fill*         0x00006402        0x2 ff
 .rodata.font5x7
                0x00006404      0x300 ./source/font5x7.o
                0x00006404                font5x7
 .rodata.PORT_SetPinConfig.str1.4
                0x00006704       0x7a ./source/mma8451.o
 .rodata.font_mask
                0x00006704        0x8 ./source/oled.o
 .rodata        0x0000670c        0xe ./source/power_mode_switch.o
 *fill*         0x0000671a        0x2 ff
 .rodata.APP_ShowPowerMode.str1.4
                0x0000671c       0x62 ./source/power_mode_switch.o
 *fill*         0x0000677e        0x2 ff
 .rodata.APP_PowerModeSwitch.str1.4
                0x00006780        0xc ./source/power_mode_switch.o
 .rodata.APP_PowerModeSwitch
                0x0000678c       0x28 ./source/power_mode_switch.o
 .rodata.CLOCK_GetOsc0ErClkFreq.str1.4
                0x000067b4       0x1e ./drivers/fsl_clock.o
 *fill*         0x000067d2        0x2 ff
 .rodata.CLOCK_GetEr32kClkFreq.str1.4
                0x000067d4       0x1f ./drivers/fsl_clock.o
 *fill*         0x000067f3        0x1 ff
 .rodata.CLOCK_GetFreq
                0x000067f4       0x50 ./drivers/fsl_clock.o
 .rodata.CLOCK_GetOutClkFreq.str1.4
                0x00006844       0x1e ./drivers/fsl_clock.o
 *fill*         0x00006862        0x2 ff
 .rodata.CLOCK_SetMcgliteConfig.str1.4
                0x00006864       0x1f ./drivers/fsl_clock.o
 *fill*         0x00006883        0x1 ff
 .rodata.lircFreqs.0
                0x00006884        0x8 ./drivers/fsl_clock.o
 .rodata.DMA_ClearChannelStatusFlags.str1.4
                0x0000688c       0x46 ./drivers/fsl_dma.o
 *fill*         0x000068d2        0x2 ff
 .rodata.DMA_HandleIRQ.str1.4
                0x000068d4       0x1f ./drivers/fsl_dma.o
 *fill*         0x000068f3        0x1 ff
 .rodata.GPIO_PinInit.str1.4
                0x000068f4       0x20 ./drivers/fsl_gpio.o
 .rodata.s_i2cDividerTable
                0x00006914       0x80 ./drivers/fsl_i2c.o
 .rodata.s_i2cClocks
                0x00006994        0x8 ./drivers/fsl_i2c.o
 .rodata.s_i2cBases
                0x0000699c        0x8 ./drivers/fsl_i2c.o
 .rodata.I2C_GetInstance.str1.4
                0x000069a4       0x32 ./drivers/fsl_i2c.o
 *fill*         0x000069d6        0x2 ff
 .rodata.I2C_MasterInit.str1.4
                0x000069d8       0x4a ./drivers/fsl_i2c.o
 *fill*         0x00006a22        0x2 ff
 .rodata.I2C_MasterGetDefaultConfig.str1.4
                0x00006a24       0x25 ./drivers/fsl_i2c.o
 *fill*         0x00006a49        0x3 ff
 .rodata.I2C_MasterTransferBlocking.str1.4
                0x00006a4c       0x1e ./drivers/fsl_i2c.o
 *fill*         0x00006a6a        0x2 ff
 .rodata.s_spiBases
                0x00006a6c        0x8 ./drivers/fsl_spi.o
 .rodata.s_spiClock
                0x00006a74        0x8 ./drivers/fsl_spi.o
 .rodata.SPI_GetInstance.str1.4
                0x00006a7c       0x32 ./drivers/fsl_spi.o
 *fill*         0x00006aae        0x2 ff
 .rodata.SPI_MasterInit.str1.4
                0x00006ab0       0x38 ./drivers/fsl_spi.o
 .rodata.SPI_MasterTransferBlocking.str1.4
                0x00006ae8       0x1d ./drivers/fsl_spi.o
 *fill*         0x00006b05        0x3 ff
 .rodata.SPI0_DriverIRQHandler.str1.4
                0x00006b08       0x20 ./drivers/fsl_spi.o
 .rodata.SPI1_DriverIRQHandler.str1.4
                0x00006b28       0x20 ./drivers/fsl_spi.o
 .rodata.mcgliteConfig_BOARD_BootClockRUN
                0x00006b48        0x6 ./board/clock_config.o
                0x00006b48                mcgliteConfig_BOARD_BootClockRUN
 *fill*         0x00006b4e        0x2 ff
 .rodata.simConfig_BOARD_BootClockRUN
                0x00006b50        0x8 ./board/clock_config.o
                0x00006b50                simConfig_BOARD_BootClockRUN
 .rodata.__num_Ciob_streams
                0x00006b58        0x4 c:/nxp/mcuxpressoide_11.5.1_7266/ide/plugins/com.nxp.mcuxpresso.tools.win32_11.5.1.202201181444/tools/bin/../lib/gcc/arm-none-eabi/10.3.1/../../../../arm-none-eabi/lib/thumb/v6-m/nofp\libcr_semihost_nf.a(__ciob.o)
                0x00006b58                __num_Ciob_streams
 .rodata.__assertion_failed.str1.1
                0x00006b5c       0x15 c:/nxp/mcuxpressoide_11.5.1_7266/ide/plugins/com.nxp.mcuxpresso.tools.win32_11.5.1.202201181444/tools/bin/../lib/gcc/arm-none-eabi/10.3.1/../../../../arm-none-eabi/lib/thumb/v6-m/nofp\libcr_semihost_nf.a(_cr_assert.o)
 .rodata._Csys_alloc.str1.1
                0x00006b71       0x18 c:/nxp/mcuxpressoide_11.5.1_7266/ide/plugins/com.nxp.mcuxpresso.tools.win32_11.5.1.202201181444/tools/bin/../lib/gcc/arm-none-eabi/10.3.1/../../../../arm-none-eabi/lib/thumb/v6-m/nofp\libcr_c.a(alloc.o)
 .rodata._initio.str1.1
                0x00006b89        0x4 c:/nxp/mcuxpressoide_11.5.1_7266/ide/plugins/com.nxp.mcuxpresso.tools.win32_11.5.1.202201181444/tools/bin/../lib/gcc/arm-none-eabi/10.3.1/../../../../arm-none-eabi/lib/thumb/v6-m/nofp\libcr_c.a(initio.o)
 .rodata.__vfprintf.str1.1
                0x00006b8d       0x35 c:/nxp/mcuxpressoide_11.5.1_7266/ide/plugins/com.nxp.mcuxpresso.tools.win32_11.5.1.202201181444/tools/bin/../lib/gcc/arm-none-eabi/10.3.1/../../../../arm-none-eabi/lib/thumb/v6-m/nofp\libcr_c.a(printf.o)
                                 0x38 (size before relaxing)
                0x00006bc4                . = ALIGN (0x4)
 *fill*         0x00006bc2        0x2 ff
                0x00006bc4                _etext = .

.glue_7         0x00006bc4        0x0
 .glue_7        0x00006bc4        0x0 linker stubs

.glue_7t        0x00006bc4        0x0
 .glue_7t       0x00006bc4        0x0 linker stubs

.vfp11_veneer   0x00006bc4        0x0
 .vfp11_veneer  0x00006bc4        0x0 linker stubs

.v4_bx          0x00006bc4        0x0
 .v4_bx         0x00006bc4        0x0 linker stubs

.iplt           0x00006bc4        0x0
 .iplt          0x00006bc4        0x0 ./startup/startup_mkl43z4.o

.rel.dyn        0x00006bc4        0x0
 .rel.iplt      0x00006bc4        0x0 ./startup/startup_mkl43z4.o

.m_usb_data
 *(SORT_BY_ALIGNMENT(m_usb_bdt))

.mtb_buffer_default
                0x1fffe000       0x80
 *(SORT_BY_ALIGNMENT(.mtb*))
 .mtb.$RAM1     0x1fffe000       0x80 ./source/mtb.o
                0x1fffe000                __mtb_buffer__

.uninit_RESERVED
                0x1fffe080        0x0
                0x1fffe080                _start_uninit_RESERVED = .
 *(SORT_BY_ALIGNMENT(.bss.$RESERVED*))
                0x1fffe080                . = ALIGN (0x4)
                0x1fffe080                _end_uninit_RESERVED = .

.data           0x1fffe080      0x51c load address 0x00006bc4
 FILL mask 0xff
                0x1fffe080                _data = .
                [!provide]                PROVIDE (__start_data_RAM = .)
                [!provide]                PROVIDE (__start_data_SRAM = .)
 *(SORT_BY_ALIGNMENT(vtable))
 *(SORT_BY_ALIGNMENT(.ramfunc*))
 *(SORT_BY_ALIGNMENT(CodeQuickAccess))
 *(SORT_BY_ALIGNMENT(DataQuickAccess))
 *(SORT_BY_ALIGNMENT(RamFunction))
 *(SORT_BY_ALIGNMENT(.data*))
 .data.coyote_golpeado
                0x1fffe080      0x200 ./source/coyote.o
                0x1fffe080                coyote_golpeado
 .data.coyote_durmiendo
                0x1fffe280      0x300 ./source/coyote.o
                0x1fffe280                coyote_durmiendo
 .data.s_stopRamFuncArray
                0x1fffe580       0x18 ./drivers/fsl_smc.o
 .data.SystemCoreClock
                0x1fffe598        0x4 ./device/system_MKL43Z4.o
                0x1fffe598                SystemCoreClock
                0x1fffe59c                . = ALIGN (0x4)
                0x1fffe59c                _edata = .
                [!provide]                PROVIDE (__end_data_RAM = .)
                [!provide]                PROVIDE (__end_data_SRAM = .)

.igot.plt       0x1fffe59c        0x0 load address 0x000070e0
 .igot.plt      0x1fffe59c        0x0 ./startup/startup_mkl43z4.o

.bss            0x1fffe59c      0x54c
                0x1fffe59c                _bss = .
                [!provide]                PROVIDE (__start_bss_RAM = .)
                [!provide]                PROVIDE (__start_bss_SRAM = .)
 *(SORT_BY_ALIGNMENT(.bss*))
 .bss.estSW     0x1fffe59c        0x2 ./source/key.o
 *fill*         0x1fffe59e        0x2 
 .bss.eventSW   0x1fffe5a0        0x2 ./source/key.o
 *fill*         0x1fffe5a2        0x2 
 .bss.g_upper_bound
                0x1fffe5a4        0x4 ./source/mef.o
 .bss.g_lower_bound
                0x1fffe5a8        0x4 ./source/mef.o
 .bss.tim_mef   0x1fffe5ac        0x4 ./source/mef.o
 .bss.tim_led   0x1fffe5b0        0x4 ./source/mef.o
 .bss.maximo    0x1fffe5b4        0x4 ./source/mef.o
 .bss.shadowFB  0x1fffe5b8      0x400 ./source/oled.o
 .bss.g_xtal0Freq
                0x1fffe9b8        0x4 ./drivers/fsl_clock.o
                0x1fffe9b8                g_xtal0Freq
 .bss.g_xtal32Freq
                0x1fffe9bc        0x4 ./drivers/fsl_clock.o
                0x1fffe9bc                g_xtal32Freq
 .bss.s_DMAHandle
                0x1fffe9c0       0x10 ./drivers/fsl_dma.o
 .bss.s_flexioHandle
                0x1fffe9d0        0x8 ./drivers/fsl_flexio.o
 .bss.s_flexioType
                0x1fffe9d8        0x8 ./drivers/fsl_flexio.o
 .bss.s_flexioIsr
                0x1fffe9e0        0x8 ./drivers/fsl_flexio.o
 .bss.s_i2cHandle
                0x1fffe9e8        0x8 ./drivers/fsl_i2c.o
 .bss.s_i2cMasterIsr
                0x1fffe9f0        0x4 ./drivers/fsl_i2c.o
 .bss.s_i2cSlaveIsr
                0x1fffe9f4        0x4 ./drivers/fsl_i2c.o
 .bss.s_lpuartHandle
                0x1fffe9f8        0x8 ./drivers/fsl_lpuart.o
 .bss.s_lpuartIsr
                0x1fffea00        0x4 ./drivers/fsl_lpuart.o
 .bss.g_savedPrimask
                0x1fffea04        0x4 ./drivers/fsl_smc.o
 .bss.s_spiHandle
                0x1fffea08        0x8 ./drivers/fsl_spi.o
 .bss.s_spiMasterIsr
                0x1fffea10        0x4 ./drivers/fsl_spi.o
 .bss.s_spiSlaveIsr
                0x1fffea14        0x4 ./drivers/fsl_spi.o
 .bss.g_spiDummyData
                0x1fffea18        0x2 ./drivers/fsl_spi.o
                0x1fffea18                g_spiDummyData
 *fill*         0x1fffea1a        0x2 
 .bss.__Ciob    0x1fffea1c       0xb4 c:/nxp/mcuxpressoide_11.5.1_7266/ide/plugins/com.nxp.mcuxpresso.tools.win32_11.5.1.202201181444/tools/bin/../lib/gcc/arm-none-eabi/10.3.1/../../../../arm-none-eabi/lib/thumb/v6-m/nofp\libcr_semihost_nf.a(__ciob.o)
                0x1fffea1c                __Ciob
 .bss.__end_of_heap
                0x1fffead0        0x4 c:/nxp/mcuxpressoide_11.5.1_7266/ide/plugins/com.nxp.mcuxpresso.tools.win32_11.5.1.202201181444/tools/bin/../lib/gcc/arm-none-eabi/10.3.1/../../../../arm-none-eabi/lib/thumb/v6-m/nofp\libcr_c.a(__init_alloc.o)
                0x1fffead0                __end_of_heap
 .bss.__heaps   0x1fffead4        0x4 c:/nxp/mcuxpressoide_11.5.1_7266/ide/plugins/com.nxp.mcuxpresso.tools.win32_11.5.1.202201181444/tools/bin/../lib/gcc/arm-none-eabi/10.3.1/../../../../arm-none-eabi/lib/thumb/v6-m/nofp\libcr_c.a(__init_alloc.o)
                0x1fffead4                __heaps
 .bss.errno     0x1fffead8        0x4 c:/nxp/mcuxpressoide_11.5.1_7266/ide/plugins/com.nxp.mcuxpresso.tools.win32_11.5.1.202201181444/tools/bin/../lib/gcc/arm-none-eabi/10.3.1/../../../../arm-none-eabi/lib/thumb/v6-m/nofp\libcr_c.a(errno.o)
                0x1fffead8                errno
 .bss.readX     0x1fffeadc        0x2 ./source/mma8451.o
 .bss.readY     0x1fffeade        0x2 ./source/mma8451.o
 .bss.readZ     0x1fffeae0        0x2 ./source/mma8451.o
 .bss.estado    0x1fffeae2        0x1 ./source/mef.o
 .bss.is_falling
                0x1fffeae3        0x1 ./source/mma8451.o
 .bss.dr_irq_enable
                0x1fffeae4        0x1 ./source/mma8451.o
 *(SORT_BY_ALIGNMENT(COMMON))
                0x1fffeae8                . = ALIGN (0x4)
 *fill*         0x1fffeae5        0x3 
                0x1fffeae8                _ebss = .
                [!provide]                PROVIDE (__end_bss_RAM = .)
                [!provide]                PROVIDE (__end_bss_SRAM = .)
                [!provide]                PROVIDE (end = .)

.noinit         0x1fffeae8        0x0
                0x1fffeae8                _noinit = .
                [!provide]                PROVIDE (__start_noinit_RAM = .)
                [!provide]                PROVIDE (__start_noinit_SRAM = .)
 *(SORT_BY_ALIGNMENT(.noinit*))
                0x1fffeae8                . = ALIGN (0x4)
                0x1fffeae8                _end_noinit = .
                [!provide]                PROVIDE (__end_noinit_RAM = .)
                [!provide]                PROVIDE (__end_noinit_SRAM = .)

.ARM.extab
 *(SORT_BY_ALIGNMENT(.ARM.extab*) SORT_BY_ALIGNMENT(.gnu.linkonce.armextab.*))

.ARM.exidx      0x000070e0        0x0
                0x000070e0                __exidx_start = .
 *(SORT_BY_ALIGNMENT(.ARM.exidx*) SORT_BY_ALIGNMENT(.gnu.linkonce.armexidx.*))
                0x000070e0                __exidx_end = .
                0x00000800                _HeapSize = 0x800

.heap           0x1fffeae8      0x800
                0x1fffeae8                _pvHeapStart = .
                0x1ffff2e8                . = (. + _HeapSize)
 *fill*         0x1fffeae8      0x800 
                0x1ffff2e8                . = ALIGN (0x4)
                0x1ffff2e8                _pvHeapLimit = .
                0x00000800                _StackSize = 0x800

.heap2stackfill
                0x1ffff2e8      0x800
                0x1ffffae8                . = (. + _StackSize)
 *fill*         0x1ffff2e8      0x800 

.stack          0x20005800        0x0
                0x20005800                _vStackBase = .
                0x20005800                . = ALIGN (0x4)
                0x20006000                _vStackTop = (. + _StackSize)
                0x00000000                _image_start = LOADADDR (.text)
                0x000070e0                _image_end = (LOADADDR (.data) + SIZEOF (.data))
                0x000070e0                _image_size = (_image_end - _image_start)
OUTPUT(TP2_SD2_Raffagnini_Rodriguez.axf elf32-littlearm)
LOAD linker stubs

.debug_info     0x00000000     0xf6ce
 .debug_info    0x00000000      0x4df ./startup/startup_mkl43z4.o
 .debug_info    0x000004df      0x7df ./source/SD2_I2C.o
 .debug_info    0x00000cbe      0xf42 ./source/SD2_board.o
 .debug_info    0x00001c00      0x5c5 ./source/TP2.o
 .debug_info    0x000021c5       0xb7 ./source/coyote.o
 .debug_info    0x0000227c      0x2ba ./source/display_utils.o
 .debug_info    0x00002536       0x62 ./source/font5x7.o
 .debug_info    0x00002598      0x197 ./source/key.o
 .debug_info    0x0000272f      0x637 ./source/mef.o
 .debug_info    0x00002d66     0x1471 ./source/mma8451.o
 .debug_info    0x000041d7       0x53 ./source/mtb.o
 .debug_info    0x0000422a      0x84d ./source/oled.o
 .debug_info    0x00004a77      0x7ba ./source/power_mode_switch.o
 .debug_info    0x00005231       0x3c ./source/semihost_hardfault.o
 .debug_info    0x0000526d     0x1308 ./drivers/fsl_clock.o
 .debug_info    0x00006575     0x1020 ./drivers/fsl_dma.o
 .debug_info    0x00007595     0x112a ./drivers/fsl_flexio.o
 .debug_info    0x000086bf      0x868 ./drivers/fsl_gpio.o
 .debug_info    0x00008f27     0x1c4f ./drivers/fsl_i2c.o
 .debug_info    0x0000ab76     0x1780 ./drivers/fsl_lpuart.o
 .debug_info    0x0000c2f6      0x9aa ./drivers/fsl_smc.o
 .debug_info    0x0000cca0     0x17f3 ./drivers/fsl_spi.o
 .debug_info    0x0000e493      0x45d ./device/system_MKL43Z4.o
 .debug_info    0x0000e8f0      0x450 ./board/board.o
 .debug_info    0x0000ed40      0x98e ./board/clock_config.o

.debug_abbrev   0x00000000     0x2e4b
 .debug_abbrev  0x00000000      0x1b8 ./startup/startup_mkl43z4.o
 .debug_abbrev  0x000001b8      0x1ff ./source/SD2_I2C.o
 .debug_abbrev  0x000003b7      0x286 ./source/SD2_board.o
 .debug_abbrev  0x0000063d      0x1d4 ./source/TP2.o
 .debug_abbrev  0x00000811       0x59 ./source/coyote.o
 .debug_abbrev  0x0000086a      0x128 ./source/display_utils.o
 .debug_abbrev  0x00000992       0x4a ./source/font5x7.o
 .debug_abbrev  0x000009dc       0xf1 ./source/key.o
 .debug_abbrev  0x00000acd      0x143 ./source/mef.o
 .debug_abbrev  0x00000c10      0x306 ./source/mma8451.o
 .debug_abbrev  0x00000f16       0x46 ./source/mtb.o
 .debug_abbrev  0x00000f5c      0x1a5 ./source/oled.o
 .debug_abbrev  0x00001101      0x1c4 ./source/power_mode_switch.o
 .debug_abbrev  0x000012c5       0x31 ./source/semihost_hardfault.o
 .debug_abbrev  0x000012f6      0x2b0 ./drivers/fsl_clock.o
 .debug_abbrev  0x000015a6      0x2cf ./drivers/fsl_dma.o
 .debug_abbrev  0x00001875      0x2b4 ./drivers/fsl_flexio.o
 .debug_abbrev  0x00001b29      0x20d ./drivers/fsl_gpio.o
 .debug_abbrev  0x00001d36      0x35a ./drivers/fsl_i2c.o
 .debug_abbrev  0x00002090      0x2fe ./drivers/fsl_lpuart.o
 .debug_abbrev  0x0000238e      0x312 ./drivers/fsl_smc.o
 .debug_abbrev  0x000026a0      0x36e ./drivers/fsl_spi.o
 .debug_abbrev  0x00002a0e      0x148 ./device/system_MKL43Z4.o
 .debug_abbrev  0x00002b56      0x159 ./board/board.o
 .debug_abbrev  0x00002caf      0x19c ./board/clock_config.o

.debug_aranges  0x00000000      0xce8
 .debug_aranges
                0x00000000      0x160 ./startup/startup_mkl43z4.o
 .debug_aranges
                0x00000160       0x50 ./source/SD2_I2C.o
 .debug_aranges
                0x000001b0       0x80 ./source/SD2_board.o
 .debug_aranges
                0x00000230       0x48 ./source/TP2.o
 .debug_aranges
                0x00000278       0x18 ./source/coyote.o
 .debug_aranges
                0x00000290       0x38 ./source/display_utils.o
 .debug_aranges
                0x000002c8       0x18 ./source/font5x7.o
 .debug_aranges
                0x000002e0       0x30 ./source/key.o
 .debug_aranges
                0x00000310       0x38 ./source/mef.o
 .debug_aranges
                0x00000348       0xa8 ./source/mma8451.o
 .debug_aranges
                0x000003f0       0x18 ./source/mtb.o
 .debug_aranges
                0x00000408       0x98 ./source/oled.o
 .debug_aranges
                0x000004a0       0x50 ./source/power_mode_switch.o
 .debug_aranges
                0x000004f0       0x20 ./source/semihost_hardfault.o
 .debug_aranges
                0x00000510       0xd0 ./drivers/fsl_clock.o
 .debug_aranges
                0x000005e0       0xd0 ./drivers/fsl_dma.o
 .debug_aranges
                0x000006b0       0xb8 ./drivers/fsl_flexio.o
 .debug_aranges
                0x00000768       0x68 ./drivers/fsl_gpio.o
 .debug_aranges
                0x000007d0      0x178 ./drivers/fsl_i2c.o
 .debug_aranges
                0x00000948      0x120 ./drivers/fsl_lpuart.o
 .debug_aranges
                0x00000a68       0x90 ./drivers/fsl_smc.o
 .debug_aranges
                0x00000af8      0x148 ./drivers/fsl_spi.o
 .debug_aranges
                0x00000c40       0x30 ./device/system_MKL43Z4.o
 .debug_aranges
                0x00000c70       0x30 ./board/board.o
 .debug_aranges
                0x00000ca0       0x48 ./board/clock_config.o

.debug_ranges   0x00000000      0xb40
 .debug_ranges  0x00000000      0x150 ./startup/startup_mkl43z4.o
 .debug_ranges  0x00000150       0x40 ./source/SD2_I2C.o
 .debug_ranges  0x00000190       0x70 ./source/SD2_board.o
 .debug_ranges  0x00000200       0x38 ./source/TP2.o
 .debug_ranges  0x00000238       0x28 ./source/display_utils.o
 .debug_ranges  0x00000260       0x20 ./source/key.o
 .debug_ranges  0x00000280       0x28 ./source/mef.o
 .debug_ranges  0x000002a8       0x98 ./source/mma8451.o
 .debug_ranges  0x00000340       0x88 ./source/oled.o
 .debug_ranges  0x000003c8       0x40 ./source/power_mode_switch.o
 .debug_ranges  0x00000408       0x10 ./source/semihost_hardfault.o
 .debug_ranges  0x00000418       0xc0 ./drivers/fsl_clock.o
 .debug_ranges  0x000004d8       0xc0 ./drivers/fsl_dma.o
 .debug_ranges  0x00000598       0xa8 ./drivers/fsl_flexio.o
 .debug_ranges  0x00000640       0x58 ./drivers/fsl_gpio.o
 .debug_ranges  0x00000698      0x168 ./drivers/fsl_i2c.o
 .debug_ranges  0x00000800      0x110 ./drivers/fsl_lpuart.o
 .debug_ranges  0x00000910       0x80 ./drivers/fsl_smc.o
 .debug_ranges  0x00000990      0x138 ./drivers/fsl_spi.o
 .debug_ranges  0x00000ac8       0x20 ./device/system_MKL43Z4.o
 .debug_ranges  0x00000ae8       0x20 ./board/board.o
 .debug_ranges  0x00000b08       0x38 ./board/clock_config.o

.debug_macro    0x00000000     0x268f
 .debug_macro   0x00000000       0x29 ./startup/startup_mkl43z4.o
 .debug_macro   0x00000029      0x168 ./source/SD2_I2C.o
 .debug_macro   0x00000191       0x10 ./source/SD2_I2C.o
 .debug_macro   0x000001a1       0x22 ./source/SD2_I2C.o
 .debug_macro   0x000001c3       0x10 ./source/SD2_I2C.o
 .debug_macro   0x000001d3       0x22 ./source/SD2_I2C.o
 .debug_macro   0x000001f5       0x16 ./source/SD2_I2C.o
 .debug_macro   0x0000020b      0x193 ./source/SD2_I2C.o
 .debug_macro   0x0000039e      0x141 ./source/SD2_board.o
 .debug_macro   0x000004df       0x1c ./source/SD2_board.o
 .debug_macro   0x000004fb      0x1d0 ./source/TP2.o
 .debug_macro   0x000006cb       0xd8 ./source/TP2.o
 .debug_macro   0x000007a3       0x10 ./source/TP2.o
 .debug_macro   0x000007b3      0x1b5 ./source/TP2.o
 .debug_macro   0x00000968       0x2e ./source/TP2.o
 .debug_macro   0x00000996       0x10 ./source/TP2.o
 .debug_macro   0x000009a6       0x16 ./source/TP2.o
 .debug_macro   0x000009bc       0x24 ./source/coyote.o
 .debug_macro   0x000009e0      0x696 ./source/coyote.o
 .debug_macro   0x00001076      0x15d ./source/display_utils.o
 .debug_macro   0x000011d3       0x1a ./source/font5x7.o
 .debug_macro   0x000011ed       0xa2 ./source/key.o
 .debug_macro   0x0000128f      0x1b9 ./source/mef.o
 .debug_macro   0x00001448       0x1c ./source/mef.o
 .debug_macro   0x00001464       0x16 ./source/mef.o
 .debug_macro   0x0000147a       0x16 ./source/mef.o
 .debug_macro   0x00001490       0xc4 ./source/mef.o
 .debug_macro   0x00001554      0x1c8 ./source/mma8451.o
 .debug_macro   0x0000171c       0x1c ./source/mma8451.o
 .debug_macro   0x00001738       0x16 ./source/mma8451.o
 .debug_macro   0x0000174e       0x2f ./source/mtb.o
 .debug_macro   0x0000177d       0x82 ./source/mtb.o
 .debug_macro   0x000017ff       0x10 ./source/mtb.o
 .debug_macro   0x0000180f       0xef ./source/oled.o
 .debug_macro   0x000018fe       0x10 ./source/oled.o
 .debug_macro   0x0000190e      0x1a2 ./source/power_mode_switch.o
 .debug_macro   0x00001ab0       0x16 ./source/power_mode_switch.o
 .debug_macro   0x00001ac6       0x11 ./source/semihost_hardfault.o
 .debug_macro   0x00001ad7      0x12f ./drivers/fsl_clock.o
 .debug_macro   0x00001c06      0x103 ./drivers/fsl_dma.o
 .debug_macro   0x00001d09      0x108 ./drivers/fsl_flexio.o
 .debug_macro   0x00001e11       0x1c ./drivers/fsl_flexio.o
 .debug_macro   0x00001e2d      0x102 ./drivers/fsl_gpio.o
 .debug_macro   0x00001f2f       0x10 ./drivers/fsl_gpio.o
 .debug_macro   0x00001f3f      0x102 ./drivers/fsl_i2c.o
 .debug_macro   0x00002041      0x102 ./drivers/fsl_lpuart.o
 .debug_macro   0x00002143       0x10 ./drivers/fsl_lpuart.o
 .debug_macro   0x00002153      0x103 ./drivers/fsl_smc.o
 .debug_macro   0x00002256      0x102 ./drivers/fsl_spi.o
 .debug_macro   0x00002358       0x16 ./drivers/fsl_spi.o
 .debug_macro   0x0000236e       0x97 ./device/system_MKL43Z4.o
 .debug_macro   0x00002405      0x168 ./board/board.o
 .debug_macro   0x0000256d      0x122 ./board/clock_config.o

.debug_line     0x00000000     0xa3d7
 .debug_line    0x00000000      0x1eb ./startup/startup_mkl43z4.o
 .debug_line    0x000001eb      0x600 ./source/SD2_I2C.o
 .debug_line    0x000007eb      0x6d9 ./source/SD2_board.o
 .debug_line    0x00000ec4      0x74a ./source/TP2.o
 .debug_line    0x0000160e       0x4f ./source/coyote.o
 .debug_line    0x0000165d      0x689 ./source/display_utils.o
 .debug_line    0x00001ce6       0x44 ./source/font5x7.o
 .debug_line    0x00001d2a      0x36a ./source/key.o
 .debug_line    0x00002094      0x761 ./source/mef.o
 .debug_line    0x000027f5      0x94b ./source/mma8451.o
 .debug_line    0x00003140       0xd1 ./source/mtb.o
 .debug_line    0x00003211      0x812 ./source/oled.o
 .debug_line    0x00003a23      0x79c ./source/power_mode_switch.o
 .debug_line    0x000041bf       0x59 ./source/semihost_hardfault.o
 .debug_line    0x00004218      0x884 ./drivers/fsl_clock.o
 .debug_line    0x00004a9c      0x7c1 ./drivers/fsl_dma.o
 .debug_line    0x0000525d      0x74d ./drivers/fsl_flexio.o
 .debug_line    0x000059aa      0x50e ./drivers/fsl_gpio.o
 .debug_line    0x00005eb8     0x142b ./drivers/fsl_i2c.o
 .debug_line    0x000072e3      0xe87 ./drivers/fsl_lpuart.o
 .debug_line    0x0000816a      0x60c ./drivers/fsl_smc.o
 .debug_line    0x00008776      0xf8a ./drivers/fsl_spi.o
 .debug_line    0x00009700      0x2fd ./device/system_MKL43Z4.o
 .debug_line    0x000099fd      0x58e ./board/board.o
 .debug_line    0x00009f8b      0x44c ./board/clock_config.o

.debug_str      0x00000000    0x593e4
 .debug_str     0x00000000     0x309a ./startup/startup_mkl43z4.o
                               0x310a (size before relaxing)
 .debug_str     0x0000309a    0x4c7cc ./source/SD2_I2C.o
                              0x4f6fd (size before relaxing)
 .debug_str     0x0004f866      0xee2 ./source/SD2_board.o
                              0x503a8 (size before relaxing)
 .debug_str     0x00050748     0x1826 ./source/TP2.o
                              0x500c4 (size before relaxing)
 .debug_str     0x00051f6e      0xe53 ./source/coyote.o
                               0x3b53 (size before relaxing)
 .debug_str     0x00052dc1      0x119 ./source/display_utils.o
                              0x4f1a0 (size before relaxing)
 .debug_str     0x00052eda       0x1c ./source/font5x7.o
                               0x3b20 (size before relaxing)
 .debug_str     0x00052ef6       0x83 ./source/key.o
                              0x470c5 (size before relaxing)
 .debug_str     0x00052f79      0x758 ./source/mef.o
                              0x50218 (size before relaxing)
 .debug_str     0x000536d1      0x817 ./source/mma8451.o
                              0x5087d (size before relaxing)
 .debug_str     0x00053ee8      0x532 ./source/mtb.o
                               0x321d (size before relaxing)
 .debug_str     0x0005441a      0x326 ./source/oled.o
                              0x47419 (size before relaxing)
 .debug_str     0x00054740      0x58a ./source/power_mode_switch.o
                              0x50a3b (size before relaxing)
 .debug_str     0x00054cca       0x1f ./source/semihost_hardfault.o
                               0x2d0a (size before relaxing)
 .debug_str     0x00054ce9      0x856 ./drivers/fsl_clock.o
                              0x4fe6d (size before relaxing)
 .debug_str     0x0005553f      0x776 ./drivers/fsl_dma.o
                              0x4fb8e (size before relaxing)
 .debug_str     0x00055cb5     0x133a ./drivers/fsl_flexio.o
                              0x505a9 (size before relaxing)
 .debug_str     0x00056fef       0xe1 ./drivers/fsl_gpio.o
                              0x4f1cd (size before relaxing)
 .debug_str     0x000570d0      0x956 ./drivers/fsl_i2c.o
                              0x50130 (size before relaxing)
 .debug_str     0x00057a26      0xd5d ./drivers/fsl_lpuart.o
                              0x5025a (size before relaxing)
 .debug_str     0x00058783      0x2be ./drivers/fsl_smc.o
                              0x4f435 (size before relaxing)
 .debug_str     0x00058a41      0x6ea ./drivers/fsl_spi.o
                              0x4ffad (size before relaxing)
 .debug_str     0x0005912b       0x7c ./device/system_MKL43Z4.o
                              0x4da52 (size before relaxing)
 .debug_str     0x000591a7       0xda ./board/board.o
                              0x4fed7 (size before relaxing)
 .debug_str     0x00059281      0x163 ./board/clock_config.o
                              0x4f6ff (size before relaxing)

.comment        0x00000000       0x49
 .comment       0x00000000       0x49 ./startup/startup_mkl43z4.o
                                 0x4a (size before relaxing)
 .comment       0x00000049       0x4a ./source/SD2_I2C.o
 .comment       0x00000049       0x4a ./source/SD2_board.o
 .comment       0x00000049       0x4a ./source/TP2.o
 .comment       0x00000049       0x4a ./source/coyote.o
 .comment       0x00000049       0x4a ./source/display_utils.o
 .comment       0x00000049       0x4a ./source/font5x7.o
 .comment       0x00000049       0x4a ./source/key.o
 .comment       0x00000049       0x4a ./source/mef.o
 .comment       0x00000049       0x4a ./source/mma8451.o
 .comment       0x00000049       0x4a ./source/mtb.o
 .comment       0x00000049       0x4a ./source/oled.o
 .comment       0x00000049       0x4a ./source/power_mode_switch.o
 .comment       0x00000049       0x4a ./source/semihost_hardfault.o
 .comment       0x00000049       0x4a ./drivers/fsl_clock.o
 .comment       0x00000049       0x4a ./drivers/fsl_dma.o
 .comment       0x00000049       0x4a ./drivers/fsl_flexio.o
 .comment       0x00000049       0x4a ./drivers/fsl_gpio.o
 .comment       0x00000049       0x4a ./drivers/fsl_i2c.o
 .comment       0x00000049       0x4a ./drivers/fsl_lpuart.o
 .comment       0x00000049       0x4a ./drivers/fsl_smc.o
 .comment       0x00000049       0x4a ./drivers/fsl_spi.o
 .comment       0x00000049       0x4a ./device/system_MKL43Z4.o
 .comment       0x00000049       0x4a ./board/board.o
 .comment       0x00000049       0x4a ./board/clock_config.o
 .comment       0x00000049       0x4a c:/nxp/mcuxpressoide_11.5.1_7266/ide/plugins/com.nxp.mcuxpresso.tools.win32_11.5.1.202201181444/tools/bin/../lib/gcc/arm-none-eabi/10.3.1/../../../../arm-none-eabi/lib/thumb/v6-m/nofp\libcr_semihost_nf.a(_cr__main.o)
 .comment       0x00000049       0x4a c:/nxp/mcuxpressoide_11.5.1_7266/ide/plugins/com.nxp.mcuxpresso.tools.win32_11.5.1.202201181444/tools/bin/../lib/gcc/arm-none-eabi/10.3.1/../../../../arm-none-eabi/lib/thumb/v6-m/nofp\libcr_semihost_nf.a(_cr_assert.o)
 .comment       0x00000049       0x4a c:/nxp/mcuxpressoide_11.5.1_7266/ide/plugins/com.nxp.mcuxpresso.tools.win32_11.5.1.202201181444/tools/bin/../lib/gcc/arm-none-eabi/10.3.1/../../../../arm-none-eabi/lib/thumb/v6-m/nofp\libcr_semihost_nf.a(__ciob.o)
 .comment       0x00000049       0x4a c:/nxp/mcuxpressoide_11.5.1_7266/ide/plugins/com.nxp.mcuxpresso.tools.win32_11.5.1.202201181444/tools/bin/../lib/gcc/arm-none-eabi/10.3.1/../../../../arm-none-eabi/lib/thumb/v6-m/nofp\libcr_c.a(memset.o)
 .comment       0x00000049       0x4a c:/nxp/mcuxpressoide_11.5.1_7266/ide/plugins/com.nxp.mcuxpresso.tools.win32_11.5.1.202201181444/tools/bin/../lib/gcc/arm-none-eabi/10.3.1/../../../../arm-none-eabi/lib/thumb/v6-m/nofp\libcr_c.a(_deferredlazyseek.o)
 .comment       0x00000049       0x4a c:/nxp/mcuxpressoide_11.5.1_7266/ide/plugins/com.nxp.mcuxpresso.tools.win32_11.5.1.202201181444/tools/bin/../lib/gcc/arm-none-eabi/10.3.1/../../../../arm-none-eabi/lib/thumb/v6-m/nofp\libcr_c.a(_fflush.o)
 .comment       0x00000049       0x4a c:/nxp/mcuxpressoide_11.5.1_7266/ide/plugins/com.nxp.mcuxpresso.tools.win32_11.5.1.202201181444/tools/bin/../lib/gcc/arm-none-eabi/10.3.1/../../../../arm-none-eabi/lib/thumb/v6-m/nofp\libcr_c.a(_writebuf.o)
 .comment       0x00000049       0x4a c:/nxp/mcuxpressoide_11.5.1_7266/ide/plugins/com.nxp.mcuxpresso.tools.win32_11.5.1.202201181444/tools/bin/../lib/gcc/arm-none-eabi/10.3.1/../../../../arm-none-eabi/lib/thumb/v6-m/nofp\libcr_c.a(alloc.o)
 .comment       0x00000049       0x4a c:/nxp/mcuxpressoide_11.5.1_7266/ide/plugins/com.nxp.mcuxpresso.tools.win32_11.5.1.202201181444/tools/bin/../lib/gcc/arm-none-eabi/10.3.1/../../../../arm-none-eabi/lib/thumb/v6-m/nofp\libcr_c.a(fputs.o)
 .comment       0x00000049       0x4a c:/nxp/mcuxpressoide_11.5.1_7266/ide/plugins/com.nxp.mcuxpresso.tools.win32_11.5.1.202201181444/tools/bin/../lib/gcc/arm-none-eabi/10.3.1/../../../../arm-none-eabi/lib/thumb/v6-m/nofp\libcr_c.a(fseek.o)
 .comment       0x00000049       0x4a c:/nxp/mcuxpressoide_11.5.1_7266/ide/plugins/com.nxp.mcuxpresso.tools.win32_11.5.1.202201181444/tools/bin/../lib/gcc/arm-none-eabi/10.3.1/../../../../arm-none-eabi/lib/thumb/v6-m/nofp\libcr_c.a(ftell.o)
 .comment       0x00000049       0x4a c:/nxp/mcuxpressoide_11.5.1_7266/ide/plugins/com.nxp.mcuxpresso.tools.win32_11.5.1.202201181444/tools/bin/../lib/gcc/arm-none-eabi/10.3.1/../../../../arm-none-eabi/lib/thumb/v6-m/nofp\libcr_c.a(initio.o)
 .comment       0x00000049       0x4a c:/nxp/mcuxpressoide_11.5.1_7266/ide/plugins/com.nxp.mcuxpresso.tools.win32_11.5.1.202201181444/tools/bin/../lib/gcc/arm-none-eabi/10.3.1/../../../../arm-none-eabi/lib/thumb/v6-m/nofp\libcr_c.a(printf.o)
 .comment       0x00000049       0x4a c:/nxp/mcuxpressoide_11.5.1_7266/ide/plugins/com.nxp.mcuxpresso.tools.win32_11.5.1.202201181444/tools/bin/../lib/gcc/arm-none-eabi/10.3.1/../../../../arm-none-eabi/lib/thumb/v6-m/nofp\libcr_c.a(setvbuf.o)
 .comment       0x00000049       0x4a c:/nxp/mcuxpressoide_11.5.1_7266/ide/plugins/com.nxp.mcuxpresso.tools.win32_11.5.1.202201181444/tools/bin/../lib/gcc/arm-none-eabi/10.3.1/../../../../arm-none-eabi/lib/thumb/v6-m/nofp\libcr_c.a(sqrt.o)
 .comment       0x00000049       0x4a c:/nxp/mcuxpressoide_11.5.1_7266/ide/plugins/com.nxp.mcuxpresso.tools.win32_11.5.1.202201181444/tools/bin/../lib/gcc/arm-none-eabi/10.3.1/../../../../arm-none-eabi/lib/thumb/v6-m/nofp\libcr_c.a(strlen.o)
 .comment       0x00000049       0x4a c:/nxp/mcuxpressoide_11.5.1_7266/ide/plugins/com.nxp.mcuxpresso.tools.win32_11.5.1.202201181444/tools/bin/../lib/gcc/arm-none-eabi/10.3.1/../../../../arm-none-eabi/lib/thumb/v6-m/nofp\libcr_c.a(__init_alloc.o)
 .comment       0x00000049       0x4a c:/nxp/mcuxpressoide_11.5.1_7266/ide/plugins/com.nxp.mcuxpresso.tools.win32_11.5.1.202201181444/tools/bin/../lib/gcc/arm-none-eabi/10.3.1/../../../../arm-none-eabi/lib/thumb/v6-m/nofp\libcr_c.a(_cr_sbrk.o)
 .comment       0x00000049       0x4a c:/nxp/mcuxpressoide_11.5.1_7266/ide/plugins/com.nxp.mcuxpresso.tools.win32_11.5.1.202201181444/tools/bin/../lib/gcc/arm-none-eabi/10.3.1/../../../../arm-none-eabi/lib/thumb/v6-m/nofp\libcr_c.a(_fdopen.o)
 .comment       0x00000049       0x4a c:/nxp/mcuxpressoide_11.5.1_7266/ide/plugins/com.nxp.mcuxpresso.tools.win32_11.5.1.202201181444/tools/bin/../lib/gcc/arm-none-eabi/10.3.1/../../../../arm-none-eabi/lib/thumb/v6-m/nofp\libcr_c.a(errno.o)
 .comment       0x00000049       0x4a c:/nxp/mcuxpressoide_11.5.1_7266/ide/plugins/com.nxp.mcuxpresso.tools.win32_11.5.1.202201181444/tools/bin/../lib/gcc/arm-none-eabi/10.3.1/../../../../arm-none-eabi/lib/thumb/v6-m/nofp\libcr_c.a(fclose.o)
 .comment       0x00000049       0x4a c:/nxp/mcuxpressoide_11.5.1_7266/ide/plugins/com.nxp.mcuxpresso.tools.win32_11.5.1.202201181444/tools/bin/../lib/gcc/arm-none-eabi/10.3.1/../../../../arm-none-eabi/lib/thumb/v6-m/nofp\libcr_c.a(fflush.o)
 .comment       0x00000049       0x4a c:/nxp/mcuxpressoide_11.5.1_7266/ide/plugins/com.nxp.mcuxpresso.tools.win32_11.5.1.202201181444/tools/bin/../lib/gcc/arm-none-eabi/10.3.1/../../../../arm-none-eabi/lib/thumb/v6-m/nofp\libcr_c.a(remove.o)
 .comment       0x00000049       0x4a c:/nxp/mcuxpressoide_11.5.1_7266/ide/plugins/com.nxp.mcuxpresso.tools.win32_11.5.1.202201181444/tools/bin/../lib/gcc/arm-none-eabi/10.3.1/../../../../arm-none-eabi/lib/thumb/v6-m/nofp\libcr_c.a(_cr_check_heap.o)
 .comment       0x00000049       0x4a c:/nxp/mcuxpressoide_11.5.1_7266/ide/plugins/com.nxp.mcuxpresso.tools.win32_11.5.1.202201181444/tools/bin/../lib/gcc/arm-none-eabi/10.3.1/../../../../arm-none-eabi/lib/thumb/v6-m/nofp\libcr_c.a(_do_fflush.o)
 .comment       0x00000049       0x4a c:/nxp/mcuxpressoide_11.5.1_7266/ide/plugins/com.nxp.mcuxpresso.tools.win32_11.5.1.202201181444/tools/bin/../lib/gcc/arm-none-eabi/10.3.1/thumb/v6-m/nofp\libcr_eabihelpers.a(double.o)
 .comment       0x00000049       0x4a c:/nxp/mcuxpressoide_11.5.1_7266/ide/plugins/com.nxp.mcuxpresso.tools.win32_11.5.1.202201181444/tools/bin/../lib/gcc/arm-none-eabi/10.3.1/thumb/v6-m/nofp\libcr_eabihelpers.a(float.o)

.ARM.attributes
                0x00000000       0x2a
 .ARM.attributes
                0x00000000       0x2c ./startup/startup_mkl43z4.o
 .ARM.attributes
                0x0000002c       0x2c ./source/SD2_I2C.o
 .ARM.attributes
                0x00000058       0x2c ./source/SD2_board.o
 .ARM.attributes
                0x00000084       0x2c ./source/TP2.o
 .ARM.attributes
                0x000000b0       0x32 ./source/coyote.o
 .ARM.attributes
                0x000000e2       0x2c ./source/display_utils.o
 .ARM.attributes
                0x0000010e       0x32 ./source/font5x7.o
 .ARM.attributes
                0x00000140       0x2c ./source/key.o
 .ARM.attributes
                0x0000016c       0x2c ./source/mef.o
 .ARM.attributes
                0x00000198       0x2c ./source/mma8451.o
 .ARM.attributes
                0x000001c4       0x32 ./source/mtb.o
 .ARM.attributes
                0x000001f6       0x2c ./source/oled.o
 .ARM.attributes
                0x00000222       0x2c ./source/power_mode_switch.o
 .ARM.attributes
                0x0000024e       0x2c ./source/semihost_hardfault.o
 .ARM.attributes
                0x0000027a       0x2c ./drivers/fsl_clock.o
 .ARM.attributes
                0x000002a6       0x2c ./drivers/fsl_dma.o
 .ARM.attributes
                0x000002d2       0x2c ./drivers/fsl_flexio.o
 .ARM.attributes
                0x000002fe       0x2c ./drivers/fsl_gpio.o
 .ARM.attributes
                0x0000032a       0x2c ./drivers/fsl_i2c.o
 .ARM.attributes
                0x00000356       0x2c ./drivers/fsl_lpuart.o
 .ARM.attributes
                0x00000382       0x2c ./drivers/fsl_smc.o
 .ARM.attributes
                0x000003ae       0x2c ./drivers/fsl_spi.o
 .ARM.attributes
                0x000003da       0x2c ./device/system_MKL43Z4.o
 .ARM.attributes
                0x00000406       0x2c ./board/board.o
 .ARM.attributes
                0x00000432       0x2c ./board/clock_config.o
 .ARM.attributes
                0x0000045e       0x2c c:/nxp/mcuxpressoide_11.5.1_7266/ide/plugins/com.nxp.mcuxpresso.tools.win32_11.5.1.202201181444/tools/bin/../lib/gcc/arm-none-eabi/10.3.1/../../../../arm-none-eabi/lib/thumb/v6-m/nofp\libcr_semihost_nf.a(_cr__main.o)
 .ARM.attributes
                0x0000048a       0x2c c:/nxp/mcuxpressoide_11.5.1_7266/ide/plugins/com.nxp.mcuxpresso.tools.win32_11.5.1.202201181444/tools/bin/../lib/gcc/arm-none-eabi/10.3.1/../../../../arm-none-eabi/lib/thumb/v6-m/nofp\libcr_semihost_nf.a(_cr_assert.o)
 .ARM.attributes
                0x000004b6       0x31 c:/nxp/mcuxpressoide_11.5.1_7266/ide/plugins/com.nxp.mcuxpresso.tools.win32_11.5.1.202201181444/tools/bin/../lib/gcc/arm-none-eabi/10.3.1/../../../../arm-none-eabi/lib/thumb/v6-m/nofp\libcr_semihost_nf.a(__ciob.o)
 .ARM.attributes
                0x000004e7       0x1c c:/nxp/mcuxpressoide_11.5.1_7266/ide/plugins/com.nxp.mcuxpresso.tools.win32_11.5.1.202201181444/tools/bin/../lib/gcc/arm-none-eabi/10.3.1/../../../../arm-none-eabi/lib/thumb/v6-m/nofp\libcr_semihost_nf.a(__sys_appexit.o)
 .ARM.attributes
                0x00000503       0x2c c:/nxp/mcuxpressoide_11.5.1_7266/ide/plugins/com.nxp.mcuxpresso.tools.win32_11.5.1.202201181444/tools/bin/../lib/gcc/arm-none-eabi/10.3.1/../../../../arm-none-eabi/lib/thumb/v6-m/nofp\libcr_c.a(memset.o)
 .ARM.attributes
                0x0000052f       0x2c c:/nxp/mcuxpressoide_11.5.1_7266/ide/plugins/com.nxp.mcuxpresso.tools.win32_11.5.1.202201181444/tools/bin/../lib/gcc/arm-none-eabi/10.3.1/../../../../arm-none-eabi/lib/thumb/v6-m/nofp\libcr_c.a(_deferredlazyseek.o)
 .ARM.attributes
                0x0000055b       0x2c c:/nxp/mcuxpressoide_11.5.1_7266/ide/plugins/com.nxp.mcuxpresso.tools.win32_11.5.1.202201181444/tools/bin/../lib/gcc/arm-none-eabi/10.3.1/../../../../arm-none-eabi/lib/thumb/v6-m/nofp\libcr_c.a(_fflush.o)
 .ARM.attributes
                0x00000587       0x2c c:/nxp/mcuxpressoide_11.5.1_7266/ide/plugins/com.nxp.mcuxpresso.tools.win32_11.5.1.202201181444/tools/bin/../lib/gcc/arm-none-eabi/10.3.1/../../../../arm-none-eabi/lib/thumb/v6-m/nofp\libcr_c.a(_writebuf.o)
 .ARM.attributes
                0x000005b3       0x2c c:/nxp/mcuxpressoide_11.5.1_7266/ide/plugins/com.nxp.mcuxpresso.tools.win32_11.5.1.202201181444/tools/bin/../lib/gcc/arm-none-eabi/10.3.1/../../../../arm-none-eabi/lib/thumb/v6-m/nofp\libcr_c.a(alloc.o)
 .ARM.attributes
                0x000005df       0x2c c:/nxp/mcuxpressoide_11.5.1_7266/ide/plugins/com.nxp.mcuxpresso.tools.win32_11.5.1.202201181444/tools/bin/../lib/gcc/arm-none-eabi/10.3.1/../../../../arm-none-eabi/lib/thumb/v6-m/nofp\libcr_c.a(fputs.o)
 .ARM.attributes
                0x0000060b       0x2c c:/nxp/mcuxpressoide_11.5.1_7266/ide/plugins/com.nxp.mcuxpresso.tools.win32_11.5.1.202201181444/tools/bin/../lib/gcc/arm-none-eabi/10.3.1/../../../../arm-none-eabi/lib/thumb/v6-m/nofp\libcr_c.a(fseek.o)
 .ARM.attributes
                0x00000637       0x2c c:/nxp/mcuxpressoide_11.5.1_7266/ide/plugins/com.nxp.mcuxpresso.tools.win32_11.5.1.202201181444/tools/bin/../lib/gcc/arm-none-eabi/10.3.1/../../../../arm-none-eabi/lib/thumb/v6-m/nofp\libcr_c.a(ftell.o)
 .ARM.attributes
                0x00000663       0x2c c:/nxp/mcuxpressoide_11.5.1_7266/ide/plugins/com.nxp.mcuxpresso.tools.win32_11.5.1.202201181444/tools/bin/../lib/gcc/arm-none-eabi/10.3.1/../../../../arm-none-eabi/lib/thumb/v6-m/nofp\libcr_c.a(initio.o)
 .ARM.attributes
                0x0000068f       0x2c c:/nxp/mcuxpressoide_11.5.1_7266/ide/plugins/com.nxp.mcuxpresso.tools.win32_11.5.1.202201181444/tools/bin/../lib/gcc/arm-none-eabi/10.3.1/../../../../arm-none-eabi/lib/thumb/v6-m/nofp\libcr_c.a(printf.o)
 .ARM.attributes
                0x000006bb       0x2c c:/nxp/mcuxpressoide_11.5.1_7266/ide/plugins/com.nxp.mcuxpresso.tools.win32_11.5.1.202201181444/tools/bin/../lib/gcc/arm-none-eabi/10.3.1/../../../../arm-none-eabi/lib/thumb/v6-m/nofp\libcr_c.a(setvbuf.o)
 .ARM.attributes
                0x000006e7       0x2c c:/nxp/mcuxpressoide_11.5.1_7266/ide/plugins/com.nxp.mcuxpresso.tools.win32_11.5.1.202201181444/tools/bin/../lib/gcc/arm-none-eabi/10.3.1/../../../../arm-none-eabi/lib/thumb/v6-m/nofp\libcr_c.a(sqrt.o)
 .ARM.attributes
                0x00000713       0x2c c:/nxp/mcuxpressoide_11.5.1_7266/ide/plugins/com.nxp.mcuxpresso.tools.win32_11.5.1.202201181444/tools/bin/../lib/gcc/arm-none-eabi/10.3.1/../../../../arm-none-eabi/lib/thumb/v6-m/nofp\libcr_c.a(strlen.o)
 .ARM.attributes
                0x0000073f       0x2c c:/nxp/mcuxpressoide_11.5.1_7266/ide/plugins/com.nxp.mcuxpresso.tools.win32_11.5.1.202201181444/tools/bin/../lib/gcc/arm-none-eabi/10.3.1/../../../../arm-none-eabi/lib/thumb/v6-m/nofp\libcr_c.a(__init_alloc.o)
 .ARM.attributes
                0x0000076b       0x2c c:/nxp/mcuxpressoide_11.5.1_7266/ide/plugins/com.nxp.mcuxpresso.tools.win32_11.5.1.202201181444/tools/bin/../lib/gcc/arm-none-eabi/10.3.1/../../../../arm-none-eabi/lib/thumb/v6-m/nofp\libcr_c.a(_cr_sbrk.o)
 .ARM.attributes
                0x00000797       0x2c c:/nxp/mcuxpressoide_11.5.1_7266/ide/plugins/com.nxp.mcuxpresso.tools.win32_11.5.1.202201181444/tools/bin/../lib/gcc/arm-none-eabi/10.3.1/../../../../arm-none-eabi/lib/thumb/v6-m/nofp\libcr_c.a(_fdopen.o)
 .ARM.attributes
                0x000007c3       0x31 c:/nxp/mcuxpressoide_11.5.1_7266/ide/plugins/com.nxp.mcuxpresso.tools.win32_11.5.1.202201181444/tools/bin/../lib/gcc/arm-none-eabi/10.3.1/../../../../arm-none-eabi/lib/thumb/v6-m/nofp\libcr_c.a(errno.o)
 .ARM.attributes
                0x000007f4       0x2c c:/nxp/mcuxpressoide_11.5.1_7266/ide/plugins/com.nxp.mcuxpresso.tools.win32_11.5.1.202201181444/tools/bin/../lib/gcc/arm-none-eabi/10.3.1/../../../../arm-none-eabi/lib/thumb/v6-m/nofp\libcr_c.a(fclose.o)
 .ARM.attributes
                0x00000820       0x2c c:/nxp/mcuxpressoide_11.5.1_7266/ide/plugins/com.nxp.mcuxpresso.tools.win32_11.5.1.202201181444/tools/bin/../lib/gcc/arm-none-eabi/10.3.1/../../../../arm-none-eabi/lib/thumb/v6-m/nofp\libcr_c.a(fflush.o)
 .ARM.attributes
                0x0000084c       0x2c c:/nxp/mcuxpressoide_11.5.1_7266/ide/plugins/com.nxp.mcuxpresso.tools.win32_11.5.1.202201181444/tools/bin/../lib/gcc/arm-none-eabi/10.3.1/../../../../arm-none-eabi/lib/thumb/v6-m/nofp\libcr_c.a(remove.o)
 .ARM.attributes
                0x00000878       0x2c c:/nxp/mcuxpressoide_11.5.1_7266/ide/plugins/com.nxp.mcuxpresso.tools.win32_11.5.1.202201181444/tools/bin/../lib/gcc/arm-none-eabi/10.3.1/../../../../arm-none-eabi/lib/thumb/v6-m/nofp\libcr_c.a(_cr_check_heap.o)
 .ARM.attributes
                0x000008a4       0x2c c:/nxp/mcuxpressoide_11.5.1_7266/ide/plugins/com.nxp.mcuxpresso.tools.win32_11.5.1.202201181444/tools/bin/../lib/gcc/arm-none-eabi/10.3.1/../../../../arm-none-eabi/lib/thumb/v6-m/nofp\libcr_c.a(_do_fflush.o)
 .ARM.attributes
                0x000008d0       0x1c c:/nxp/mcuxpressoide_11.5.1_7266/ide/plugins/com.nxp.mcuxpresso.tools.win32_11.5.1.202201181444/tools/bin/../lib/gcc/arm-none-eabi/10.3.1/thumb/v6-m/nofp\libcr_eabihelpers.a(division_32.o)
 .ARM.attributes
                0x000008ec       0x1c c:/nxp/mcuxpressoide_11.5.1_7266/ide/plugins/com.nxp.mcuxpresso.tools.win32_11.5.1.202201181444/tools/bin/../lib/gcc/arm-none-eabi/10.3.1/thumb/v6-m/nofp\libcr_eabihelpers.a(division_idiv0.o)
 .ARM.attributes
                0x00000908       0x2c c:/nxp/mcuxpressoide_11.5.1_7266/ide/plugins/com.nxp.mcuxpresso.tools.win32_11.5.1.202201181444/tools/bin/../lib/gcc/arm-none-eabi/10.3.1/thumb/v6-m/nofp\libcr_eabihelpers.a(double.o)
 .ARM.attributes
                0x00000934       0x2c c:/nxp/mcuxpressoide_11.5.1_7266/ide/plugins/com.nxp.mcuxpresso.tools.win32_11.5.1.202201181444/tools/bin/../lib/gcc/arm-none-eabi/10.3.1/thumb/v6-m/nofp\libcr_eabihelpers.a(float.o)
 .ARM.attributes
                0x00000960       0x1c c:/nxp/mcuxpressoide_11.5.1_7266/ide/plugins/com.nxp.mcuxpresso.tools.win32_11.5.1.202201181444/tools/bin/../lib/gcc/arm-none-eabi/10.3.1/thumb/v6-m/nofp\libcr_eabihelpers.a(llong.o)
 .ARM.attributes
                0x0000097c       0x1c c:/nxp/mcuxpressoide_11.5.1_7266/ide/plugins/com.nxp.mcuxpresso.tools.win32_11.5.1.202201181444/tools/bin/../lib/gcc/arm-none-eabi/10.3.1/thumb/v6-m/nofp\libcr_eabihelpers.a(memcpy.o)
 .ARM.attributes
                0x00000998       0x1c c:/nxp/mcuxpressoide_11.5.1_7266/ide/plugins/com.nxp.mcuxpresso.tools.win32_11.5.1.202201181444/tools/bin/../lib/gcc/arm-none-eabi/10.3.1/thumb/v6-m/nofp\libcr_eabihelpers.a(thumb1_switch_helpers.o)
 .ARM.attributes
                0x000009b4       0x1c c:/nxp/mcuxpressoide_11.5.1_7266/ide/plugins/com.nxp.mcuxpresso.tools.win32_11.5.1.202201181444/tools/bin/../lib/gcc/arm-none-eabi/10.3.1/../../../../arm-none-eabi/lib/thumb/v6-m/nofp\libcr_semihost_nf.a(__sys_close.o)
 .ARM.attributes
                0x000009d0       0x1c c:/nxp/mcuxpressoide_11.5.1_7266/ide/plugins/com.nxp.mcuxpresso.tools.win32_11.5.1.202201181444/tools/bin/../lib/gcc/arm-none-eabi/10.3.1/../../../../arm-none-eabi/lib/thumb/v6-m/nofp\libcr_semihost_nf.a(__sys_flen.o)
 .ARM.attributes
                0x000009ec       0x1c c:/nxp/mcuxpressoide_11.5.1_7266/ide/plugins/com.nxp.mcuxpresso.tools.win32_11.5.1.202201181444/tools/bin/../lib/gcc/arm-none-eabi/10.3.1/../../../../arm-none-eabi/lib/thumb/v6-m/nofp\libcr_semihost_nf.a(__sys_istty.o)
 .ARM.attributes
                0x00000a08       0x1c c:/nxp/mcuxpressoide_11.5.1_7266/ide/plugins/com.nxp.mcuxpresso.tools.win32_11.5.1.202201181444/tools/bin/../lib/gcc/arm-none-eabi/10.3.1/../../../../arm-none-eabi/lib/thumb/v6-m/nofp\libcr_semihost_nf.a(__sys_remove.o)
 .ARM.attributes
                0x00000a24       0x1c c:/nxp/mcuxpressoide_11.5.1_7266/ide/plugins/com.nxp.mcuxpresso.tools.win32_11.5.1.202201181444/tools/bin/../lib/gcc/arm-none-eabi/10.3.1/../../../../arm-none-eabi/lib/thumb/v6-m/nofp\libcr_semihost_nf.a(__sys_seek.o)
 .ARM.attributes
                0x00000a40       0x1c c:/nxp/mcuxpressoide_11.5.1_7266/ide/plugins/com.nxp.mcuxpresso.tools.win32_11.5.1.202201181444/tools/bin/../lib/gcc/arm-none-eabi/10.3.1/../../../../arm-none-eabi/lib/thumb/v6-m/nofp\libcr_semihost_nf.a(__sys_tmpnam.o)
 .ARM.attributes
                0x00000a5c       0x1c c:/nxp/mcuxpressoide_11.5.1_7266/ide/plugins/com.nxp.mcuxpresso.tools.win32_11.5.1.202201181444/tools/bin/../lib/gcc/arm-none-eabi/10.3.1/../../../../arm-none-eabi/lib/thumb/v6-m/nofp\libcr_semihost_nf.a(__sys_write.o)

.debug_frame    0x00000000     0x29b4
 .debug_frame   0x00000000      0x3b0 ./startup/startup_mkl43z4.o
 .debug_frame   0x000003b0       0xf0 ./source/SD2_I2C.o
 .debug_frame   0x000004a0      0x1b0 ./source/SD2_board.o
 .debug_frame   0x00000650       0xc8 ./source/TP2.o
 .debug_frame   0x00000718       0x94 ./source/display_utils.o
 .debug_frame   0x000007ac       0x70 ./source/key.o
 .debug_frame   0x0000081c       0x88 ./source/mef.o
 .debug_frame   0x000008a4      0x254 ./source/mma8451.o
 .debug_frame   0x00000af8      0x22c ./source/oled.o
 .debug_frame   0x00000d24       0xec ./source/power_mode_switch.o
 .debug_frame   0x00000e10       0x20 ./source/semihost_hardfault.o
 .debug_frame   0x00000e30      0x2e8 ./drivers/fsl_clock.o
 .debug_frame   0x00001118      0x2e0 ./drivers/fsl_dma.o
 .debug_frame   0x000013f8      0x278 ./drivers/fsl_flexio.o
 .debug_frame   0x00001670      0x150 ./drivers/fsl_gpio.o
 .debug_frame   0x000017c0      0x58c ./drivers/fsl_i2c.o
 .debug_frame   0x00001d4c      0x428 ./drivers/fsl_lpuart.o
 .debug_frame   0x00002174      0x1e0 ./drivers/fsl_smc.o
 .debug_frame   0x00002354      0x4c8 ./drivers/fsl_spi.o
 .debug_frame   0x0000281c       0x68 ./device/system_MKL43Z4.o
 .debug_frame   0x00002884       0x70 ./board/board.o
 .debug_frame   0x000028f4       0xc0 ./board/clock_config.o

Cross Reference Table

Symbol                                            File
ADC0_DriverIRQHandler                             ./startup/startup_mkl43z4.o
ADC0_IRQHandler                                   ./startup/startup_mkl43z4.o
APP_CheckPowerMode                                ./source/power_mode_switch.o
APP_PowerModeSwitch                               ./source/power_mode_switch.o
                                                  ./source/mef.o
APP_SetClockRunFromVlpr                           ./source/power_mode_switch.o