C:\Users\lraff\Documents\MCUXpressoIDE_11.5.1_7266\workspace\TP3_SD2_fusion_1\CMSIS/core_cm0plus.h:741:22:__NVIC_EnableIRQ	16	static
C:\Users\lraff\Documents\MCUXpressoIDE_11.5.1_7266\workspace\TP3_SD2_fusion_1\CMSIS/core_cm0plus.h:850:22:__NVIC_SetPriority	24	static
C:\Users\lraff\Documents\MCUXpressoIDE_11.5.1_7266\workspace\TP3_SD2_fusion_1\drivers/fsl_port.h:243:20:PORT_SetPinConfig	32	static
C:\Users\lraff\Documents\MCUXpressoIDE_11.5.1_7266\workspace\TP3_SD2_fusion_1\drivers/fsl_port.h:416:20:PORT_SetPinInterruptConfig	24	static
C:\Users\lraff\Documents\MCUXpressoIDE_11.5.1_7266\workspace\TP3_SD2_fusion_1\drivers/fsl_port.h:463:20:PORT_ClearPinsInterruptFlags	16	static
../source/mma8451.c:139:16:mma8451_read_reg	56	static
../source/mma8451.c:158:13:mma8451_write_reg	48	static
../source/mma8451.c:181:13:config_port_int1	16	static
../source/mma8451.c:212:6:mma8451_init	24	static
../source/mma8451.c:255:6:mma8451_setDataRate	32	static
../source/mma8451.c:278:9:mma8451_getAcX	8	static
../source/mma8451.c:285:6:PORTC_PORTD_IRQHandler	32	static
