Archive member included to satisfy reference by file (symbol)

c:/nxp/mcuxpressoide_11.5.1_7266/ide/plugins/com.nxp.mcuxpresso.tools.win32_11.5.1.202201181444/tools/bin/../lib/gcc/arm-none-eabi/10.3.1/../../../../arm-none-eabi/lib/thumb/v6-m/nofp\libcr_semihost_nf.a(_cr__main.o)
                              ./startup/startup_mkl43z4.o (__main)
c:/nxp/mcuxpressoide_11.5.1_7266/ide/plugins/com.nxp.mcuxpresso.tools.win32_11.5.1.202201181444/tools/bin/../lib/gcc/arm-none-eabi/10.3.1/../../../../arm-none-eabi/lib/thumb/v6-m/nofp\libcr_semihost_nf.a(_cr_assert.o)
                              ./utilities/fsl_debug_console.o (__assertion_failed)
c:/nxp/mcuxpressoide_11.5.1_7266/ide/plugins/com.nxp.mcuxpresso.tools.win32_11.5.1.202201181444/tools/bin/../lib/gcc/arm-none-eabi/10.3.1/../../../../arm-none-eabi/lib/thumb/v6-m/nofp\libcr_semihost_nf.a(__ciob.o)
                              c:/nxp/mcuxpressoide_11.5.1_7266/ide/plugins/com.nxp.mcuxpresso.tools.win32_11.5.1.202201181444/tools/bin/../lib/gcc/arm-none-eabi/10.3.1/../../../../arm-none-eabi/lib/thumb/v6-m/nofp\libcr_semihost_nf.a(_cr_assert.o) (__Ciob)
c:/nxp/mcuxpressoide_11.5.1_7266/ide/plugins/com.nxp.mcuxpresso.tools.win32_11.5.1.202201181444/tools/bin/../lib/gcc/arm-none-eabi/10.3.1/../../../../arm-none-eabi/lib/thumb/v6-m/nofp\libcr_semihost_nf.a(__sys_appexit.o)
                              c:/nxp/mcuxpressoide_11.5.1_7266/ide/plugins/com.nxp.mcuxpresso.tools.win32_11.5.1.202201181444/tools/bin/../lib/gcc/arm-none-eabi/10.3.1/../../../../arm-none-eabi/lib/thumb/v6-m/nofp\libcr_semihost_nf.a(_cr_assert.o) (__sys_appexit)
c:/nxp/mcuxpressoide_11.5.1_7266/ide/plugins/com.nxp.mcuxpresso.tools.win32_11.5.1.202201181444/tools/bin/../lib/gcc/arm-none-eabi/10.3.1/../../../../arm-none-eabi/lib/thumb/v6-m/nofp\libcr_c.a(memcpy.o)
                              ./utilities/fsl_str.o (memcpy)
c:/nxp/mcuxpressoide_11.5.1_7266/ide/plugins/com.nxp.mcuxpresso.tools.win32_11.5.1.202201181444/tools/bin/../lib/gcc/arm-none-eabi/10.3.1/../../../../arm-none-eabi/lib/thumb/v6-m/nofp\libcr_c.a(memset.o)
                              ./source/mma8451.o (memset)
c:/nxp/mcuxpressoide_11.5.1_7266/ide/plugins/com.nxp.mcuxpresso.tools.win32_11.5.1.202201181444/tools/bin/../lib/gcc/arm-none-eabi/10.3.1/../../../../arm-none-eabi/lib/thumb/v6-m/nofp\libcr_c.a(_deferredlazyseek.o)
                              c:/nxp/mcuxpressoide_11.5.1_7266/ide/plugins/com.nxp.mcuxpresso.tools.win32_11.5.1.202201181444/tools/bin/../lib/gcc/arm-none-eabi/10.3.1/../../../../arm-none-eabi/lib/thumb/v6-m/nofp\libcr_semihost_nf.a(_cr_assert.o) (__flsbuf)
c:/nxp/mcuxpressoide_11.5.1_7266/ide/plugins/com.nxp.mcuxpresso.tools.win32_11.5.1.202201181444/tools/bin/../lib/gcc/arm-none-eabi/10.3.1/../../../../arm-none-eabi/lib/thumb/v6-m/nofp\libcr_c.a(_fflush.o)
                              c:/nxp/mcuxpressoide_11.5.1_7266/ide/plugins/com.nxp.mcuxpresso.tools.win32_11.5.1.202201181444/tools/bin/../lib/gcc/arm-none-eabi/10.3.1/../../../../arm-none-eabi/lib/thumb/v6-m/nofp\libcr_c.a(_deferredlazyseek.o) (_fflush)
c:/nxp/mcuxpressoide_11.5.1_7266/ide/plugins/com.nxp.mcuxpresso.tools.win32_11.5.1.202201181444/tools/bin/../lib/gcc/arm-none-eabi/10.3.1/../../../../arm-none-eabi/lib/thumb/v6-m/nofp\libcr_c.a(_writebuf.o)
                              c:/nxp/mcuxpressoide_11.5.1_7266/ide/plugins/com.nxp.mcuxpresso.tools.win32_11.5.1.202201181444/tools/bin/../lib/gcc/arm-none-eabi/10.3.1/../../../../arm-none-eabi/lib/thumb/v6-m/nofp\libcr_c.a(_deferredlazyseek.o) (_Cwritebuf)
c:/nxp/mcuxpressoide_11.5.1_7266/ide/plugins/com.nxp.mcuxpresso.tools.win32_11.5.1.202201181444/tools/bin/../lib/gcc/arm-none-eabi/10.3.1/../../../../arm-none-eabi/lib/thumb/v6-m/nofp\libcr_c.a(alloc.o)
                              ./drivers/fsl_common.o (malloc)
c:/nxp/mcuxpressoide_11.5.1_7266/ide/plugins/com.nxp.mcuxpresso.tools.win32_11.5.1.202201181444/tools/bin/../lib/gcc/arm-none-eabi/10.3.1/../../../../arm-none-eabi/lib/thumb/v6-m/nofp\libcr_c.a(fputs.o)
                              c:/nxp/mcuxpressoide_11.5.1_7266/ide/plugins/com.nxp.mcuxpresso.tools.win32_11.5.1.202201181444/tools/bin/../lib/gcc/arm-none-eabi/10.3.1/../../../../arm-none-eabi/lib/thumb/v6-m/nofp\libcr_semihost_nf.a(_cr_assert.o) (fputs)
c:/nxp/mcuxpressoide_11.5.1_7266/ide/plugins/com.nxp.mcuxpresso.tools.win32_11.5.1.202201181444/tools/bin/../lib/gcc/arm-none-eabi/10.3.1/../../../../arm-none-eabi/lib/thumb/v6-m/nofp\libcr_c.a(fseek.o)
                              c:/nxp/mcuxpressoide_11.5.1_7266/ide/plugins/com.nxp.mcuxpresso.tools.win32_11.5.1.202201181444/tools/bin/../lib/gcc/arm-none-eabi/10.3.1/../../../../arm-none-eabi/lib/thumb/v6-m/nofp\libcr_c.a(_deferredlazyseek.o) (fseek)
c:/nxp/mcuxpressoide_11.5.1_7266/ide/plugins/com.nxp.mcuxpresso.tools.win32_11.5.1.202201181444/tools/bin/../lib/gcc/arm-none-eabi/10.3.1/../../../../arm-none-eabi/lib/thumb/v6-m/nofp\libcr_c.a(ftell.o)
[...]
Memory Configuration

Name             Origin             Length             Attributes
PROGRAM_FLASH    0x00000000         0x00040000         xr
SRAM             0x1fffe000         0x00008000         xrw
*default*        0x00000000         0xffffffff

Linker script and memory map

LOAD ./utilities/fsl_debug_console.o
LOAD ./utilities/fsl_str.o
LOAD ./startup/startup_mkl43z4.o
LOAD ./source/SD2_I2C.o
LOAD ./source/SD2_board.o
LOAD ./source/coyote.o
LOAD ./source/display_utils.o
LOAD ./source/ejemplo_clock.o
LOAD ./source/font5x7.o
LOAD ./source/key.o
LOAD ./source/mef.o
LOAD ./source/mma8451.o
LOAD ./source/mtb.o
LOAD ./source/oled.o
LOAD ./source/power_mode_switch.o
LOAD ./source/semihost_hardfault.o
LOAD ./drivers/fsl_clock.o
LOAD ./drivers/fsl_common.o
LOAD ./drivers/fsl_dma.o
LOAD ./drivers/fsl_dmamux.o
LOAD ./drivers/fsl_flexio.o
LOAD ./drivers/fsl_flexio_i2c_master.o
LOAD ./drivers/fsl_flexio_spi.o
LOAD ./drivers/fsl_flexio_spi_dma.o
LOAD ./drivers/fsl_gpio.o
LOAD ./drivers/fsl_i2c.o
LOAD ./drivers/fsl_i2c_dma.o
LOAD ./drivers/fsl_lpuart.o
LOAD ./drivers/fsl_smc.o
LOAD ./drivers/fsl_spi.o
LOAD ./drivers/fsl_spi_dma.o
LOAD ./drivers/fsl_uart.o
LOAD ./device/system_MKL43Z4.o
LOAD ./component/uart/lpuart_adapter.o
LOAD ./component/serial_manager/serial_manager.o
LOAD ./component/serial_manager/serial_port_uart.o
LOAD ./component/lists/generic_list.o
LOAD ./board/board.o
LOAD ./board/clock_config.o
LOAD ./board/peripherals.o
LOAD ./board/pin_mux.o
START GROUP
LOAD c:/nxp/mcuxpressoide_11.5.1_7266/ide/plugins/com.nxp.mcuxpresso.tools.win32_11.5.1.202201181444/tools/bin/../lib/gcc/arm-none-eabi/10.3.1/../../../../arm-none-eabi/lib/thumb/v6-m/nofp\libcr_semihost_nf.a
LOAD c:/nxp/mcuxpressoide_11.5.1_7266/ide/plugins/com.nxp.mcuxpresso.tools.win32_11.5.1.202201181444/tools/bin/../lib/gcc/arm-none-eabi/10.3.1/../../../../arm-none-eabi/lib/thumb/v6-m/nofp\libcr_c.a
LOAD c:/nxp/mcuxpressoide_11.5.1_7266/ide/plugins/com.nxp.mcuxpresso.tools.win32_11.5.1.202201181444/tools/bin/../lib/gcc/arm-none-eabi/10.3.1/thumb/v6-m/nofp\libcr_eabihelpers.a
LOAD c:/nxp/mcuxpressoide_11.5.1_7266/ide/plugins/com.nxp.mcuxpresso.tools.win32_11.5.1.202201181444/tools/bin/../lib/gcc/arm-none-eabi/10.3.1/thumb/v6-m/nofp\libgcc.a
END GROUP
                0x00000000                __base_PROGRAM_FLASH = 0x0
                0x00000000                __base_Flash = 0x0
                0x00040000                __top_PROGRAM_FLASH = 0x40000
                0x00040000                __top_Flash = 0x40000
                0x1fffe000                __base_SRAM = 0x1fffe000
                0x1fffe000                __base_RAM = 0x1fffe000
                0x20006000                __top_SRAM = 0x20006000
                0x20006000                __top_RAM = 0x20006000

.text           0x00000000     0x5eb0
 FILL mask 0xff
                0x00000000                __vectors_start__ = ABSOLUTE (.)
 *(SORT_BY_ALIGNMENT(.isr_vector))
 .isr_vector    0x00000000       0xc0 ./startup/startup_mkl43z4.o
                0x00000000                g_pfnVectors
                0x00000000                __Vectors
                0x000000c0                . = ALIGN (0x4)
                0x000000c0                __section_table_start = .
                0x000000c0                __data_section_table = .
                0x000000c0        0x4 LONG 0x5eb0 LOADADDR (.data)
                0x000000c4        0x4 LONG 0x1fffe080 ADDR (.data)
                0x000000c8        0x4 LONG 0x21c SIZEOF (.data)
                0x000000cc                __data_section_table_end = .
                0x000000cc                __bss_section_table = .
                0x000000cc        0x4 LONG 0x1fffe29c ADDR (.bss)
                0x000000d0        0x4 LONG 0x53c SIZEOF (.bss)
                0x000000d4                __bss_section_table_end = .
                0x000000d4                __section_table_end = .
 *(SORT_BY_ALIGNMENT(.after_vectors*))
 .after_vectors.reset
                0x000000d4       0x4c ./startup/startup_mkl43z4.o
                0x000000d4                ResetISR
 .after_vectors.init_data
                0x00000120       0x12 ./startup/startup_mkl43z4.o
                0x00000120                data_init
 .after_vectors.init_bss
                0x00000132       0x10 ./startup/startup_mkl43z4.o
                0x00000132                bss_init
 .after_vectors
                0x00000142      0x10c ./startup/startup_mkl43z4.o
                0x00000142                NMI_Handler
                0x00000146                SVC_Handler
                0x00000148                PendSV_Handler
                0x0000014c                LPTMR0_DriverIRQHandler
                0x0000014c                PORTC_PORTD_DriverIRQHandler
                0x0000014c                Reserved42_DriverIRQHandler
                0x0000014c                Reserved43_DriverIRQHandler
                0x0000014c                PIT_DriverIRQHandler
                0x0000014c                CMP0_DriverIRQHandler
                0x0000014c                I2S0_DriverIRQHandler
                0x0000014c                ADC0_DriverIRQHandler
                0x0000014c                TPM2_DriverIRQHandler
                0x0000014c                TPM0_DriverIRQHandler
                0x0000014c                PMC_DriverIRQHandler
                0x0000014c                LCD_DriverIRQHandler
                0x0000014c                RTC_Seconds_DriverIRQHandler
                0x0000014c                LLWU_DriverIRQHandler
                0x0000014c                RTC_DriverIRQHandler
                0x0000014c                TPM1_DriverIRQHandler
                0x0000014c                PORTA_DriverIRQHandler
                0x0000014c                FTFA_DriverIRQHandler
                0x0000014c                IntDefaultHandler
                0x0000014c                USB0_DriverIRQHandler
                0x0000014c                DAC0_DriverIRQHandler
                0x0000014c                Reserved20_DriverIRQHandler
                0x0000014e                DMA0_IRQHandler
                0x00000156                DMA1_IRQHandler
                0x0000015e                DMA2_IRQHandler
                0x00000166                DMA3_IRQHandler
                0x0000016e                Reserved20_IRQHandler
                0x00000176                FTFA_IRQHandler
                0x0000017e                PMC_IRQHandler
                0x00000186                LLWU_IRQHandler
                0x0000018e                I2C0_IRQHandler
                0x00000196                I2C1_IRQHandler
                0x0000019e                SPI0_IRQHandler
                0x000001a6                SPI1_IRQHandler
                0x000001ae                LPUART0_IRQHandler
                0x000001b6                LPUART1_IRQHandler
                0x000001be                UART2_FLEXIO_IRQHandler
                0x000001c6                ADC0_IRQHandler
                0x000001ce                CMP0_IRQHandler
                0x000001d6                TPM0_IRQHandler
                0x000001de                TPM1_IRQHandler
                0x000001e6                TPM2_IRQHandler
                0x000001ee                RTC_IRQHandler
                0x000001f6                RTC_Seconds_IRQHandler
                0x000001fe                PIT_IRQHandler
                0x00000206                I2S0_IRQHandler
                0x0000020e                USB0_IRQHandler
                0x00000216                DAC0_IRQHandler
                0x0000021e                Reserved42_IRQHandler
                0x00000226                Reserved43_IRQHandler
                0x0000022e                LPTMR0_IRQHandler
                0x00000236                LCD_IRQHandler
                0x0000023e                PORTA_IRQHandler
                0x00000400                . = 0x400
 *fill*         0x0000024e      0x1b2 ff
                0x00000400                PROVIDE (__FLASH_CONFIG_START__ = .)
 *(SORT_BY_ALIGNMENT(.FlashConfig))
 .FlashConfig   0x00000400       0x10 ./startup/startup_mkl43z4.o
                0x00000400                Flash_Config
                0x00000410                PROVIDE (__FLASH_CONFIG_END__ = .)
                0x00000001                ASSERT (! ((__FLASH_CONFIG_START__ == __FLASH_CONFIG_END__)), Linker Flash Config Support Enabled, but no .FlashConfig section provided within application)
 *(SORT_BY_ALIGNMENT(.text*))
 .text.CLOCK_EnableClock
                0x00000410       0x34 ./source/SD2_I2C.o
 .text.PORT_SetPinConfig
                0x00000444       0x38 ./source/SD2_I2C.o
 .text.I2C_releaseBus
                0x0000047c      0x124 ./source/SD2_I2C.o
 .text.I2C_configPins
                0x000005a0       0x80 ./source/SD2_I2C.o
 .text.SD2_I2C_init
                0x00000620       0x44 ./source/SD2_I2C.o
                0x00000620                SD2_I2C_init
 .text.CLOCK_EnableClock
                0x00000664       0x34 ./source/SD2_board.o
 .text.PORT_SetPinConfig
                0x00000698       0x38 ./source/SD2_board.o
 .text.board_init
                0x000006d0      0x220 ./source/SD2_board.o
                0x000006d0                board_init
 .text.board_setLed
                0x000008f0       0xd8 ./source/SD2_board.o
                0x000008f0                board_setLed
 .text.board_setOledPin
                0x000009c8       0x50 ./source/SD2_board.o
                0x000009c8                board_setOledPin
 .text.board_getSw
                0x00000a18       0x50 ./source/SD2_board.o
                0x00000a18                board_getSw
 .text.board_configSPI0
                0x00000a68       0x90 ./source/SD2_board.o
                0x00000a68                board_configSPI0
 .text.board_SPISend
                0x00000af8       0x38 ./source/SD2_board.o
                0x00000af8                board_SPISend
 .text.print_accel_display_state
                0x00000b30       0xc8 ./source/display_utils.o
                0x00000b30                print_accel_display_state
 .text.__NVIC_SetPriority
                0x00000bf8       0xdc ./source/ejemplo_clock.o
 .text.SysTick_Config
                0x00000cd4       0x48 ./source/ejemplo_clock.o
 .text.main     0x00000d1c      0x1b0 ./source/ejemplo_clock.o
                0x00000d1c                main
 .text.SysTick_Handler
                0x00000ecc       0x24 ./source/ejemplo_clock.o
                0x00000ecc                SysTick_Handler
 .text.key_init
                0x00000ef0       0x40 ./source/key.o
                0x00000ef0                key_init
 .text.key_getPressEv
                0x00000f30       0x44 ./source/key.o
                0x00000f30                key_getPressEv
 .text.key_periodicTask1ms
                0x00000f74       0x98 ./source/key.o
                0x00000f74                key_periodicTask1ms
 .text.mef_init
                0x0000100c       0x14 ./source/mef.o
                0x0000100c                mef_init
 .text.__NVIC_EnableIRQ
                0x00001020       0x34 ./source/mma8451.o
 .text.__NVIC_SetPriority
                0x00001054       0xdc ./source/mma8451.o
 .text.PORT_SetPinConfig
                0x00001130       0x38 ./source/mma8451.o
 .text.PORT_SetPinInterruptConfig
                0x00001168       0x40 ./source/mma8451.o
 .text.mma8451_read_reg
                0x000011a8       0x68 ./source/mma8451.o
 .text.mma8451_read_multi_reg
                0x00001210       0x68 ./source/mma8451.o
 .text.mma8451_write_reg
                0x00001278       0x68 ./source/mma8451.o
 .text.config_port_int1
                0x000012e0       0x74 ./source/mma8451.o
 .text.PORTC_PORTD_IRQHandler
                0x00001354      0x160 ./source/mma8451.o
                0x00001354                PORTC_PORTD_IRQHandler
 .text.oled_init
                0x000014b4       0x50 ./source/oled.o
                0x000014b4                oled_init
 .text.oled_putPixel
                0x00001504      0x1bc ./source/oled.o
                0x00001504                oled_putPixel
 .text.oled_clearScreen
                0x000016c0       0x84 ./source/oled.o
                0x000016c0                oled_clearScreen
 .text.oled_putChar
                0x00001744      0x148 ./source/oled.o
                0x00001744                oled_putChar
 .text.CLOCK_SetSimSafeDivs
                0x0000188c       0x20 ./source/power_mode_switch.o
 .text.APP_SetClockRunFromVlpr
                0x000018ac       0x44 ./source/power_mode_switch.o
                0x000018ac                APP_SetClockRunFromVlpr
 .text.APP_SetClockVlpr
                0x000018f0       0x44 ./source/power_mode_switch.o
                0x000018f0                APP_SetClockVlpr
 .text.APP_ShowPowerMode
                0x00001934       0x4c ./source/power_mode_switch.o
                0x00001934                APP_ShowPowerMode
 .text.APP_PowerModeSwitch
                0x00001980      0x14c ./source/power_mode_switch.o
                0x00001980                APP_PowerModeSwitch
 .text.HardFault_Handler
                0x00001acc       0x30 ./source/semihost_hardfault.o
                0x00001acc                HardFault_Handler
 .text.CLOCK_SetEr32kClock
                0x00001afc       0x34 ./drivers/fsl_clock.o
 .text.CLOCK_GetLircClkFreq
                0x00001b30       0x50 ./drivers/fsl_clock.o
 .text.CLOCK_GetOsc0ErClkFreq
                0x00001b80       0x44 ./drivers/fsl_clock.o
                0x00001b80                CLOCK_GetOsc0ErClkFreq
 .text.CLOCK_GetEr32kClkFreq
                0x00001bc4       0x78 ./drivers/fsl_clock.o
                0x00001bc4                CLOCK_GetEr32kClkFreq
 .text.CLOCK_GetFreq
                0x00001c3c       0xc0 ./drivers/fsl_clock.o
                0x00001c3c                CLOCK_GetFreq
 .text.CLOCK_SetSimConfig
                0x00001cfc       0x2c ./drivers/fsl_clock.o
                0x00001cfc                CLOCK_SetSimConfig
 .text.CLOCK_GetInternalRefClkFreq
                0x00001d28       0x48 ./drivers/fsl_clock.o
                0x00001d28                CLOCK_GetInternalRefClkFreq
 .text.CLOCK_GetPeriphClkFreq
                0x00001d70       0x3c ./drivers/fsl_clock.o
                0x00001d70                CLOCK_GetPeriphClkFreq
 .text.CLOCK_GetOutClkFreq
                0x00001dac       0x7c ./drivers/fsl_clock.o
                0x00001dac                CLOCK_GetOutClkFreq
 .text.CLOCK_SetMcgliteConfig
                0x00001e28      0x110 ./drivers/fsl_clock.o
                0x00001e28                CLOCK_SetMcgliteConfig
 .text.DMA_ClearChannelStatusFlags
                0x00001f38       0x54 ./drivers/fsl_dma.o
 .text.DMA_HandleIRQ
                0x00001f8c       0x4c ./drivers/fsl_dma.o
                0x00001f8c                DMA_HandleIRQ
 .text.DMA0_DriverIRQHandler
                0x00001fd8       0x18 ./drivers/fsl_dma.o
                0x00001fd8                DMA0_DriverIRQHandler
 .text.DMA1_DriverIRQHandler
                0x00001ff0       0x18 ./drivers/fsl_dma.o
                0x00001ff0                DMA1_DriverIRQHandler
 .text.DMA2_DriverIRQHandler
                0x00002008       0x18 ./drivers/fsl_dma.o
                0x00002008                DMA2_DriverIRQHandler
 .text.DMA3_DriverIRQHandler
                0x00002020       0x18 ./drivers/fsl_dma.o
                0x00002020                DMA3_DriverIRQHandler
 .text.FLEXIO_CommonIRQHandler
                0x00002038       0x68 ./drivers/fsl_flexio.o
                0x00002038                FLEXIO_CommonIRQHandler
 .text.GPIO_PinInit
                0x000020a0       0x68 ./drivers/fsl_gpio.o
                0x000020a0                GPIO_PinInit
 .text.CLOCK_EnableClock
                0x00002108       0x34 ./drivers/fsl_i2c.o
 .text.I2C_GetInstance
                0x0000213c       0x4c ./drivers/fsl_i2c.o
                0x0000213c                I2C_GetInstance
 .text.I2C_CheckAndClearError
                0x00002188       0x40 ./drivers/fsl_i2c.o
 .text.I2C_TransferCommonIRQHandler
                0x000021c8       0x64 ./drivers/fsl_i2c.o
 .text.I2C_MasterInit
                0x0000222c      0x108 ./drivers/fsl_i2c.o
                0x0000222c                I2C_MasterInit
 .text.I2C_MasterGetDefaultConfig
                0x00002334       0x4c ./drivers/fsl_i2c.o
                0x00002334                I2C_MasterGetDefaultConfig
 .text.I2C_MasterSetBaudRate
                0x00002380       0xf8 ./drivers/fsl_i2c.o
                0x00002380                I2C_MasterSetBaudRate
 .text.I2C_MasterStart
                0x00002478       0x84 ./drivers/fsl_i2c.o
                0x00002478                I2C_MasterStart
 .text.I2C_MasterRepeatedStart
                0x000024fc       0xcc ./drivers/fsl_i2c.o
                0x000024fc                I2C_MasterRepeatedStart
 .text.I2C_MasterWriteBlocking
                0x000025c8       0xec ./drivers/fsl_i2c.o
                0x000025c8                I2C_MasterWriteBlocking
 .text.I2C_MasterTransferBlocking
                0x000026b4      0x27c ./drivers/fsl_i2c.o
                0x000026b4                I2C_MasterTransferBlocking
 .text.I2C0_DriverIRQHandler
                0x00002930       0x20 ./drivers/fsl_i2c.o
                0x00002930                I2C0_DriverIRQHandler
 .text.I2C1_DriverIRQHandler
                0x00002950       0x20 ./drivers/fsl_i2c.o
                0x00002950                I2C1_DriverIRQHandler
 .text.LPUART0_DriverIRQHandler
                0x00002970       0x24 ./drivers/fsl_lpuart.o
                0x00002970                LPUART0_DriverIRQHandler
 .text.LPUART1_DriverIRQHandler
                0x00002994       0x24 ./drivers/fsl_lpuart.o
                0x00002994                LPUART1_DriverIRQHandler
 .text.SMC_EnterStopRamFunc
                0x000029b8       0x20 ./drivers/fsl_smc.o
 .text.SMC_PreEnterStopModes
                0x000029d8       0x20 ./drivers/fsl_smc.o
                0x000029d8                SMC_PreEnterStopModes
 .text.SMC_PostExitStopModes
                0x000029f8       0x20 ./drivers/fsl_smc.o
                0x000029f8                SMC_PostExitStopModes
 .text.SMC_PreEnterWaitModes
                0x00002a18       0x20 ./drivers/fsl_smc.o
                0x00002a18                SMC_PreEnterWaitModes
 .text.SMC_PostExitWaitModes
                0x00002a38       0x20 ./drivers/fsl_smc.o
                0x00002a38                SMC_PostExitWaitModes
 .text.SMC_SetPowerModeWait
                0x00002a58       0x30 ./drivers/fsl_smc.o
                0x00002a58                SMC_SetPowerModeWait
 .text.SMC_SetPowerModeStop
                0x00002a88       0xa0 ./drivers/fsl_smc.o
                0x00002a88                SMC_SetPowerModeStop
 .text.SMC_SetPowerModeVlpw
                0x00002b28       0x30 ./drivers/fsl_smc.o
                0x00002b28                SMC_SetPowerModeVlpw
 .text.SMC_SetPowerModeVlps
                0x00002b58       0x6c ./drivers/fsl_smc.o
                0x00002b58                SMC_SetPowerModeVlps
 .text.SMC_SetPowerModeLls
                0x00002bc4       0x6c ./drivers/fsl_smc.o
                0x00002bc4                SMC_SetPowerModeLls
 .text.SMC_SetPowerModeVlls
                0x00002c30       0xc8 ./drivers/fsl_smc.o
                0x00002c30                SMC_SetPowerModeVlls
 .text.CLOCK_EnableClock
                0x00002cf8       0x34 ./drivers/fsl_spi.o
 .text.SPI_GetInstance
                0x00002d2c       0x4c ./drivers/fsl_spi.o
                0x00002d2c                SPI_GetInstance
 .text.SPI_SetDummyData
                0x00002d78       0x34 ./drivers/fsl_spi.o
                0x00002d78                SPI_SetDummyData
 .text.SPI_WriteNonBlocking
                0x00002dac       0xa8 ./drivers/fsl_spi.o
 .text.SPI_MasterGetDefaultConfig
                0x00002e54       0x64 ./drivers/fsl_spi.o
                0x00002e54                SPI_MasterGetDefaultConfig
 .text.SPI_MasterInit
                0x00002eb8      0x164 ./drivers/fsl_spi.o
                0x00002eb8                SPI_MasterInit
 .text.SPI_MasterTransferBlocking
                0x0000301c      0x100 ./drivers/fsl_spi.o
                0x0000301c                SPI_MasterTransferBlocking
 .text.SPI_CommonIRQHandler
                0x0000311c       0x54 ./drivers/fsl_spi.o
 .text.SPI0_DriverIRQHandler
                0x00003170       0x30 ./drivers/fsl_spi.o
                0x00003170                SPI0_DriverIRQHandler
 .text.SPI1_DriverIRQHandler
                0x000031a0       0x30 ./drivers/fsl_spi.o
                0x000031a0                SPI1_DriverIRQHandler
 .text.SystemInit
                0x000031d0       0x40 ./device/system_MKL43Z4.o
                0x000031d0                SystemInit
 .text.CLOCK_SetLpuart0Clock
                0x00003210       0x38 ./board/board.o
 .text.CLOCK_SetSimSafeDivs
                0x00003248       0x20 ./board/clock_config.o
 .text.BOARD_BootClockRUN
                0x00003268       0x34 ./board/clock_config.o
                0x00003268                BOARD_BootClockRUN
 .text.__assertion_failed
                0x0000329c       0x4c c:/nxp/mcuxpressoide_11.5.1_7266/ide/plugins/com.nxp.mcuxpresso.tools.win32_11.5.1.202201181444/tools/bin/../lib/gcc/arm-none-eabi/10.3.1/../../../../arm-none-eabi/lib/thumb/v6-m/nofp\libcr_semihost_nf.a(_cr_assert.o)
                0x0000329c                __assertion_failed
 .text.__sys_appexit
                0x000032e8        0xc c:/nxp/mcuxpressoide_11.5.1_7266/ide/plugins/com.nxp.mcuxpresso.tools.win32_11.5.1.202201181444/tools/bin/../lib/gcc/arm-none-eabi/10.3.1/../../../../arm-none-eabi/lib/thumb/v6-m/nofp\libcr_semihost_nf.a(__sys_appexit.o)
                0x000032e8                __sys_appexit
                0x000032e8                __exit
 .text._deferredlazyseek
                0x000032f4       0x40 c:/nxp/mcuxpressoide_11.5.1_7266/ide/plugins/com.nxp.mcuxpresso.tools.win32_11.5.1.202201181444/tools/bin/../lib/gcc/arm-none-eabi/10.3.1/../../../../arm-none-eabi/lib/thumb/v6-m/nofp\libcr_c.a(_deferredlazyseek.o)
                0x000032f4                _deferredlazyseek
 .text.__flsbuf
                0x00003334      0x150 c:/nxp/mcuxpressoide_11.5.1_7266/ide/plugins/com.nxp.mcuxpresso.tools.win32_11.5.1.202201181444/tools/bin/../lib/gcc/arm-none-eabi/10.3.1/../../../../arm-none-eabi/lib/thumb/v6-m/nofp\libcr_c.a(_deferredlazyseek.o)
                0x00003334                __flsbuf
 .text._fflush  0x00003484       0x60 c:/nxp/mcuxpressoide_11.5.1_7266/ide/plugins/com.nxp.mcuxpresso.tools.win32_11.5.1.202201181444/tools/bin/../lib/gcc/arm-none-eabi/10.3.1/../../../../arm-none-eabi/lib/thumb/v6-m/nofp\libcr_c.a(_fflush.o)
                0x00003484                _fflush
 .text._Cwritebuf
                0x000034e4       0x68 c:/nxp/mcuxpressoide_11.5.1_7266/ide/plugins/com.nxp.mcuxpresso.tools.win32_11.5.1.202201181444/tools/bin/../lib/gcc/arm-none-eabi/10.3.1/../../../../arm-none-eabi/lib/thumb/v6-m/nofp\libcr_c.a(_writebuf.o)
                0x000034e4                _Cwritebuf
 .text.malloc   0x0000354c       0xcc c:/nxp/mcuxpressoide_11.5.1_7266/ide/plugins/com.nxp.mcuxpresso.tools.win32_11.5.1.202201181444/tools/bin/../lib/gcc/arm-none-eabi/10.3.1/../../../../arm-none-eabi/lib/thumb/v6-m/nofp\libcr_c.a(alloc.o)
                0x0000354c                malloc
 .text._Csys_alloc
                0x00003618       0x20 c:/nxp/mcuxpressoide_11.5.1_7266/ide/plugins/com.nxp.mcuxpresso.tools.win32_11.5.1.202201181444/tools/bin/../lib/gcc/arm-none-eabi/10.3.1/../../../../arm-none-eabi/lib/thumb/v6-m/nofp\libcr_c.a(alloc.o)
                0x00003618                _Csys_alloc
 .text.fseek    0x00003638       0xf0 c:/nxp/mcuxpressoide_11.5.1_7266/ide/plugins/com.nxp.mcuxpresso.tools.win32_11.5.1.202201181444/tools/bin/../lib/gcc/arm-none-eabi/10.3.1/../../../../arm-none-eabi/lib/thumb/v6-m/nofp\libcr_c.a(fseek.o)
                0x00003638                fseek
 .text.ftell    0x00003728       0x48 c:/nxp/mcuxpressoide_11.5.1_7266/ide/plugins/com.nxp.mcuxpresso.tools.win32_11.5.1.202201181444/tools/bin/../lib/gcc/arm-none-eabi/10.3.1/../../../../arm-none-eabi/lib/thumb/v6-m/nofp\libcr_c.a(ftell.o)
                0x00003728                ftell
 .text._initio  0x00003770       0x7c c:/nxp/mcuxpressoide_11.5.1_7266/ide/plugins/com.nxp.mcuxpresso.tools.win32_11.5.1.202201181444/tools/bin/../lib/gcc/arm-none-eabi/10.3.1/../../../../arm-none-eabi/lib/thumb/v6-m/nofp\libcr_c.a(initio.o)
                0x00003770                _initio
 .text.__vfprintf
                0x000037ec      0xd40 c:/nxp/mcuxpressoide_11.5.1_7266/ide/plugins/com.nxp.mcuxpresso.tools.win32_11.5.1.202201181444/tools/bin/../lib/gcc/arm-none-eabi/10.3.1/../../../../arm-none-eabi/lib/thumb/v6-m/nofp\libcr_c.a(printf.o)
                0x000037ec                __vfprintf
 .text._sprintf
                0x0000452c       0x6c c:/nxp/mcuxpressoide_11.5.1_7266/ide/plugins/com.nxp.mcuxpresso.tools.win32_11.5.1.202201181444/tools/bin/../lib/gcc/arm-none-eabi/10.3.1/../../../../arm-none-eabi/lib/thumb/v6-m/nofp\libcr_c.a(printf.o)
                0x0000452c                _sprintf
 .text._vsnprintf
                0x00004598       0x70 c:/nxp/mcuxpressoide_11.5.1_7266/ide/plugins/com.nxp.mcuxpresso.tools.win32_11.5.1.202201181444/tools/bin/../lib/gcc/arm-none-eabi/10.3.1/../../../../arm-none-eabi/lib/thumb/v6-m/nofp\libcr_c.a(printf.o)
                0x00004598                _vsnprintf
 .text._printf  0x00004608       0x50 c:/nxp/mcuxpressoide_11.5.1_7266/ide/plugins/com.nxp.mcuxpresso.tools.win32_11.5.1.202201181444/tools/bin/../lib/gcc/arm-none-eabi/10.3.1/../../../../arm-none-eabi/lib/thumb/v6-m/nofp\libcr_c.a(printf.o)
                0x00004608                _printf
 .text.setvbuf  0x00004658       0x4c c:/nxp/mcuxpressoide_11.5.1_7266/ide/plugins/com.nxp.mcuxpresso.tools.win32_11.5.1.202201181444/tools/bin/../lib/gcc/arm-none-eabi/10.3.1/../../../../arm-none-eabi/lib/thumb/v6-m/nofp\libcr_c.a(setvbuf.o)
                0x00004658                setvbuf
 .text.strlen   0x000046a4       0x58 c:/nxp/mcuxpressoide_11.5.1_7266/ide/plugins/com.nxp.mcuxpresso.tools.win32_11.5.1.202201181444/tools/bin/../lib/gcc/arm-none-eabi/10.3.1/../../../../arm-none-eabi/lib/thumb/v6-m/nofp\libcr_c.a(strlen.o)
                0x000046a4                strlen
 .text._sbrk    0x000046fc       0x44 c:/nxp/mcuxpressoide_11.5.1_7266/ide/plugins/com.nxp.mcuxpresso.tools.win32_11.5.1.202201181444/tools/bin/../lib/gcc/arm-none-eabi/10.3.1/../../../../arm-none-eabi/lib/thumb/v6-m/nofp\libcr_c.a(_cr_sbrk.o)
                0x000046fc                _sbrk
 .text._fdopen  0x00004740       0x74 c:/nxp/mcuxpressoide_11.5.1_7266/ide/plugins/com.nxp.mcuxpresso.tools.win32_11.5.1.202201181444/tools/bin/../lib/gcc/arm-none-eabi/10.3.1/../../../../arm-none-eabi/lib/thumb/v6-m/nofp\libcr_c.a(_fdopen.o)
                0x00004740                _fdopen
 .text.fclose   0x000047b4       0x5c c:/nxp/mcuxpressoide_11.5.1_7266/ide/plugins/com.nxp.mcuxpresso.tools.win32_11.5.1.202201181444/tools/bin/../lib/gcc/arm-none-eabi/10.3.1/../../../../arm-none-eabi/lib/thumb/v6-m/nofp\libcr_c.a(fclose.o)
                0x000047b4                fclose
 .text.fflush   0x00004810       0x44 c:/nxp/mcuxpressoide_11.5.1_7266/ide/plugins/com.nxp.mcuxpresso.tools.win32_11.5.1.202201181444/tools/bin/../lib/gcc/arm-none-eabi/10.3.1/../../../../arm-none-eabi/lib/thumb/v6-m/nofp\libcr_c.a(fflush.o)
                0x00004810                fflush
 .text.__check_heap_overflow
                0x00004854       0x18 c:/nxp/mcuxpressoide_11.5.1_7266/ide/plugins/com.nxp.mcuxpresso.tools.win32_11.5.1.202201181444/tools/bin/../lib/gcc/arm-none-eabi/10.3.1/../../../../arm-none-eabi/lib/thumb/v6-m/nofp\libcr_c.a(_cr_check_heap.o)
                0x00004854                __check_heap_overflow
 .text._do_fflush
                0x0000486c       0x48 c:/nxp/mcuxpressoide_11.5.1_7266/ide/plugins/com.nxp.mcuxpresso.tools.win32_11.5.1.202201181444/tools/bin/../lib/gcc/arm-none-eabi/10.3.1/../../../../arm-none-eabi/lib/thumb/v6-m/nofp\libcr_c.a(_do_fflush.o)
                0x0000486c                _do_fflush
 .text.GPIO_PinWrite
                0x000048b4       0x38 ./source/SD2_I2C.o
 .text.i2c_release_bus_delay
                0x000048ec       0x28 ./source/SD2_I2C.o
 .text.GPIO_PinWrite
                0x00004914       0x38 ./source/SD2_board.o
 .text.GPIO_PortSet
                0x0000494c       0x18 ./source/SD2_board.o
 .text.GPIO_PortClear
                0x00004964       0x18 ./source/SD2_board.o
 .text.GPIO_PortToggle
                0x0000497c       0x18 ./source/SD2_board.o
 .text.GPIO_PinRead
                0x00004994       0x20 ./source/SD2_board.o
 .text.print_image
                0x000049b4      0x118 ./source/display_utils.o
                0x000049b4                print_image
 .text.SMC_SetPowerModeProtection
                0x00004acc       0x1e ./source/ejemplo_clock.o
 .text.SMC_GetPowerModeState
                0x00004aea       0x16 ./source/ejemplo_clock.o
 .text.PORT_ClearPinsInterruptFlags
                0x00004b00       0x1a ./source/mma8451.o
 .text.mma8451_init
                0x00004b1a      0x170 ./source/mma8451.o
                0x00004b1a                mma8451_init
 .text.mma8451_setDataRate
                0x00004c8a       0x96 ./source/mma8451.o
                0x00004c8a                mma8451_setDataRate
 .text.writeCommand
                0x00004d20       0x26 ./source/oled.o
 .text.writeData
                0x00004d46       0x26 ./source/oled.o
 .text.writeDataLen
                0x00004d6c       0x5e ./source/oled.o
 .text.runInitSequence
                0x00004dca       0xa6 ./source/oled.o
 .text.oled_setContrast
                0x00004e70       0x24 ./source/oled.o
                0x00004e70                oled_setContrast
 .text.oled_putString
                0x00004e94       0x68 ./source/oled.o
                0x00004e94                oled_putString
 .text.SMC_GetPowerModeState
                0x00004efc       0x16 ./source/power_mode_switch.o
 .text.UART2_FLEXIO_DriverIRQHandler
                0x00004f12        0xe ./drivers/fsl_flexio.o
                0x00004f12                UART2_FLEXIO_DriverIRQHandler
 .text.GPIO_PinWrite
                0x00004f20       0x38 ./drivers/fsl_gpio.o
 .text.I2C_MasterClearStatusFlags
                0x00004f58       0x56 ./drivers/fsl_i2c.o
 .text.I2C_MasterStop
                0x00004fae       0x36 ./drivers/fsl_i2c.o
                0x00004fae                I2C_MasterStop
 .text.I2C_MasterGetStatusFlags
                0x00004fe4       0x4a ./drivers/fsl_i2c.o
                0x00004fe4                I2C_MasterGetStatusFlags
 .text.I2C_MasterReadBlocking
                0x0000502e       0xea ./drivers/fsl_i2c.o
                0x0000502e                I2C_MasterReadBlocking
 .text.DisableGlobalIRQ
                0x00005118       0x1e ./drivers/fsl_smc.o
 .text.EnableGlobalIRQ
                0x00005136       0x1c ./drivers/fsl_smc.o
 .text.SMC_SetPowerModeRun
                0x00005152       0x38 ./drivers/fsl_smc.o
                0x00005152                SMC_SetPowerModeRun
 .text.SMC_SetPowerModeVlpr
                0x0000518a       0x3c ./drivers/fsl_smc.o
                0x0000518a                SMC_SetPowerModeVlpr
 .text.SPI_ReadNonBlocking
                0x000051c6       0x88 ./drivers/fsl_spi.o
 .text.SPI_MasterSetBaudRate
                0x0000524e       0xc0 ./drivers/fsl_spi.o
                0x0000524e                SPI_MasterSetBaudRate
 .text.SPI_ReadData
                0x0000530e       0x3c ./drivers/fsl_spi.o
                0x0000530e                SPI_ReadData
 .text.SystemInitHook
                0x0000534a        0xa ./device/system_MKL43Z4.o
                0x0000534a                SystemInitHook
 .text.DbgConsole_Init
                0x00005354       0x26 ./board/board.o
 .text.BOARD_InitDebugConsole
                0x0000537a       0x2c ./board/board.o
                0x0000537a                BOARD_InitDebugConsole
 .text.BOARD_InitBootClocks
                0x000053a6        0xe ./board/clock_config.o
                0x000053a6                BOARD_InitBootClocks
 .text.__main   0x000053b4        0xc c:/nxp/mcuxpressoide_11.5.1_7266/ide/plugins/com.nxp.mcuxpresso.tools.win32_11.5.1.202201181444/tools/bin/../lib/gcc/arm-none-eabi/10.3.1/../../../../arm-none-eabi/lib/thumb/v6-m/nofp\libcr_semihost_nf.a(_cr__main.o)
                0x000053b4                __CR_SEMIHOST
                0x000053b4                __main
 .text.memset   0x000053c0        0x8 c:/nxp/mcuxpressoide_11.5.1_7266/ide/plugins/com.nxp.mcuxpresso.tools.win32_11.5.1.202201181444/tools/bin/../lib/gcc/arm-none-eabi/10.3.1/../../../../arm-none-eabi/lib/thumb/v6-m/nofp\libcr_c.a(memset.o)
                0x000053c0                memset
 .text.free     0x000053c8       0x2c c:/nxp/mcuxpressoide_11.5.1_7266/ide/plugins/com.nxp.mcuxpresso.tools.win32_11.5.1.202201181444/tools/bin/../lib/gcc/arm-none-eabi/10.3.1/../../../../arm-none-eabi/lib/thumb/v6-m/nofp\libcr_c.a(alloc.o)
                0x000053c8                free
 .text.fputs    0x000053f4       0x2e c:/nxp/mcuxpressoide_11.5.1_7266/ide/plugins/com.nxp.mcuxpresso.tools.win32_11.5.1.202201181444/tools/bin/../lib/gcc/arm-none-eabi/10.3.1/../../../../arm-none-eabi/lib/thumb/v6-m/nofp\libcr_c.a(fputs.o)
                0x000053f4                fputs
 .text.no_fp_display
                0x00005422        0x4 c:/nxp/mcuxpressoide_11.5.1_7266/ide/plugins/com.nxp.mcuxpresso.tools.win32_11.5.1.202201181444/tools/bin/../lib/gcc/arm-none-eabi/10.3.1/../../../../arm-none-eabi/lib/thumb/v6-m/nofp\libcr_c.a(printf.o)
 .text.remove   0x00005426       0x12 c:/nxp/mcuxpressoide_11.5.1_7266/ide/plugins/com.nxp.mcuxpresso.tools.win32_11.5.1.202201181444/tools/bin/../lib/gcc/arm-none-eabi/10.3.1/../../../../arm-none-eabi/lib/thumb/v6-m/nofp\libcr_c.a(remove.o)
                0x00005426                remove
 .text.__aeabi_division_idivmod
                0x00005438       0x78 c:/nxp/mcuxpressoide_11.5.1_7266/ide/plugins/com.nxp.mcuxpresso.tools.win32_11.5.1.202201181444/tools/bin/../lib/gcc/arm-none-eabi/10.3.1/thumb/v6-m/nofp\libcr_eabihelpers.a(division_32.o)
                0x00005438                __aeabi_idivmod
                0x00005438                __aeabi_idiv
                0x0000543e                __aeabi_uidivmod
                0x0000543e                __aeabi_uidiv
 .text.__aeabi_division_idiv0
                0x000054b0        0x2 c:/nxp/mcuxpressoide_11.5.1_7266/ide/plugins/com.nxp.mcuxpresso.tools.win32_11.5.1.202201181444/tools/bin/../lib/gcc/arm-none-eabi/10.3.1/thumb/v6-m/nofp\libcr_eabihelpers.a(division_idiv0.o)
                0x000054b0                __aeabi_idiv0
 .text.__aeabi_llong_lmul
                0x000054b2       0x2e c:/nxp/mcuxpressoide_11.5.1_7266/ide/plugins/com.nxp.mcuxpresso.tools.win32_11.5.1.202201181444/tools/bin/../lib/gcc/arm-none-eabi/10.3.1/thumb/v6-m/nofp\libcr_eabihelpers.a(llong.o)
                0x000054b2                __aeabi_lmul
 .text.__aeabi_memset_lowlevel
                0x000054e0       0x2a c:/nxp/mcuxpressoide_11.5.1_7266/ide/plugins/com.nxp.mcuxpresso.tools.win32_11.5.1.202201181444/tools/bin/../lib/gcc/arm-none-eabi/10.3.1/thumb/v6-m/nofp\libcr_eabihelpers.a(memcpy.o)
                0x000054e0                __aeabi_lowlevel_memset
 .text.__gnu_thumb1_case_shi
                0x0000550a       0x10 c:/nxp/mcuxpressoide_11.5.1_7266/ide/plugins/com.nxp.mcuxpresso.tools.win32_11.5.1.202201181444/tools/bin/../lib/gcc/arm-none-eabi/10.3.1/thumb/v6-m/nofp\libcr_eabihelpers.a(thumb1_switch_helpers.o)
                0x0000550a                __gnu_thumb1_case_shi
 .text.__sys_close
                0x0000551a        0xc c:/nxp/mcuxpressoide_11.5.1_7266/ide/plugins/com.nxp.mcuxpresso.tools.win32_11.5.1.202201181444/tools/bin/../lib/gcc/arm-none-eabi/10.3.1/../../../../arm-none-eabi/lib/thumb/v6-m/nofp\libcr_semihost_nf.a(__sys_close.o)
                0x0000551a                __sys_close
 .text.__sys_flen
                0x00005526        0xc c:/nxp/mcuxpressoide_11.5.1_7266/ide/plugins/com.nxp.mcuxpresso.tools.win32_11.5.1.202201181444/tools/bin/../lib/gcc/arm-none-eabi/10.3.1/../../../../arm-none-eabi/lib/thumb/v6-m/nofp\libcr_semihost_nf.a(__sys_flen.o)
                0x00005526                __sys_flen
 .text.__sys_istty
                0x00005532        0xc c:/nxp/mcuxpressoide_11.5.1_7266/ide/plugins/com.nxp.mcuxpresso.tools.win32_11.5.1.202201181444/tools/bin/../lib/gcc/arm-none-eabi/10.3.1/../../../../arm-none-eabi/lib/thumb/v6-m/nofp\libcr_semihost_nf.a(__sys_istty.o)
                0x00005532                __sys_istty
 .text.__sys_remove
                0x0000553e        0xc c:/nxp/mcuxpressoide_11.5.1_7266/ide/plugins/com.nxp.mcuxpresso.tools.win32_11.5.1.202201181444/tools/bin/../lib/gcc/arm-none-eabi/10.3.1/../../../../arm-none-eabi/lib/thumb/v6-m/nofp\libcr_semihost_nf.a(__sys_remove.o)
                0x0000553e                __sys_remove
 .text.__sys_seek
                0x0000554a        0xc c:/nxp/mcuxpressoide_11.5.1_7266/ide/plugins/com.nxp.mcuxpresso.tools.win32_11.5.1.202201181444/tools/bin/../lib/gcc/arm-none-eabi/10.3.1/../../../../arm-none-eabi/lib/thumb/v6-m/nofp\libcr_semihost_nf.a(__sys_seek.o)
                0x0000554a                __sys_seek
 .text.__sys_tmpnam
                0x00005556        0xc c:/nxp/mcuxpressoide_11.5.1_7266/ide/plugins/com.nxp.mcuxpresso.tools.win32_11.5.1.202201181444/tools/bin/../lib/gcc/arm-none-eabi/10.3.1/../../../../arm-none-eabi/lib/thumb/v6-m/nofp\libcr_semihost_nf.a(__sys_tmpnam.o)
                0x00005556                __sys_tmpnam
 .text.__sys_write
                0x00005562        0xc c:/nxp/mcuxpressoide_11.5.1_7266/ide/plugins/com.nxp.mcuxpresso.tools.win32_11.5.1.202201181444/tools/bin/../lib/gcc/arm-none-eabi/10.3.1/../../../../arm-none-eabi/lib/thumb/v6-m/nofp\libcr_semihost_nf.a(__sys_write.o)
                0x00005562                __sys_write
 *(SORT_BY_ALIGNMENT(.rodata) SORT_BY_ALIGNMENT(.rodata.*) SORT_BY_ALIGNMENT(.constdata) SORT_BY_ALIGNMENT(.constdata.*))
 *fill*         0x0000556e        0x2 ff
 .rodata.PORT_SetPinConfig.str1.4
                0x00005570       0x6e ./source/SD2_I2C.o
 .rodata.PORT_SetPinConfig.str1.4
                0x000055de       0x6e ./source/SD2_board.o
 *fill*         0x000055de        0x2 ff
 .rodata.board_gpioLeds
                0x000055e0       0x18 ./source/SD2_board.o
 .rodata.board_gpioSw
                0x000055f8       0x18 ./source/SD2_board.o
 .rodata.board_gpioOled
                0x00005610       0x18 ./source/SD2_board.o
 .rodata        0x00005628        0x2 ./source/SD2_board.o
 *fill*         0x0000562a        0x2 ff
 .rodata.print_accel_display_state.str1.4
                0x0000562c        0xa ./source/display_utils.o
 *fill*         0x00005636        0x2 ff
 .rodata.main.str1.4
                0x00005638       0xa0 ./source/ejemplo_clock.o
 .rodata.font5x7
                0x000056d8      0x300 ./source/font5x7.o
                0x000056d8                font5x7
 .rodata.PORT_SetPinConfig.str1.4
                0x000059d8       0x6e ./source/mma8451.o
 .rodata.PORTC_PORTD_IRQHandler.str1.4
                0x000059d8       0x34 ./source/mma8451.o
 .rodata.font_mask
                0x00005a0c        0x8 ./source/oled.o
 .rodata        0x00005a14        0xe ./source/power_mode_switch.o
 *fill*         0x00005a22        0x2 ff
 .rodata.APP_ShowPowerMode.str1.4
                0x00005a24       0x47 ./source/power_mode_switch.o
 *fill*         0x00005a6b        0x1 ff
 .rodata.APP_PowerModeSwitch.str1.4
                0x00005a6c        0xc ./source/power_mode_switch.o
 .rodata.APP_PowerModeSwitch
                0x00005a78       0x28 ./source/power_mode_switch.o
 .rodata.CLOCK_GetOsc0ErClkFreq.str1.4
                0x00005aa0       0x1e ./drivers/fsl_clock.o
 *fill*         0x00005abe        0x2 ff
 .rodata.CLOCK_GetEr32kClkFreq.str1.4
                0x00005ac0       0x1f ./drivers/fsl_clock.o
 *fill*         0x00005adf        0x1 ff
 .rodata.CLOCK_GetFreq
                0x00005ae0       0x50 ./drivers/fsl_clock.o
 .rodata.CLOCK_GetOutClkFreq.str1.4
                0x00005b30       0x1e ./drivers/fsl_clock.o
 *fill*         0x00005b4e        0x2 ff
 .rodata.CLOCK_SetMcgliteConfig.str1.4
                0x00005b50       0x1f ./drivers/fsl_clock.o
 *fill*         0x00005b6f        0x1 ff
 .rodata.lircFreqs.0
                0x00005b70        0x8 ./drivers/fsl_clock.o
 .rodata.DMA_ClearChannelStatusFlags.str1.4
                0x00005b78       0x46 ./drivers/fsl_dma.o
 *fill*         0x00005bbe        0x2 ff
 .rodata.DMA_HandleIRQ.str1.4
                0x00005bc0       0x1f ./drivers/fsl_dma.o
 *fill*         0x00005bdf        0x1 ff
 .rodata.GPIO_PinInit.str1.4
                0x00005be0       0x20 ./drivers/fsl_gpio.o
 .rodata.s_i2cDividerTable
                0x00005c00       0x80 ./drivers/fsl_i2c.o
 .rodata.s_i2cClocks
                0x00005c80        0x8 ./drivers/fsl_i2c.o
 .rodata.s_i2cBases
                0x00005c88        0x8 ./drivers/fsl_i2c.o
 .rodata.I2C_GetInstance.str1.4
                0x00005c90       0x32 ./drivers/fsl_i2c.o
 *fill*         0x00005cc2        0x2 ff
 .rodata.I2C_MasterInit.str1.4
                0x00005cc4       0x4a ./drivers/fsl_i2c.o
 *fill*         0x00005d0e        0x2 ff
 .rodata.I2C_MasterGetDefaultConfig.str1.4
                0x00005d10       0x25 ./drivers/fsl_i2c.o
 *fill*         0x00005d35        0x3 ff
 .rodata.I2C_MasterTransferBlocking.str1.4
                0x00005d38       0x1e ./drivers/fsl_i2c.o
 *fill*         0x00005d56        0x2 ff
 .rodata.s_spiBases
                0x00005d58        0x8 ./drivers/fsl_spi.o
 .rodata.s_spiClock
                0x00005d60        0x8 ./drivers/fsl_spi.o
 .rodata.SPI_GetInstance.str1.4
                0x00005d68       0x32 ./drivers/fsl_spi.o
 *fill*         0x00005d9a        0x2 ff
 .rodata.SPI_MasterInit.str1.4
                0x00005d9c       0x38 ./drivers/fsl_spi.o
 .rodata.SPI_MasterTransferBlocking.str1.4
                0x00005dd4       0x1d ./drivers/fsl_spi.o
 *fill*         0x00005df1        0x3 ff
 .rodata.SPI0_DriverIRQHandler.str1.4
                0x00005df4       0x20 ./drivers/fsl_spi.o
 .rodata.SPI1_DriverIRQHandler.str1.4
                0x00005e14       0x20 ./drivers/fsl_spi.o
 .rodata.mcgliteConfig_BOARD_BootClockRUN
                0x00005e34        0x6 ./board/clock_config.o
                0x00005e34                mcgliteConfig_BOARD_BootClockRUN
 *fill*         0x00005e3a        0x2 ff
 .rodata.simConfig_BOARD_BootClockRUN
                0x00005e3c        0x8 ./board/clock_config.o
                0x00005e3c                simConfig_BOARD_BootClockRUN
 .rodata.__num_Ciob_streams
                0x00005e44        0x4 c:/nxp/mcuxpressoide_11.5.1_7266/ide/plugins/com.nxp.mcuxpresso.tools.win32_11.5.1.202201181444/tools/bin/../lib/gcc/arm-none-eabi/10.3.1/../../../../arm-none-eabi/lib/thumb/v6-m/nofp\libcr_semihost_nf.a(__ciob.o)
                0x00005e44                __num_Ciob_streams
 .rodata.__assertion_failed.str1.1
                0x00005e48       0x15 c:/nxp/mcuxpressoide_11.5.1_7266/ide/plugins/com.nxp.mcuxpresso.tools.win32_11.5.1.202201181444/tools/bin/../lib/gcc/arm-none-eabi/10.3.1/../../../../arm-none-eabi/lib/thumb/v6-m/nofp\libcr_semihost_nf.a(_cr_assert.o)
 .rodata._Csys_alloc.str1.1
                0x00005e5d       0x18 c:/nxp/mcuxpressoide_11.5.1_7266/ide/plugins/com.nxp.mcuxpresso.tools.win32_11.5.1.202201181444/tools/bin/../lib/gcc/arm-none-eabi/10.3.1/../../../../arm-none-eabi/lib/thumb/v6-m/nofp\libcr_c.a(alloc.o)
 .rodata._initio.str1.1
                0x00005e75        0x4 c:/nxp/mcuxpressoide_11.5.1_7266/ide/plugins/com.nxp.mcuxpresso.tools.win32_11.5.1.202201181444/tools/bin/../lib/gcc/arm-none-eabi/10.3.1/../../../../arm-none-eabi/lib/thumb/v6-m/nofp\libcr_c.a(initio.o)
 .rodata.__vfprintf.str1.1
                0x00005e79       0x35 c:/nxp/mcuxpressoide_11.5.1_7266/ide/plugins/com.nxp.mcuxpresso.tools.win32_11.5.1.202201181444/tools/bin/../lib/gcc/arm-none-eabi/10.3.1/../../../../arm-none-eabi/lib/thumb/v6-m/nofp\libcr_c.a(printf.o)
                                 0x38 (size before relaxing)
                0x00005eb0                . = ALIGN (0x4)
 *fill*         0x00005eae        0x2 ff
                0x00005eb0                _etext = .

.glue_7         0x00005eb0        0x0
 .glue_7        0x00005eb0        0x0 linker stubs

.glue_7t        0x00005eb0        0x0
 .glue_7t       0x00005eb0        0x0 linker stubs

.vfp11_veneer   0x00005eb0        0x0
 .vfp11_veneer  0x00005eb0        0x0 linker stubs

.v4_bx          0x00005eb0        0x0
 .v4_bx         0x00005eb0        0x0 linker stubs

.iplt           0x00005eb0        0x0
 .iplt          0x00005eb0        0x0 ./startup/startup_mkl43z4.o

.rel.dyn        0x00005eb0        0x0
 .rel.iplt      0x00005eb0        0x0 ./startup/startup_mkl43z4.o

.m_usb_data
 *(SORT_BY_ALIGNMENT(m_usb_bdt))

.mtb_buffer_default
                0x1fffe000       0x80
 *(SORT_BY_ALIGNMENT(.mtb*))
 .mtb.$RAM1     0x1fffe000       0x80 ./source/mtb.o
                0x1fffe000                __mtb_buffer__

.uninit_RESERVED
                0x1fffe080        0x0
                0x1fffe080                _start_uninit_RESERVED = .
 *(SORT_BY_ALIGNMENT(.bss.$RESERVED*))
                0x1fffe080                . = ALIGN (0x4)
                0x1fffe080                _end_uninit_RESERVED = .

.data           0x1fffe080      0x21c load address 0x00005eb0
 FILL mask 0xff
                0x1fffe080                _data = .
                [!provide]                PROVIDE (__start_data_RAM = .)
                [!provide]                PROVIDE (__start_data_SRAM = .)
 *(SORT_BY_ALIGNMENT(vtable))
 *(SORT_BY_ALIGNMENT(.ramfunc*))
 *(SORT_BY_ALIGNMENT(CodeQuickAccess))
 *(SORT_BY_ALIGNMENT(DataQuickAccess))
 *(SORT_BY_ALIGNMENT(RamFunction))
 *(SORT_BY_ALIGNMENT(.data*))
 .data.coyote_golpeado
                0x1fffe080      0x200 ./source/coyote.o
                0x1fffe080                coyote_golpeado
 .data.s_stopRamFuncArray
                0x1fffe280       0x18 ./drivers/fsl_smc.o
 .data.SystemCoreClock
                0x1fffe298        0x4 ./device/system_MKL43Z4.o
                0x1fffe298                SystemCoreClock
                0x1fffe29c                . = ALIGN (0x4)
                0x1fffe29c                _edata = .
                [!provide]                PROVIDE (__end_data_RAM = .)
                [!provide]                PROVIDE (__end_data_SRAM = .)

.igot.plt       0x1fffe29c        0x0 load address 0x000060cc
 .igot.plt      0x1fffe29c        0x0 ./startup/startup_mkl43z4.o

.bss            0x1fffe29c      0x53c
                0x1fffe29c                _bss = .
                [!provide]                PROVIDE (__start_bss_RAM = .)
                [!provide]                PROVIDE (__start_bss_SRAM = .)
 *(SORT_BY_ALIGNMENT(.bss*))
 .bss.timeDown1ms
                0x1fffe29c        0x4 ./source/ejemplo_clock.o
 .bss.estSW     0x1fffe2a0        0x2 ./source/key.o
 *fill*         0x1fffe2a2        0x2 
 .bss.eventSW   0x1fffe2a4        0x2 ./source/key.o
 *fill*         0x1fffe2a6        0x2 
 .bss.contador_interrupciones.0
                0x1fffe2a8        0x4 ./source/mma8451.o
 .bss.shadowFB  0x1fffe2ac      0x400 ./source/oled.o
 .bss.g_xtal0Freq
                0x1fffe6ac        0x4 ./drivers/fsl_clock.o
                0x1fffe6ac                g_xtal0Freq
 .bss.g_xtal32Freq
                0x1fffe6b0        0x4 ./drivers/fsl_clock.o
                0x1fffe6b0                g_xtal32Freq
 .bss.s_DMAHandle
                0x1fffe6b4       0x10 ./drivers/fsl_dma.o
 .bss.s_flexioHandle
                0x1fffe6c4        0x8 ./drivers/fsl_flexio.o
 .bss.s_flexioType
                0x1fffe6cc        0x8 ./drivers/fsl_flexio.o
 .bss.s_flexioIsr
                0x1fffe6d4        0x8 ./drivers/fsl_flexio.o
 .bss.s_i2cHandle
                0x1fffe6dc        0x8 ./drivers/fsl_i2c.o
 .bss.s_i2cMasterIsr
                0x1fffe6e4        0x4 ./drivers/fsl_i2c.o
 .bss.s_i2cSlaveIsr
                0x1fffe6e8        0x4 ./drivers/fsl_i2c.o
 .bss.s_lpuartHandle
                0x1fffe6ec        0x8 ./drivers/fsl_lpuart.o
 .bss.s_lpuartIsr
                0x1fffe6f4        0x4 ./drivers/fsl_lpuart.o
 .bss.g_savedPrimask
                0x1fffe6f8        0x4 ./drivers/fsl_smc.o
 .bss.s_spiHandle
                0x1fffe6fc        0x8 ./drivers/fsl_spi.o
 .bss.s_spiMasterIsr
                0x1fffe704        0x4 ./drivers/fsl_spi.o
 .bss.s_spiSlaveIsr
                0x1fffe708        0x4 ./drivers/fsl_spi.o
 .bss.g_spiDummyData
                0x1fffe70c        0x2 ./drivers/fsl_spi.o
                0x1fffe70c                g_spiDummyData
 *fill*         0x1fffe70e        0x2 
 .bss.__Ciob    0x1fffe710       0xb4 c:/nxp/mcuxpressoide_11.5.1_7266/ide/plugins/com.nxp.mcuxpresso.tools.win32_11.5.1.202201181444/tools/bin/../lib/gcc/arm-none-eabi/10.3.1/../../../../arm-none-eabi/lib/thumb/v6-m/nofp\libcr_semihost_nf.a(__ciob.o)
                0x1fffe710                __Ciob
 .bss.__end_of_heap
                0x1fffe7c4        0x4 c:/nxp/mcuxpressoide_11.5.1_7266/ide/plugins/com.nxp.mcuxpresso.tools.win32_11.5.1.202201181444/tools/bin/../lib/gcc/arm-none-eabi/10.3.1/../../../../arm-none-eabi/lib/thumb/v6-m/nofp\libcr_c.a(__init_alloc.o)
                0x1fffe7c4                __end_of_heap
 .bss.__heaps   0x1fffe7c8        0x4 c:/nxp/mcuxpressoide_11.5.1_7266/ide/plugins/com.nxp.mcuxpresso.tools.win32_11.5.1.202201181444/tools/bin/../lib/gcc/arm-none-eabi/10.3.1/../../../../arm-none-eabi/lib/thumb/v6-m/nofp\libcr_c.a(__init_alloc.o)
                0x1fffe7c8                __heaps
 .bss.errno     0x1fffe7cc        0x4 c:/nxp/mcuxpressoide_11.5.1_7266/ide/plugins/com.nxp.mcuxpresso.tools.win32_11.5.1.202201181444/tools/bin/../lib/gcc/arm-none-eabi/10.3.1/../../../../arm-none-eabi/lib/thumb/v6-m/nofp\libcr_c.a(errno.o)
                0x1fffe7cc                errno
 .bss.readX     0x1fffe7d0        0x2 ./source/mma8451.o
 .bss.readY     0x1fffe7d2        0x2 ./source/mma8451.o
 .bss.readZ     0x1fffe7d4        0x2 ./source/mma8451.o
 .bss.estMef    0x1fffe7d6        0x1 ./source/mef.o
 *(SORT_BY_ALIGNMENT(COMMON))
                0x1fffe7d8                . = ALIGN (0x4)
 *fill*         0x1fffe7d7        0x1 
                0x1fffe7d8                _ebss = .
                [!provide]                PROVIDE (__end_bss_RAM = .)
                [!provide]                PROVIDE (__end_bss_SRAM = .)
                [!provide]                PROVIDE (end = .)

.noinit         0x1fffe7d8        0x0
                0x1fffe7d8                _noinit = .
                [!provide]                PROVIDE (__start_noinit_RAM = .)
                [!provide]                PROVIDE (__start_noinit_SRAM = .)
 *(SORT_BY_ALIGNMENT(.noinit*))
                0x1fffe7d8                . = ALIGN (0x4)
                0x1fffe7d8                _end_noinit = .
                [!provide]                PROVIDE (__end_noinit_RAM = .)
                [!provide]                PROVIDE (__end_noinit_SRAM = .)

.ARM.extab
 *(SORT_BY_ALIGNMENT(.ARM.extab*) SORT_BY_ALIGNMENT(.gnu.linkonce.armextab.*))

.ARM.exidx      0x000060cc        0x0
                0x000060cc                __exidx_start = .
 *(SORT_BY_ALIGNMENT(.ARM.exidx*) SORT_BY_ALIGNMENT(.gnu.linkonce.armexidx.*))
                0x000060cc                __exidx_end = .
                0x00000800                _HeapSize = 0x800

.heap           0x1fffe7d8      0x800
                0x1fffe7d8                _pvHeapStart = .
                0x1fffefd8                . = (. + _HeapSize)
 *fill*         0x1fffe7d8      0x800 
                0x1fffefd8                . = ALIGN (0x4)
                0x1fffefd8                _pvHeapLimit = .
                0x00000800                _StackSize = 0x800

.heap2stackfill
                0x1fffefd8      0x800
                0x1ffff7d8                . = (. + _StackSize)
 *fill*         0x1fffefd8      0x800 

.stack          0x20005800        0x0
                0x20005800                _vStackBase = .
                0x20005800                . = ALIGN (0x4)
                0x20006000                _vStackTop = (. + _StackSize)
                0x00000000                _image_start = LOADADDR (.text)
                0x000060cc                _image_end = (LOADADDR (.data) + SIZEOF (.data))
                0x000060cc                _image_size = (_image_end - _image_start)
OUTPUT(merge_definitivo.axf elf32-littlearm)
LOAD linker stubs

.debug_info     0x00000000     0xf6be
 .debug_info    0x00000000      0x4df ./startup/startup_mkl43z4.o
 .debug_info    0x000004df      0x7df ./source/SD2_I2C.o
 .debug_info    0x00000cbe      0xf42 ./source/SD2_board.o
 .debug_info    0x00001c00       0x88 ./source/coyote.o
 .debug_info    0x00001c88      0x29c ./source/display_utils.o
 .debug_info    0x00001f24      0x9ed ./source/ejemplo_clock.o
 .debug_info    0x00002911       0x62 ./source/font5x7.o
 .debug_info    0x00002973      0x197 ./source/key.o
 .debug_info    0x00002b0a      0x3b5 ./source/mef.o
 .debug_info    0x00002ebf     0x13a2 ./source/mma8451.o
 .debug_info    0x00004261       0x53 ./source/mtb.o
 .debug_info    0x000042b4      0x84d ./source/oled.o
 .debug_info    0x00004b01      0x720 ./source/power_mode_switch.o
 .debug_info    0x00005221       0x3c ./source/semihost_hardfault.o
 .debug_info    0x0000525d     0x1308 ./drivers/fsl_clock.o
 .debug_info    0x00006565     0x1020 ./drivers/fsl_dma.o
 .debug_info    0x00007585     0x112a ./drivers/fsl_flexio.o
 .debug_info    0x000086af      0x868 ./drivers/fsl_gpio.o
 .debug_info    0x00008f17     0x1c4f ./drivers/fsl_i2c.o
 .debug_info    0x0000ab66     0x1780 ./drivers/fsl_lpuart.o
 .debug_info    0x0000c2e6      0x9aa ./drivers/fsl_smc.o
 .debug_info    0x0000cc90     0x17f3 ./drivers/fsl_spi.o
 .debug_info    0x0000e483      0x45d ./device/system_MKL43Z4.o
 .debug_info    0x0000e8e0      0x450 ./board/board.o
 .debug_info    0x0000ed30      0x98e ./board/clock_config.o

.debug_abbrev   0x00000000     0x2da6
 .debug_abbrev  0x00000000      0x1b8 ./startup/startup_mkl43z4.o
 .debug_abbrev  0x000001b8      0x1ff ./source/SD2_I2C.o
 .debug_abbrev  0x000003b7      0x286 ./source/SD2_board.o
 .debug_abbrev  0x0000063d       0x59 ./source/coyote.o
 .debug_abbrev  0x00000696      0x128 ./source/display_utils.o
 .debug_abbrev  0x000007be      0x1e7 ./source/ejemplo_clock.o
 .debug_abbrev  0x000009a5       0x4a ./source/font5x7.o
 .debug_abbrev  0x000009ef       0xf1 ./source/key.o
 .debug_abbrev  0x00000ae0       0xc3 ./source/mef.o
 .debug_abbrev  0x00000ba3      0x2ce ./source/mma8451.o
 .debug_abbrev  0x00000e71       0x46 ./source/mtb.o
 .debug_abbrev  0x00000eb7      0x1a5 ./source/oled.o
 .debug_abbrev  0x0000105c      0x1c4 ./source/power_mode_switch.o
 .debug_abbrev  0x00001220       0x31 ./source/semihost_hardfault.o
 .debug_abbrev  0x00001251      0x2b0 ./drivers/fsl_clock.o
 .debug_abbrev  0x00001501      0x2cf ./drivers/fsl_dma.o
 .debug_abbrev  0x000017d0      0x2b4 ./drivers/fsl_flexio.o
 .debug_abbrev  0x00001a84      0x20d ./drivers/fsl_gpio.o
 .debug_abbrev  0x00001c91      0x35a ./drivers/fsl_i2c.o
 .debug_abbrev  0x00001feb      0x2fe ./drivers/fsl_lpuart.o
 .debug_abbrev  0x000022e9      0x312 ./drivers/fsl_smc.o
 .debug_abbrev  0x000025fb      0x36e ./drivers/fsl_spi.o
 .debug_abbrev  0x00002969      0x148 ./device/system_MKL43Z4.o
 .debug_abbrev  0x00002ab1      0x159 ./board/board.o
 .debug_abbrev  0x00002c0a      0x19c ./board/clock_config.o

.debug_aranges  0x00000000      0xcb8
 .debug_aranges
                0x00000000      0x160 ./startup/startup_mkl43z4.o
 .debug_aranges
                0x00000160       0x50 ./source/SD2_I2C.o
 .debug_aranges
                0x000001b0       0x80 ./source/SD2_board.o
 .debug_aranges
                0x00000230       0x18 ./source/coyote.o
 .debug_aranges
                0x00000248       0x30 ./source/display_utils.o
 .debug_aranges
                0x00000278       0x48 ./source/ejemplo_clock.o
 .debug_aranges
                0x000002c0       0x18 ./source/font5x7.o
 .debug_aranges
                0x000002d8       0x30 ./source/key.o
 .debug_aranges
                0x00000308       0x28 ./source/mef.o
 .debug_aranges
                0x00000330       0x90 ./source/mma8451.o
 .debug_aranges
                0x000003c0       0x18 ./source/mtb.o
 .debug_aranges
                0x000003d8       0x98 ./source/oled.o
 .debug_aranges
                0x00000470       0x50 ./source/power_mode_switch.o
 .debug_aranges
                0x000004c0       0x20 ./source/semihost_hardfault.o
 .debug_aranges
                0x000004e0       0xd0 ./drivers/fsl_clock.o
 .debug_aranges
                0x000005b0       0xd0 ./drivers/fsl_dma.o
 .debug_aranges
                0x00000680       0xb8 ./drivers/fsl_flexio.o
 .debug_aranges
                0x00000738       0x68 ./drivers/fsl_gpio.o
 .debug_aranges
                0x000007a0      0x178 ./drivers/fsl_i2c.o
 .debug_aranges
                0x00000918      0x120 ./drivers/fsl_lpuart.o
 .debug_aranges
                0x00000a38       0x90 ./drivers/fsl_smc.o
 .debug_aranges
                0x00000ac8      0x148 ./drivers/fsl_spi.o
 .debug_aranges
                0x00000c10       0x30 ./device/system_MKL43Z4.o
 .debug_aranges
                0x00000c40       0x30 ./board/board.o
 .debug_aranges
                0x00000c70       0x48 ./board/clock_config.o

.debug_ranges   0x00000000      0xb10
 .debug_ranges  0x00000000      0x150 ./startup/startup_mkl43z4.o
 .debug_ranges  0x00000150       0x40 ./source/SD2_I2C.o
 .debug_ranges  0x00000190       0x70 ./source/SD2_board.o
 .debug_ranges  0x00000200       0x20 ./source/display_utils.o
 .debug_ranges  0x00000220       0x38 ./source/ejemplo_clock.o
 .debug_ranges  0x00000258       0x20 ./source/key.o
 .debug_ranges  0x00000278       0x18 ./source/mef.o
 .debug_ranges  0x00000290       0x80 ./source/mma8451.o
 .debug_ranges  0x00000310       0x88 ./source/oled.o
 .debug_ranges  0x00000398       0x40 ./source/power_mode_switch.o
 .debug_ranges  0x000003d8       0x10 ./source/semihost_hardfault.o
 .debug_ranges  0x000003e8       0xc0 ./drivers/fsl_clock.o
 .debug_ranges  0x000004a8       0xc0 ./drivers/fsl_dma.o
 .debug_ranges  0x00000568       0xa8 ./drivers/fsl_flexio.o
 .debug_ranges  0x00000610       0x58 ./drivers/fsl_gpio.o
 .debug_ranges  0x00000668      0x168 ./drivers/fsl_i2c.o
 .debug_ranges  0x000007d0      0x110 ./drivers/fsl_lpuart.o
 .debug_ranges  0x000008e0       0x80 ./drivers/fsl_smc.o
 .debug_ranges  0x00000960      0x138 ./drivers/fsl_spi.o
 .debug_ranges  0x00000a98       0x20 ./device/system_MKL43Z4.o
 .debug_ranges  0x00000ab8       0x20 ./board/board.o
 .debug_ranges  0x00000ad8       0x38 ./board/clock_config.o

.debug_macro    0x00000000     0x2570
 .debug_macro   0x00000000       0x29 ./startup/startup_mkl43z4.o
 .debug_macro   0x00000029      0x168 ./source/SD2_I2C.o
 .debug_macro   0x00000191       0x10 ./source/SD2_I2C.o
 .debug_macro   0x000001a1       0x22 ./source/SD2_I2C.o
 .debug_macro   0x000001c3       0x10 ./source/SD2_I2C.o
 .debug_macro   0x000001d3       0x22 ./source/SD2_I2C.o
 .debug_macro   0x000001f5       0x16 ./source/SD2_I2C.o
 .debug_macro   0x0000020b      0x193 ./source/SD2_I2C.o
 .debug_macro   0x0000039e      0x141 ./source/SD2_board.o
 .debug_macro   0x000004df       0x1c ./source/SD2_board.o
 .debug_macro   0x000004fb       0x24 ./source/coyote.o
 .debug_macro   0x0000051f      0x696 ./source/coyote.o
 .debug_macro   0x00000bb5      0x15d ./source/display_utils.o
 .debug_macro   0x00000d12       0x16 ./source/display_utils.o
 .debug_macro   0x00000d28       0xd8 ./source/display_utils.o
 .debug_macro   0x00000e00       0x2e ./source/display_utils.o
 .debug_macro   0x00000e2e      0x1d0 ./source/ejemplo_clock.o
 .debug_macro   0x00000ffe       0x10 ./source/ejemplo_clock.o
 .debug_macro   0x0000100e      0x1b5 ./source/ejemplo_clock.o
 .debug_macro   0x000011c3       0x10 ./source/ejemplo_clock.o
 .debug_macro   0x000011d3       0x1a ./source/font5x7.o
 .debug_macro   0x000011ed       0xa2 ./source/key.o
 .debug_macro   0x0000128f      0x162 ./source/mef.o
 .debug_macro   0x000013f1       0x16 ./source/mef.o
 .debug_macro   0x00001407      0x1c4 ./source/mma8451.o
 .debug_macro   0x000015cb       0x1c ./source/mma8451.o
 .debug_macro   0x000015e7       0x16 ./source/mma8451.o
 .debug_macro   0x000015fd       0x2f ./source/mtb.o
 .debug_macro   0x0000162c       0x82 ./source/mtb.o
 .debug_macro   0x000016ae       0x10 ./source/mtb.o
 .debug_macro   0x000016be       0xef ./source/oled.o
 .debug_macro   0x000017ad       0x10 ./source/oled.o
 .debug_macro   0x000017bd      0x1a2 ./source/power_mode_switch.o
 .debug_macro   0x0000195f       0x1c ./source/power_mode_switch.o
 .debug_macro   0x0000197b       0x16 ./source/power_mode_switch.o
 .debug_macro   0x00001991       0x16 ./source/power_mode_switch.o
 .debug_macro   0x000019a7       0x11 ./source/semihost_hardfault.o
 .debug_macro   0x000019b8      0x12f ./drivers/fsl_clock.o
 .debug_macro   0x00001ae7      0x103 ./drivers/fsl_dma.o
 .debug_macro   0x00001bea      0x108 ./drivers/fsl_flexio.o
 .debug_macro   0x00001cf2       0x1c ./drivers/fsl_flexio.o
 .debug_macro   0x00001d0e      0x102 ./drivers/fsl_gpio.o
 .debug_macro   0x00001e10       0x10 ./drivers/fsl_gpio.o
 .debug_macro   0x00001e20      0x102 ./drivers/fsl_i2c.o
 .debug_macro   0x00001f22      0x102 ./drivers/fsl_lpuart.o
 .debug_macro   0x00002024       0x10 ./drivers/fsl_lpuart.o
 .debug_macro   0x00002034      0x103 ./drivers/fsl_smc.o
 .debug_macro   0x00002137      0x102 ./drivers/fsl_spi.o
 .debug_macro   0x00002239       0x16 ./drivers/fsl_spi.o
 .debug_macro   0x0000224f       0x97 ./device/system_MKL43Z4.o
 .debug_macro   0x000022e6      0x168 ./board/board.o
 .debug_macro   0x0000244e      0x122 ./board/clock_config.o

.debug_line     0x00000000     0x9e9d
 .debug_line    0x00000000      0x1eb ./startup/startup_mkl43z4.o
 .debug_line    0x000001eb      0x5c4 ./source/SD2_I2C.o
 .debug_line    0x000007af      0x69d ./source/SD2_board.o
 .debug_line    0x00000e4c       0x4f ./source/coyote.o
 .debug_line    0x00000e9b      0x627 ./source/display_utils.o
 .debug_line    0x000014c2      0x756 ./source/ejemplo_clock.o
 .debug_line    0x00001c18       0x44 ./source/font5x7.o
 .debug_line    0x00001c5c      0x352 ./source/key.o
 .debug_line    0x00001fae      0x5ad ./source/mef.o
 .debug_line    0x0000255b      0x855 ./source/mma8451.o
 .debug_line    0x00002db0       0xd1 ./source/mtb.o
 .debug_line    0x00002e81      0x7fa ./source/oled.o
 .debug_line    0x0000367b      0x742 ./source/power_mode_switch.o
 .debug_line    0x00003dbd       0x59 ./source/semihost_hardfault.o
 .debug_line    0x00003e16      0x86c ./drivers/fsl_clock.o
 .debug_line    0x00004682      0x7a9 ./drivers/fsl_dma.o
 .debug_line    0x00004e2b      0x735 ./drivers/fsl_flexio.o
 .debug_line    0x00005560      0x4f6 ./drivers/fsl_gpio.o
 .debug_line    0x00005a56     0x1413 ./drivers/fsl_i2c.o
 .debug_line    0x00006e69      0xe6f ./drivers/fsl_lpuart.o
 .debug_line    0x00007cd8      0x5f4 ./drivers/fsl_smc.o
 .debug_line    0x000082cc      0xf72 ./drivers/fsl_spi.o
 .debug_line    0x0000923e      0x2f1 ./device/system_MKL43Z4.o
 .debug_line    0x0000952f      0x546 ./board/board.o
 .debug_line    0x00009a75      0x428 ./board/clock_config.o

.debug_str      0x00000000    0x58deb
 .debug_str     0x00000000     0x308e ./startup/startup_mkl43z4.o
                               0x30fe (size before relaxing)
 .debug_str     0x0000308e    0x4c7cc ./source/SD2_I2C.o
                              0x4f6f1 (size before relaxing)
 .debug_str     0x0004f85a      0xee2 ./source/SD2_board.o
                              0x5039c (size before relaxing)
 .debug_str     0x0005073c      0xe4e ./source/coyote.o
                               0x3b36 (size before relaxing)
 .debug_str     0x0005158a      0xa1e ./source/display_utils.o
                              0x4f16c (size before relaxing)
 .debug_str     0x00051fa8     0x10a3 ./source/ejemplo_clock.o
                              0x50c88 (size before relaxing)
 .debug_str     0x0005304b       0x1c ./source/font5x7.o
                               0x3b14 (size before relaxing)
 .debug_str     0x00053067       0x83 ./source/key.o
                              0x470b9 (size before relaxing)
 .debug_str     0x000530ea       0x3f ./source/mef.o
                              0x4f8ca (size before relaxing)
 .debug_str     0x00053129      0x7c6 ./source/mma8451.o
                              0x50820 (size before relaxing)
 .debug_str     0x000538ef      0x532 ./source/mtb.o
                               0x3211 (size before relaxing)
 .debug_str     0x00053e21      0x326 ./source/oled.o
                              0x4740d (size before relaxing)
 .debug_str     0x00054147      0x585 ./source/power_mode_switch.o
                              0x508ad (size before relaxing)
 .debug_str     0x000546cc       0x1f ./source/semihost_hardfault.o
                               0x2cfe (size before relaxing)
 .debug_str     0x000546eb      0x856 ./drivers/fsl_clock.o
                              0x4fe61 (size before relaxing)
 .debug_str     0x00054f41      0x776 ./drivers/fsl_dma.o
                              0x4fb82 (size before relaxing)
 .debug_str     0x000556b7     0x133a ./drivers/fsl_flexio.o
                              0x5059d (size before relaxing)
 .debug_str     0x000569f1       0xe1 ./drivers/fsl_gpio.o
                              0x4f1c1 (size before relaxing)
 .debug_str     0x00056ad2      0x956 ./drivers/fsl_i2c.o
                              0x50124 (size before relaxing)
 .debug_str     0x00057428      0xd62 ./drivers/fsl_lpuart.o
                              0x5024e (size before relaxing)
 .debug_str     0x0005818a      0x2be ./drivers/fsl_smc.o
                              0x4f429 (size before relaxing)
 .debug_str     0x00058448      0x6ea ./drivers/fsl_spi.o
                              0x4ffa1 (size before relaxing)
 .debug_str     0x00058b32       0x7c ./device/system_MKL43Z4.o
                              0x4da46 (size before relaxing)
 .debug_str     0x00058bae       0xda ./board/board.o
                              0x4fecb (size before relaxing)
 .debug_str     0x00058c88      0x163 ./board/clock_config.o
                              0x4f6f3 (size before relaxing)

.comment        0x00000000       0x49
 .comment       0x00000000       0x49 ./startup/startup_mkl43z4.o
                                 0x4a (size before relaxing)
 .comment       0x00000049       0x4a ./source/SD2_I2C.o
 .comment       0x00000049       0x4a ./source/SD2_board.o
 .comment       0x00000049       0x4a ./source/coyote.o
 .comment       0x00000049       0x4a ./source/display_utils.o
 .comment       0x00000049       0x4a ./source/ejemplo_clock.o
 .comment       0x00000049       0x4a ./source/font5x7.o
 .comment       0x00000049       0x4a ./source/key.o
 .comment       0x00000049       0x4a ./source/mef.o
 .comment       0x00000049       0x4a ./source/mma8451.o
 .comment       0x00000049       0x4a ./source/mtb.o
 .comment       0x00000049       0x4a ./source/oled.o
 .comment       0x00000049       0x4a ./source/power_mode_switch.o
 .comment       0x00000049       0x4a ./source/semihost_hardfault.o
 .comment       0x00000049       0x4a ./drivers/fsl_clock.o
 .comment       0x00000049       0x4a ./drivers/fsl_dma.o
 .comment       0x00000049       0x4a ./drivers/fsl_flexio.o
 .comment       0x00000049       0x4a ./drivers/fsl_gpio.o
 .comment       0x00000049       0x4a ./drivers/fsl_i2c.o
 .comment       0x00000049       0x4a ./drivers/fsl_lpuart.o
 .comment       0x00000049       0x4a ./drivers/fsl_smc.o
 .comment       0x00000049       0x4a ./drivers/fsl_spi.o
 .comment       0x00000049       0x4a ./device/system_MKL43Z4.o
 .comment       0x00000049       0x4a ./board/board.o
 .comment       0x00000049       0x4a ./board/clock_config.o
 .comment       0x00000049       0x4a c:/nxp/mcuxpressoide_11.5.1_7266/ide/plugins/com.nxp.mcuxpresso.tools.win32_11.5.1.202201181444/tools/bin/../lib/gcc/arm-none-eabi/10.3.1/../../../../arm-none-eabi/lib/thumb/v6-m/nofp\libcr_semihost_nf.a(_cr__main.o)
 .comment       0x00000049       0x4a c:/nxp/mcuxpressoide_11.5.1_7266/ide/plugins/com.nxp.mcuxpresso.tools.win32_11.5.1.202201181444/tools/bin/../lib/gcc/arm-none-eabi/10.3.1/../../../../arm-none-eabi/lib/thumb/v6-m/nofp\libcr_semihost_nf.a(_cr_assert.o)
 .comment       0x00000049       0x4a c:/nxp/mcuxpressoide_11.5.1_7266/ide/plugins/com.nxp.mcuxpresso.tools.win32_11.5.1.202201181444/tools/bin/../lib/gcc/arm-none-eabi/10.3.1/../../../../arm-none-eabi/lib/thumb/v6-m/nofp\libcr_semihost_nf.a(__ciob.o)
 .comment       0x00000049       0x4a c:/nxp/mcuxpressoide_11.5.1_7266/ide/plugins/com.nxp.mcuxpresso.tools.win32_11.5.1.202201181444/tools/bin/../lib/gcc/arm-none-eabi/10.3.1/../../../../arm-none-eabi/lib/thumb/v6-m/nofp\libcr_c.a(memset.o)
 .comment       0x00000049       0x4a c:/nxp/mcuxpressoide_11.5.1_7266/ide/plugins/com.nxp.mcuxpresso.tools.win32_11.5.1.202201181444/tools/bin/../lib/gcc/arm-none-eabi/10.3.1/../../../../arm-none-eabi/lib/thumb/v6-m/nofp\libcr_c.a(_deferredlazyseek.o)
 .comment       0x00000049       0x4a c:/nxp/mcuxpressoide_11.5.1_7266/ide/plugins/com.nxp.mcuxpresso.tools.win32_11.5.1.202201181444/tools/bin/../lib/gcc/arm-none-eabi/10.3.1/../../../../arm-none-eabi/lib/thumb/v6-m/nofp\libcr_c.a(_fflush.o)
 .comment       0x00000049       0x4a c:/nxp/mcuxpressoide_11.5.1_7266/ide/plugins/com.nxp.mcuxpresso.tools.win32_11.5.1.202201181444/tools/bin/../lib/gcc/arm-none-eabi/10.3.1/../../../../arm-none-eabi/lib/thumb/v6-m/nofp\libcr_c.a(_writebuf.o)
 .comment       0x00000049       0x4a c:/nxp/mcuxpressoide_11.5.1_7266/ide/plugins/com.nxp.mcuxpresso.tools.win32_11.5.1.202201181444/tools/bin/../lib/gcc/arm-none-eabi/10.3.1/../../../../arm-none-eabi/lib/thumb/v6-m/nofp\libcr_c.a(alloc.o)
 .comment       0x00000049       0x4a c:/nxp/mcuxpressoide_11.5.1_7266/ide/plugins/com.nxp.mcuxpresso.tools.win32_11.5.1.202201181444/tools/bin/../lib/gcc/arm-none-eabi/10.3.1/../../../../arm-none-eabi/lib/thumb/v6-m/nofp\libcr_c.a(fputs.o)
 .comment       0x00000049       0x4a c:/nxp/mcuxpressoide_11.5.1_7266/ide/plugins/com.nxp.mcuxpresso.tools.win32_11.5.1.202201181444/tools/bin/../lib/gcc/arm-none-eabi/10.3.1/../../../../arm-none-eabi/lib/thumb/v6-m/nofp\libcr_c.a(fseek.o)
 .comment       0x00000049       0x4a c:/nxp/mcuxpressoide_11.5.1_7266/ide/plugins/com.nxp.mcuxpresso.tools.win32_11.5.1.202201181444/tools/bin/../lib/gcc/arm-none-eabi/10.3.1/../../../../arm-none-eabi/lib/thumb/v6-m/nofp\libcr_c.a(ftell.o)
 .comment       0x00000049       0x4a c:/nxp/mcuxpressoide_11.5.1_7266/ide/plugins/com.nxp.mcuxpresso.tools.win32_11.5.1.202201181444/tools/bin/../lib/gcc/arm-none-eabi/10.3.1/../../../../arm-none-eabi/lib/thumb/v6-m/nofp\libcr_c.a(initio.o)
 .comment       0x00000049       0x4a c:/nxp/mcuxpressoide_11.5.1_7266/ide/plugins/com.nxp.mcuxpresso.tools.win32_11.5.1.202201181444/tools/bin/../lib/gcc/arm-none-eabi/10.3.1/../../../../arm-none-eabi/lib/thumb/v6-m/nofp\libcr_c.a(printf.o)
 .comment       0x00000049       0x4a c:/nxp/mcuxpressoide_11.5.1_7266/ide/plugins/com.nxp.mcuxpresso.tools.win32_11.5.1.202201181444/tools/bin/../lib/gcc/arm-none-eabi/10.3.1/../../../../arm-none-eabi/lib/thumb/v6-m/nofp\libcr_c.a(setvbuf.o)
 .comment       0x00000049       0x4a c:/nxp/mcuxpressoide_11.5.1_7266/ide/plugins/com.nxp.mcuxpresso.tools.win32_11.5.1.202201181444/tools/bin/../lib/gcc/arm-none-eabi/10.3.1/../../../../arm-none-eabi/lib/thumb/v6-m/nofp\libcr_c.a(strlen.o)
 .comment       0x00000049       0x4a c:/nxp/mcuxpressoide_11.5.1_7266/ide/plugins/com.nxp.mcuxpresso.tools.win32_11.5.1.202201181444/tools/bin/../lib/gcc/arm-none-eabi/10.3.1/../../../../arm-none-eabi/lib/thumb/v6-m/nofp\libcr_c.a(__init_alloc.o)
 .comment       0x00000049       0x4a c:/nxp/mcuxpressoide_11.5.1_7266/ide/plugins/com.nxp.mcuxpresso.tools.win32_11.5.1.202201181444/tools/bin/../lib/gcc/arm-none-eabi/10.3.1/../../../../arm-none-eabi/lib/thumb/v6-m/nofp\libcr_c.a(_cr_sbrk.o)
 .comment       0x00000049       0x4a c:/nxp/mcuxpressoide_11.5.1_7266/ide/plugins/com.nxp.mcuxpresso.tools.win32_11.5.1.202201181444/tools/bin/../lib/gcc/arm-none-eabi/10.3.1/../../../../arm-none-eabi/lib/thumb/v6-m/nofp\libcr_c.a(_fdopen.o)
 .comment       0x00000049       0x4a c:/nxp/mcuxpressoide_11.5.1_7266/ide/plugins/com.nxp.mcuxpresso.tools.win32_11.5.1.202201181444/tools/bin/../lib/gcc/arm-none-eabi/10.3.1/../../../../arm-none-eabi/lib/thumb/v6-m/nofp\libcr_c.a(errno.o)
 .comment       0x00000049       0x4a c:/nxp/mcuxpressoide_11.5.1_7266/ide/plugins/com.nxp.mcuxpresso.tools.win32_11.5.1.202201181444/tools/bin/../lib/gcc/arm-none-eabi/10.3.1/../../../../arm-none-eabi/lib/thumb/v6-m/nofp\libcr_c.a(fclose.o)
 .comment       0x00000049       0x4a c:/nxp/mcuxpressoide_11.5.1_7266/ide/plugins/com.nxp.mcuxpresso.tools.win32_11.5.1.202201181444/tools/bin/../lib/gcc/arm-none-eabi/10.3.1/../../../../arm-none-eabi/lib/thumb/v6-m/nofp\libcr_c.a(fflush.o)
 .comment       0x00000049       0x4a c:/nxp/mcuxpressoide_11.5.1_7266/ide/plugins/com.nxp.mcuxpresso.tools.win32_11.5.1.202201181444/tools/bin/../lib/gcc/arm-none-eabi/10.3.1/../../../../arm-none-eabi/lib/thumb/v6-m/nofp\libcr_c.a(remove.o)
 .comment       0x00000049       0x4a c:/nxp/mcuxpressoide_11.5.1_7266/ide/plugins/com.nxp.mcuxpresso.tools.win32_11.5.1.202201181444/tools/bin/../lib/gcc/arm-none-eabi/10.3.1/../../../../arm-none-eabi/lib/thumb/v6-m/nofp\libcr_c.a(_cr_check_heap.o)
 .comment       0x00000049       0x4a c:/nxp/mcuxpressoide_11.5.1_7266/ide/plugins/com.nxp.mcuxpresso.tools.win32_11.5.1.202201181444/tools/bin/../lib/gcc/arm-none-eabi/10.3.1/../../../../arm-none-eabi/lib/thumb/v6-m/nofp\libcr_c.a(_do_fflush.o)

.ARM.attributes
                0x00000000       0x2a
 .ARM.attributes
                0x00000000       0x2c ./startup/startup_mkl43z4.o
 .ARM.attributes
                0x0000002c       0x2c ./source/SD2_I2C.o
 .ARM.attributes
                0x00000058       0x2c ./source/SD2_board.o
 .ARM.attributes
                0x00000084       0x32 ./source/coyote.o
 .ARM.attributes
                0x000000b6       0x2c ./source/display_utils.o
 .ARM.attributes
                0x000000e2       0x2c ./source/ejemplo_clock.o
 .ARM.attributes
                0x0000010e       0x32 ./source/font5x7.o
 .ARM.attributes
                0x00000140       0x2c ./source/key.o
 .ARM.attributes
                0x0000016c       0x2c ./source/mef.o
 .ARM.attributes
                0x00000198       0x2c ./source/mma8451.o
 .ARM.attributes
                0x000001c4       0x32 ./source/mtb.o
 .ARM.attributes
                0x000001f6       0x2c ./source/oled.o
 .ARM.attributes
                0x00000222       0x2c ./source/power_mode_switch.o
 .ARM.attributes
                0x0000024e       0x2c ./source/semihost_hardfault.o
 .ARM.attributes
                0x0000027a       0x2c ./drivers/fsl_clock.o
 .ARM.attributes
                0x000002a6       0x2c ./drivers/fsl_dma.o
 .ARM.attributes
                0x000002d2       0x2c ./drivers/fsl_flexio.o
 .ARM.attributes
                0x000002fe       0x2c ./drivers/fsl_gpio.o
 .ARM.attributes
                0x0000032a       0x2c ./drivers/fsl_i2c.o
 .ARM.attributes
                0x00000356       0x2c ./drivers/fsl_lpuart.o
 .ARM.attributes
                0x00000382       0x2c ./drivers/fsl_smc.o
 .ARM.attributes
                0x000003ae       0x2c ./drivers/fsl_spi.o
 .ARM.attributes
                0x000003da       0x2c ./device/system_MKL43Z4.o
 .ARM.attributes
                0x00000406       0x2c ./board/board.o
 .ARM.attributes
                0x00000432       0x2c ./board/clock_config.o
 .ARM.attributes
                0x0000045e       0x2c c:/nxp/mcuxpressoide_11.5.1_7266/ide/plugins/com.nxp.mcuxpresso.tools.win32_11.5.1.202201181444/tools/bin/../lib/gcc/arm-none-eabi/10.3.1/../../../../arm-none-eabi/lib/thumb/v6-m/nofp\libcr_semihost_nf.a(_cr__main.o)
 .ARM.attributes
                0x0000048a       0x2c c:/nxp/mcuxpressoide_11.5.1_7266/ide/plugins/com.nxp.mcuxpresso.tools.win32_11.5.1.202201181444/tools/bin/../lib/gcc/arm-none-eabi/10.3.1/../../../../arm-none-eabi/lib/thumb/v6-m/nofp\libcr_semihost_nf.a(_cr_assert.o)
 .ARM.attributes
                0x000004b6       0x31 c:/nxp/mcuxpressoide_11.5.1_7266/ide/plugins/com.nxp.mcuxpresso.tools.win32_11.5.1.202201181444/tools/bin/../lib/gcc/arm-none-eabi/10.3.1/../../../../arm-none-eabi/lib/thumb/v6-m/nofp\libcr_semihost_nf.a(__ciob.o)
 .ARM.attributes
                0x000004e7       0x1c c:/nxp/mcuxpressoide_11.5.1_7266/ide/plugins/com.nxp.mcuxpresso.tools.win32_11.5.1.202201181444/tools/bin/../lib/gcc/arm-none-eabi/10.3.1/../../../../arm-none-eabi/lib/thumb/v6-m/nofp\libcr_semihost_nf.a(__sys_appexit.o)
 .ARM.attributes
                0x00000503       0x2c c:/nxp/mcuxpressoide_11.5.1_7266/ide/plugins/com.nxp.mcuxpresso.tools.win32_11.5.1.202201181444/tools/bin/../lib/gcc/arm-none-eabi/10.3.1/../../../../arm-none-eabi/lib/thumb/v6-m/nofp\libcr_c.a(memset.o)
 .ARM.attributes
                0x0000052f       0x2c c:/nxp/mcuxpressoide_11.5.1_7266/ide/plugins/com.nxp.mcuxpresso.tools.win32_11.5.1.202201181444/tools/bin/../lib/gcc/arm-none-eabi/10.3.1/../../../../arm-none-eabi/lib/thumb/v6-m/nofp\libcr_c.a(_deferredlazyseek.o)
 .ARM.attributes
                0x0000055b       0x2c c:/nxp/mcuxpressoide_11.5.1_7266/ide/plugins/com.nxp.mcuxpresso.tools.win32_11.5.1.202201181444/tools/bin/../lib/gcc/arm-none-eabi/10.3.1/../../../../arm-none-eabi/lib/thumb/v6-m/nofp\libcr_c.a(_fflush.o)
 .ARM.attributes
                0x00000587       0x2c c:/nxp/mcuxpressoide_11.5.1_7266/ide/plugins/com.nxp.mcuxpresso.tools.win32_11.5.1.202201181444/tools/bin/../lib/gcc/arm-none-eabi/10.3.1/../../../../arm-none-eabi/lib/thumb/v6-m/nofp\libcr_c.a(_writebuf.o)
 .ARM.attributes
                0x000005b3       0x2c c:/nxp/mcuxpressoide_11.5.1_7266/ide/plugins/com.nxp.mcuxpresso.tools.win32_11.5.1.202201181444/tools/bin/../lib/gcc/arm-none-eabi/10.3.1/../../../../arm-none-eabi/lib/thumb/v6-m/nofp\libcr_c.a(alloc.o)
 .ARM.attributes
                0x000005df       0x2c c:/nxp/mcuxpressoide_11.5.1_7266/ide/plugins/com.nxp.mcuxpresso.tools.win32_11.5.1.202201181444/tools/bin/../lib/gcc/arm-none-eabi/10.3.1/../../../../arm-none-eabi/lib/thumb/v6-m/nofp\libcr_c.a(fputs.o)
 .ARM.attributes
                0x0000060b       0x2c c:/nxp/mcuxpressoide_11.5.1_7266/ide/plugins/com.nxp.mcuxpresso.tools.win32_11.5.1.202201181444/tools/bin/../lib/gcc/arm-none-eabi/10.3.1/../../../../arm-none-eabi/lib/thumb/v6-m/nofp\libcr_c.a(fseek.o)
 .ARM.attributes
                0x00000637       0x2c c:/nxp/mcuxpressoide_11.5.1_7266/ide/plugins/com.nxp.mcuxpresso.tools.win32_11.5.1.202201181444/tools/bin/../lib/gcc/arm-none-eabi/10.3.1/../../../../arm-none-eabi/lib/thumb/v6-m/nofp\libcr_c.a(ftell.o)
 .ARM.attributes
                0x00000663       0x2c c:/nxp/mcuxpressoide_11.5.1_7266/ide/plugins/com.nxp.mcuxpresso.tools.win32_11.5.1.202201181444/tools/bin/../lib/gcc/arm-none-eabi/10.3.1/../../../../arm-none-eabi/lib/thumb/v6-m/nofp\libcr_c.a(initio.o)
 .ARM.attributes
                0x0000068f       0x2c c:/nxp/mcuxpressoide_11.5.1_7266/ide/plugins/com.nxp.mcuxpresso.tools.win32_11.5.1.202201181444/tools/bin/../lib/gcc/arm-none-eabi/10.3.1/../../../../arm-none-eabi/lib/thumb/v6-m/nofp\libcr_c.a(printf.o)
 .ARM.attributes
                0x000006bb       0x2c c:/nxp/mcuxpressoide_11.5.1_7266/ide/plugins/com.nxp.mcuxpresso.tools.win32_11.5.1.202201181444/tools/bin/../lib/gcc/arm-none-eabi/10.3.1/../../../../arm-none-eabi/lib/thumb/v6-m/nofp\libcr_c.a(setvbuf.o)
 .ARM.attributes
                0x000006e7       0x2c c:/nxp/mcuxpressoide_11.5.1_7266/ide/plugins/com.nxp.mcuxpresso.tools.win32_11.5.1.202201181444/tools/bin/../lib/gcc/arm-none-eabi/10.3.1/../../../../arm-none-eabi/lib/thumb/v6-m/nofp\libcr_c.a(strlen.o)
 .ARM.attributes
                0x00000713       0x2c c:/nxp/mcuxpressoide_11.5.1_7266/ide/plugins/com.nxp.mcuxpresso.tools.win32_11.5.1.202201181444/tools/bin/../lib/gcc/arm-none-eabi/10.3.1/../../../../arm-none-eabi/lib/thumb/v6-m/nofp\libcr_c.a(__init_alloc.o)
 .ARM.attributes
                0x0000073f       0x2c c:/nxp/mcuxpressoide_11.5.1_7266/ide/plugins/com.nxp.mcuxpresso.tools.win32_11.5.1.202201181444/tools/bin/../lib/gcc/arm-none-eabi/10.3.1/../../../../arm-none-eabi/lib/thumb/v6-m/nofp\libcr_c.a(_cr_sbrk.o)
 .ARM.attributes
                0x0000076b       0x2c c:/nxp/mcuxpressoide_11.5.1_7266/ide/plugins/com.nxp.mcuxpresso.tools.win32_11.5.1.202201181444/tools/bin/../lib/gcc/arm-none-eabi/10.3.1/../../../../arm-none-eabi/lib/thumb/v6-m/nofp\libcr_c.a(_fdopen.o)
 .ARM.attributes
                0x00000797       0x31 c:/nxp/mcuxpressoide_11.5.1_7266/ide/plugins/com.nxp.mcuxpresso.tools.win32_11.5.1.202201181444/tools/bin/../lib/gcc/arm-none-eabi/10.3.1/../../../../arm-none-eabi/lib/thumb/v6-m/nofp\libcr_c.a(errno.o)
 .ARM.attributes
                0x000007c8       0x2c c:/nxp/mcuxpressoide_11.5.1_7266/ide/plugins/com.nxp.mcuxpresso.tools.win32_11.5.1.202201181444/tools/bin/../lib/gcc/arm-none-eabi/10.3.1/../../../../arm-none-eabi/lib/thumb/v6-m/nofp\libcr_c.a(fclose.o)
 .ARM.attributes
                0x000007f4       0x2c c:/nxp/mcuxpressoide_11.5.1_7266/ide/plugins/com.nxp.mcuxpresso.tools.win32_11.5.1.202201181444/tools/bin/../lib/gcc/arm-none-eabi/10.3.1/../../../../arm-none-eabi/lib/thumb/v6-m/nofp\libcr_c.a(fflush.o)
 .ARM.attributes
                0x00000820       0x2c c:/nxp/mcuxpressoide_11.5.1_7266/ide/plugins/com.nxp.mcuxpresso.tools.win32_11.5.1.202201181444/tools/bin/../lib/gcc/arm-none-eabi/10.3.1/../../../../arm-none-eabi/lib/thumb/v6-m/nofp\libcr_c.a(remove.o)
 .ARM.attributes
                0x0000084c       0x2c c:/nxp/mcuxpressoide_11.5.1_7266/ide/plugins/com.nxp.mcuxpresso.tools.win32_11.5.1.202201181444/tools/bin/../lib/gcc/arm-none-eabi/10.3.1/../../../../arm-none-eabi/lib/thumb/v6-m/nofp\libcr_c.a(_cr_check_heap.o)
 .ARM.attributes
                0x00000878       0x2c c:/nxp/mcuxpressoide_11.5.1_7266/ide/plugins/com.nxp.mcuxpresso.tools.win32_11.5.1.202201181444/tools/bin/../lib/gcc/arm-none-eabi/10.3.1/../../../../arm-none-eabi/lib/thumb/v6-m/nofp\libcr_c.a(_do_fflush.o)
 .ARM.attributes
                0x000008a4       0x1c c:/nxp/mcuxpressoide_11.5.1_7266/ide/plugins/com.nxp.mcuxpresso.tools.win32_11.5.1.202201181444/tools/bin/../lib/gcc/arm-none-eabi/10.3.1/thumb/v6-m/nofp\libcr_eabihelpers.a(division_32.o)
 .ARM.attributes
                0x000008c0       0x1c c:/nxp/mcuxpressoide_11.5.1_7266/ide/plugins/com.nxp.mcuxpresso.tools.win32_11.5.1.202201181444/tools/bin/../lib/gcc/arm-none-eabi/10.3.1/thumb/v6-m/nofp\libcr_eabihelpers.a(division_idiv0.o)
 .ARM.attributes
                0x000008dc       0x1c c:/nxp/mcuxpressoide_11.5.1_7266/ide/plugins/com.nxp.mcuxpresso.tools.win32_11.5.1.202201181444/tools/bin/../lib/gcc/arm-none-eabi/10.3.1/thumb/v6-m/nofp\libcr_eabihelpers.a(llong.o)
 .ARM.attributes
                0x000008f8       0x1c c:/nxp/mcuxpressoide_11.5.1_7266/ide/plugins/com.nxp.mcuxpresso.tools.win32_11.5.1.202201181444/tools/bin/../lib/gcc/arm-none-eabi/10.3.1/thumb/v6-m/nofp\libcr_eabihelpers.a(memcpy.o)
 .ARM.attributes
                0x00000914       0x1c c:/nxp/mcuxpressoide_11.5.1_7266/ide/plugins/com.nxp.mcuxpresso.tools.win32_11.5.1.202201181444/tools/bin/../lib/gcc/arm-none-eabi/10.3.1/thumb/v6-m/nofp\libcr_eabihelpers.a(thumb1_switch_helpers.o)
 .ARM.attributes
                0x00000930       0x1c c:/nxp/mcuxpressoide_11.5.1_7266/ide/plugins/com.nxp.mcuxpresso.tools.win32_11.5.1.202201181444/tools/bin/../lib/gcc/arm-none-eabi/10.3.1/../../../../arm-none-eabi/lib/thumb/v6-m/nofp\libcr_semihost_nf.a(__sys_close.o)
 .ARM.attributes
                0x0000094c       0x1c c:/nxp/mcuxpressoide_11.5.1_7266/ide/plugins/com.nxp.mcuxpresso.tools.win32_11.5.1.202201181444/tools/bin/../lib/gcc/arm-none-eabi/10.3.1/../../../../arm-none-eabi/lib/thumb/v6-m/nofp\libcr_semihost_nf.a(__sys_flen.o)
 .ARM.attributes
                0x00000968       0x1c c:/nxp/mcuxpressoide_11.5.1_7266/ide/plugins/com.nxp.mcuxpresso.tools.win32_11.5.1.202201181444/tools/bin/../lib/gcc/arm-none-eabi/10.3.1/../../../../arm-none-eabi/lib/thumb/v6-m/nofp\libcr_semihost_nf.a(__sys_istty.o)
 .ARM.attributes
                0x00000984       0x1c c:/nxp/mcuxpressoide_11.5.1_7266/ide/plugins/com.nxp.mcuxpresso.tools.win32_11.5.1.202201181444/tools/bin/../lib/gcc/arm-none-eabi/10.3.1/../../../../arm-none-eabi/lib/thumb/v6-m/nofp\libcr_semihost_nf.a(__sys_remove.o)
 .ARM.attributes
                0x000009a0       0x1c c:/nxp/mcuxpressoide_11.5.1_7266/ide/plugins/com.nxp.mcuxpresso.tools.win32_11.5.1.202201181444/tools/bin/../lib/gcc/arm-none-eabi/10.3.1/../../../../arm-none-eabi/lib/thumb/v6-m/nofp\libcr_semihost_nf.a(__sys_seek.o)
 .ARM.attributes
                0x000009bc       0x1c c:/nxp/mcuxpressoide_11.5.1_7266/ide/plugins/com.nxp.mcuxpresso.tools.win32_11.5.1.202201181444/tools/bin/../lib/gcc/arm-none-eabi/10.3.1/../../../../arm-none-eabi/lib/thumb/v6-m/nofp\libcr_semihost_nf.a(__sys_tmpnam.o)
 .ARM.attributes
                0x000009d8       0x1c c:/nxp/mcuxpressoide_11.5.1_7266/ide/plugins/com.nxp.mcuxpresso.tools.win32_11.5.1.202201181444/tools/bin/../lib/gcc/arm-none-eabi/10.3.1/../../../../arm-none-eabi/lib/thumb/v6-m/nofp\libcr_semihost_nf.a(__sys_write.o)

.debug_frame    0x00000000     0x28f0
 .debug_frame   0x00000000      0x3b0 ./startup/startup_mkl43z4.o
 .debug_frame   0x000003b0       0xf0 ./source/SD2_I2C.o
 .debug_frame   0x000004a0      0x1b0 ./source/SD2_board.o
 .debug_frame   0x00000650       0x74 ./source/display_utils.o
 .debug_frame   0x000006c4       0xcc ./source/ejemplo_clock.o
 .debug_frame   0x00000790       0x70 ./source/key.o
 .debug_frame   0x00000800       0x48 ./source/mef.o
 .debug_frame   0x00000848      0x1ec ./source/mma8451.o
 .debug_frame   0x00000a34      0x22c ./source/oled.o
 .debug_frame   0x00000c60       0xec ./source/power_mode_switch.o
 .debug_frame   0x00000d4c       0x20 ./source/semihost_hardfault.o
 .debug_frame   0x00000d6c      0x2e8 ./drivers/fsl_clock.o
 .debug_frame   0x00001054      0x2e0 ./drivers/fsl_dma.o
 .debug_frame   0x00001334      0x278 ./drivers/fsl_flexio.o
 .debug_frame   0x000015ac      0x150 ./drivers/fsl_gpio.o
 .debug_frame   0x000016fc      0x58c ./drivers/fsl_i2c.o
 .debug_frame   0x00001c88      0x428 ./drivers/fsl_lpuart.o
 .debug_frame   0x000020b0      0x1e0 ./drivers/fsl_smc.o
 .debug_frame   0x00002290      0x4c8 ./drivers/fsl_spi.o
 .debug_frame   0x00002758       0x68 ./device/system_MKL43Z4.o
 .debug_frame   0x000027c0       0x70 ./board/board.o
 .debug_frame   0x00002830       0xc0 ./board/clock_config.o

Cross Reference Table

Symbol                                            File
ADC0_DriverIRQHandler                             ./startup/startup_mkl43z4.o
ADC0_IRQHandler                                   ./startup/startup_mkl43z4.o
APP_CheckPowerMode                                ./source/power_mode_switch.o
APP_PowerModeSwitch                               ./source/power_mode_switch.o
                                                  ./source/ejemplo_clock.o
APP_SetClockRunFromVlpr                           ./source/power_mode_switch.o
APP_SetClockVlpr                                  ./source/power_mode_switch.o
APP_ShowPowerMode                                 ./source/power_mode_switch.o
                                                  ./source/ejemplo_clock.o
BOARD_BootClockRUN                                ./board/clock_config.o
BOARD_BootClockVLPR                               ./board/clock_config.o
BOARD_InitACCEL_I2CPins                           ./board/pin_mux.o
BOARD_InitBUTTONSPins                             ./board/pin_mux.o
BOARD_InitBootClocks                              ./board/clock_config.o
                                                  ./source/ejemplo_clock.o
BOARD_InitBootPeripherals                         ./board/peripherals.o
BOARD_InitBootPins                                ./board/pin_mux.o
BOARD_InitDEBUG_UARTPins                          ./board/pin_mux.o
BOARD_InitDebugConsole                            ./board/board.o
                                                  ./source/ejemplo_clock.o
BOARD_InitLCDPins                                 ./board/pin_mux.o
BOARD_InitLEDsPins                                ./board/pin_mux.o
BOARD_InitOSCPins                                 ./board/pin_mux.o
BOARD_InitPins                                    ./board/pin_mux.o
BOARD_InitUSBPins                                 ./board/pin_mux.o
CLOCK_DeinitOsc0                                  ./drivers/fsl_clock.o
CLOCK_EnableUsbfs0Clock                           ./drivers/fsl_clock.o
CLOCK_GetBusClkFreq                               ./drivers/fsl_clock.o
CLOCK_GetCoreSysClkFreq                           ./drivers/fsl_clock.o
CLOCK_GetEr32kClkFreq                             ./drivers/fsl_clock.o
CLOCK_GetFlashClkFreq                             ./drivers/fsl_clock.o
CLOCK_GetFreq                                     ./drivers/fsl_clock.o
                                                  ./board/board.o
                                                  ./source/ejemplo_clock.o
                                                  ./source/SD2_board.o
                                                  ./source/SD2_I2C.o
CLOCK_GetInternalRefClkFreq                       ./drivers/fsl_clock.o
CLOCK_GetMode                                     ./drivers/fsl_clock.o
CLOCK_GetOsc0ErClkFreq                            ./drivers/fsl_clock.o
CLOCK_GetOutClkFreq                               ./drivers/fsl_clock.o
CLOCK_GetPeriphClkFreq                            ./drivers/fsl_clock.o
CLOCK_GetPlatClkFreq                              ./drivers/fsl_clock.o
CLOCK_InitOsc0                                    ./drivers/fsl_clock.o
CLOCK_SetMcgliteConfig                            ./drivers/fsl_clock.o
                                                  ./board/clock_config.o
                                                  ./source/power_mode_switch.o
CLOCK_SetSimConfig                                ./drivers/fsl_clock.o
                                                  ./board/clock_config.o
                                                  ./source/power_mode_switch.o
CMP0_DriverIRQHandler                             ./startup/startup_mkl43z4.o
CMP0_IRQHandler                                   ./startup/startup_mkl43z4.o
DAC0_DriverIRQHandler                             ./startup/startup_mkl43z4.o
DAC0_IRQHandler                                   ./startup/startup_mkl43z4.o
DMA0_DriverIRQHandler                             ./drivers/fsl_dma.o
                                                  ./startup/startup_mkl43z4.o
DMA0_IRQHandler                                   ./startup/startup_mkl43z4.o
DMA1_DriverIRQHandler                             ./drivers/fsl_dma.o
                                                  ./startup/startup_mkl43z4.o
DMA1_IRQHandler                                   ./startup/startup_mkl43z4.o
DMA2_DriverIRQHandler                             ./drivers/fsl_dma.o
                                                  ./startup/startup_mkl43z4.o
DMA2_IRQHandler                                   ./startup/startup_mkl43z4.o
DMA3_DriverIRQHandler                             ./drivers/fsl_dma.o
                                                  ./startup/startup_mkl43z4.o
DMA3_IRQHandler                                   ./startup/startup_mkl43z4.o
DMAMUX_Deinit                                     ./drivers/fsl_dmamux.o
DMAMUX_Init                                       ./drivers/fsl_dmamux.o
DMA_AbortTransfer                                 ./drivers/fsl_dma.o
                                                  ./drivers/fsl_i2c_dma.o
                                                  ./drivers/fsl_flexio_spi_dma.o
DMA_CreateHandle                                  ./drivers/fsl_dma.o
DMA_Deinit                                        ./drivers/fsl_dma.o
DMA_HandleIRQ                                     ./drivers/fsl_dma.o
DMA_Init                                          ./drivers/fsl_dma.o
DMA_PrepareTransfer                               ./drivers/fsl_dma.o
DMA_ResetChannel                                  ./drivers/fsl_dma.o
DMA_SetCallback                                   ./drivers/fsl_dma.o
                                                  ./drivers/fsl_spi_dma.o
                                                  ./drivers/fsl_i2c_dma.o
                                                  ./drivers/fsl_flexio_spi_dma.o
DMA_SetChannelLinkConfig                          ./drivers/fsl_dma.o
DMA_SetModulo                                     ./drivers/fsl_dma.o
DMA_SetTransferConfig                             ./drivers/fsl_dma.o
DMA_SubmitTransfer                                ./drivers/fsl_dma.o
                                                  ./drivers/fsl_spi_dma.o
                                                  ./drivers/fsl_i2c_dma.o
                                                  ./drivers/fsl_flexio_spi_dma.o
DbgConsole_ReadCharacter                          ./utilities/fsl_debug_console.o
DbgConsole_ReadLine                               ./utilities/fsl_debug_console.o
DbgConsole_ReadOneCharacter                       ./utilities/fsl_debug_console.o
DbgConsole_SendData                               ./utilities/fsl_debug_console.o
DbgConsole_SendDataReliable                       ./utilities/fsl_debug_console.o
FGPIO_PinInit                                     ./drivers/fsl_gpio.o
FGPIO_PortClearInterruptFlags                     ./drivers/fsl_gpio.o
FGPIO_PortGetInterruptFlags                       ./drivers/fsl_gpio.o
FLEXIO0_DriverIRQHandler                          ./drivers/fsl_flexio.o
FLEXIO1_DriverIRQHandler                          ./drivers/fsl_flexio.o
FLEXIO2_DriverIRQHandler                          ./drivers/fsl_flexio.o
FLEXIO3_DriverIRQHandler                          ./drivers/fsl_flexio.o
FLEXIO_CommonIRQHandler                           ./drivers/fsl_flexio.o
FLEXIO_Deinit                                     ./drivers/fsl_flexio.o
FLEXIO_DriverIRQHandler                           ./drivers/fsl_flexio.o